evision: v3.1
[0;32mI (36) boot.esp32: SPI ï¿½ets Jul 29 2019 12:21:46[0m

rst:0x1 (POWERON_RESET),boot:0x13 (SPI_FAST_FLASH_BOOT)
configsip: 0, SPIWP:0xee
clk_drv:0x00,q_drv:0x00,d_drv:0x00,cs0_drv:0x00,hd_drv:0x00,wp_drv:0x00
mode:DIO, clock div:2
load:0x3fff0030,len:6596
load:0x40078000,len:18036
load:0x40080400,len:4
ho 8 tail 4 room 4
load:0x40080404,len:4284
entry 0x400806e8
[0;32mI (31) boot: ESP-IDF v5.4-dirty 2nd stage bootloader[0m
[0;32mI (31) boot: compile time Sep 30 2025 22:23:40[0m
[0;32mI (31) boot: Multicore bootloader[0m
[0;32mI (33) boot: chip revision: v3.1[0m
[0;32mI (36) boot.esp32: SPI Speed      : 40MHz[0m
[0;32mI (39) boot.esp32: SPI Mode       : DIO[0m
[0;32mI (43) boot.esp32: SPI Flash Size : 4MB[0m
[0;32mI (47) boot: Enabling RNG early entropy source...[0m
[0;32mI (51) boot: Partition Table:[0m
[0;32mI (54) boot: ## Label            Usage          Type ST Offset   Length[0m
[0;32mI (60) boot:  0 nvs              WiFi data        01 02 00011000 00006000[0m
[0;32mI (66) boot:  1 phy_init         RF data          01 01 00017000 00001000[0m
[0;32mI (73) boot:  2 factory          factory app      00 00 00020000 00177000[0m
[0;32mI (80) boot: End of partition table[0m
[0;32mI (83) esp_image: segment 0: paddr=00020020 vaddr=3f400020 size=0b4f0h ( 46320) map[0m
[0;32mI (107) esp_image: segment 1: paddr=0002b518 vaddr=3ff80000 size=0001ch (    28) load[0m
[0;32mI (107) esp_image: segment 2: paddr=0002b53c vaddr=3ffb0000 size=02414h (  9236) load[0m
[0;32mI (114) esp_image: segment 3: paddr=0002d958 vaddr=40080000 size=026c0h (  9920) load[0m
[0;32mI (122) esp_image: segment 4: paddr=00030020 vaddr=400d0020 size=1785ch ( 96348) map[0m
[0;32mI (159) esp_image: segment 5: paddr=00047884 vaddr=400826c0 size=0ba6ch ( 47724) load[0m
[0;32mI (187) boot: Loaded app from partition at offset 0x20000[0m
[0;32mI (187) boot: Disabling RNG early entropy source...[0m
[0;32mI (198) cpu_start: Multicore app[0m
[0;32mI (206) cpu_start: Pro cpu start user code[0m
[0;32mI (206) cpu_start: cpu freq: 240000000 Hz[0m
[0;32mI (206) app_init: Application information:[0m
[0;32mI (209) app_init: Project name:     oximetro-hr[0m
[0;32mI (214) app_init: App version:      1[0m
[0;32mI (219) app_init: Compile time:     Sep 30 2025 22:21:56[0m
[0;32mI (225) app_init: ELF file SHA256:  edcd83ea5...[0m
[0;32mI (230) app_init: ESP-IDF:          v5.4-dirty[0m
[0;32mI (235) efuse_init: Min chip rev:     v0.0[0m
[0;32mI (240) efuse_init: Max chip rev:     v3.99 [0m
[0;32mI (245) efuse_init: Chip rev:         v3.1[0m
[0;32mI (250) heap_init: Initializing. RAM available for dynamic allocation:[0m
[0;32mI (257) heap_init: At 3FFAE6E0 len 00001920 (6 KiB): DRAM[0m
[0;32mI (263) heap_init: At 3FFB3EA8 len 0002C158 (176 KiB): DRAM[0m
[0;32mI (269) heap_init: At 3FFE0440 len 00003AE0 (14 KiB): D/IRAM[0m
[0;32mI (275) heap_init: At 3FFE4350 len 0001BCB0 (111 KiB): D/IRAM[0m
[0;32mI (282) heap_init: At 4008E12C len 00011ED4 (71 KiB): IRAM[0m
[0;32mI (289) spi_flash: detected chip: generic[0m
[0;32mI (293) spi_flash: flash io: dio[0m
[0;33mW (297) i2c: This driver is an old driver, please migrate your application code to adapt `driver/i2c_master.h`[0m
[0;32mI (308) main_task: Started on CPU0[0m
[0;32mI (318) main_task: Calling app_main()[0m
[0;32mI (318) main_task: Returned from app_main()[0m
R0 488727082882.734375

HEART_RATE: 136 bpm
Correlation: 1.000000
Temperature: 0.000000
red_rms 4696913.775904, ir_rms 699090.182225, Z 0.999993
SpO2: 49.699667%

--- DEBUG SIGNAL DATA ---
-803588 -5398999 1.000000
-779596 -5237809 0.945150
-755605 -5076618 0.891265
-731613 -4915427 0.838353
-707621 -4754237 0.786423
-683630 -4593046 0.735486
-659638 -4431855 0.685550
-635646 -4270665 0.636624
-611655 -4109474 0.588717
-587663 -3948284 0.541839
-563671 -3787093 0.496000
-539680 -3625902 0.451207
-515688 -3464712 0.407471
-491696 -3303521 0.364800
-467704 -3142331 0.323204
-443713 -2981140 0.282692
-419721 -2819949 0.243272
-395729 -2658759 0.204956
-371738 -2497568 0.167751
-347746 -2336377 0.131666
-323754 -2175187 0.096712
-299763 -2013996 0.062896
-275771 -1852806 0.030229
-251779 -1691615 -0.001280
-227788 -1530424 -0.031623
-203796 -1369234 -0.060790
-179804 -1208043 -0.088772
-155813 -1046853 -0.115559
-131821 -885662 -0.141143
-107829 -724471 -0.165514
-83838 -563281 -0.188663
-59846 -402090 -0.210581
-35854 -240899 -0.231258
-11863 -79709 -0.250687
12128 81481 -0.268856
36120 242671 -0.285757
60111 403862 -0.301381
84103 565053 -0.315719
108095 726243 -0.319882
132086 887434 -0.323694
156078 1048625 -0.327148
180070 1209815 -0.330234
204061 1371006 -0.332943
228053 1532196 -0.335265
252045 1693387 -0.337192
276036 1854578 -0.338713
300028 2015768 -0.339821
324020 2176959 -0.340505
348012 2338149 -0.340757
372003 2499340 -0.340567
395995 2660531 -0.339927
419987 2821721 -0.338826
443978 2982912 -0.337256
467970 3144103 -0.335208
491962 3305293 -0.332672
515953 3466484 -0.329639
539945 3627674 -0.326100
563937 3788865 -0.322046
587928 3950056 -0.317467
611920 4111246 -0.312355
635912 4272437 -0.306699
659903 4433627 -0.300492
683895 4594818 -0.293723
707887 4756009 -0.286384
731878 4917199 -0.278466
755870 5078390 -0.269958
779862 5239581 -0.260852
803853 5400771 -0.251139
827845 5561962 -0.240810
851837 5723152 -0.229855
875828 5884343 -0.218265
899820 6045534 -0.206031
923812 6206724 -0.193143
947803 6367915 -0.179594
971795 6529105 -0.165372
995787 6690296 -0.150470
1019778 6851487 -0.134877
1043770 7012677 -0.118585
1067762 7173868 -0.101585
1091753 7335059 -0.083867
1115745 7496249 -0.065422
1139737 7657440 -0.046241
1163729 7818630 -0.026315
1187720 7979821 -0.005634
1211712 8141012 0.015811
1235704 8302202 0.038028
1259695 8463393 0.061028
1283687 8624583 0.084818
1307679 8785774 0.109410
1331670 8946965 0.134811
1355662 9108155 0.161031
-1110748 -7462689 0.188079
-1086757 -7301498 0.183018
-1062765 -7140308 0.177849
-1038773 -6979117 0.172580
-1014782 -6817927 0.167221
-990790 -6656736 0.161781
-966798 -6495545 0.156270
-942807 -6334355 0.150696
-918815 -6173164 0.145068
-894823 -6011973 0.139396
-870832 -5850783 0.133689
-846840 -5689592 0.127957
-822848 -5528402 0.122207
-798857 -5367211 0.116451
-774865 -5206020 0.110696
-750873 -5044830 0.104952
-726882 -4883639 0.099229
-702890 -4722449 0.093535
-678898 -4561258 0.087879
-654907 -4400067 0.082271
-630915 -4238877 0.076721
-606923 -4077686 0.071236
-582932 -3916495 0.065827
-558940 -3755305 0.060503
-534948 -3594114 0.055272
-510956 -3432924 0.050145
-486965 -3271733 0.045130
-462973 -3110542 0.040236
-438981 -2949352 0.035473
-414990 -2788161 0.030849
-390998 -2626971 0.026375
-367006 -2465780 0.022059
-343015 -2304589 0.017910
-319023 -2143399 0.013938
-295031 -1982208 0.000000
-271040 -1821017 0.000000
-247048 -1659827 0.000000
R0 295025.062500

HEART_RATE: 136 bpm
Correlation: 0.000000
Temperature: 0.000000
SpO2: skipped (weak correlation)

--- DEBUG SIGNAL DATA ---
1145 0 1.000000
1104 0 0.973605
1063 0 0.945756
1021 0 0.916535
980 0 0.886032
939 0 0.854318
897 0 0.821476
856 0 0.787596
815 0 0.752750
773 0 0.717020
732 0 0.680496
691 0 0.643250
649 0 0.605364
608 0 0.566928
567 0 0.528013
526 0 0.488703
484 0 0.449077
443 0 0.409226
402 0 0.369224
360 0 0.329151
319 0 0.289098
278 0 0.249137
236 0 0.209350
195 0 0.169826
154 0 0.130637
112 0 0.091864
71 0 0.053597
30 0 0.015909
-11 0 -0.021118
-52 0 -0.057427
-93 0 -0.092913
-135 0 -0.127497
-176 0 -0.161087
-217 0 -0.193611
-259 0 -0.224987
-300 0 -0.255126
-341 0 -0.283974
-383 0 -0.311432
-424 0 -0.337409
-465 0 -0.361833
-506 0 -0.384623
-548 0 -0.405696
-589 0 -0.424962
-630 0 -0.442349
-672 0 -0.457777
-713 0 -0.471157
-754 0 -0.482414
-796 0 -0.491468
-837 0 -0.498229
-878 0 -0.502625
-920 0 -0.504572
-898 0 -0.503983
-876 0 -0.502764
-855 0 -0.500902
-833 0 -0.498375
-811 0 -0.495182
-790 0 -0.491308
-768 0 -0.486733
-746 0 -0.481453
-725 0 -0.475456
-703 0 -0.468720
-681 0 -0.461242
-660 0 -0.453010
-638 0 -0.444001
-616 0 -0.434213
-594 0 -0.423633
-573 0 -0.412249
-551 0 -0.400038
-529 0 -0.386998
-508 0 -0.373116
-486 0 -0.358371
-464 0 -0.342759
-443 0 -0.326267
-421 0 -0.308875
-399 0 -0.290579
-378 0 -0.271366
-356 0 -0.251215
-334 0 -0.230123
-313 0 -0.208077
-291 0 -0.186340
-269 0 -0.164946
-248 0 -0.143919
-226 0 -0.123272
-204 0 -0.103039
-183 0 -0.083244
-161 0 -0.063900
-139 0 -0.045041
-118 0 -0.026692
-96 0 -0.008865
-74 0 0.008406
-52 0 0.025096
-31 0 0.041182
-9 0 0.056651
12 0 0.071468
33 0 0.085641
55 0 0.099127
77 0 0.111892
98 0 0.123911
120 0 0.135171
142 0 0.145639
163 0 0.155290
185 0 0.164132
207 0 0.172111
228 0 0.179203
250 0 0.185394
272 0 0.190651
293 0 0.194950
315 0 0.198277
337 0 0.200599
358 0 0.201891
380 0 0.202141
402 0 0.201314
423 0 0.199387
445 0 0.196346
467 0 0.192157
489 0 0.186797
510 0 0.180240
532 0 0.172476
554 0 0.163468
575 0 0.153193
597 0 0.141639
619 0 0.128771
640 0 0.114564
662 0 0.099007
684 0 0.082065
705 0 0.000000
727 0 0.000000
749 0 0.000000

HEART_RATE: 0 bpm
Correlation: 0.000000
Temperature: 0.000000
SpO2: skipped (weak correlation)

--- DEBUG SIGNAL DATA ---
0 0 1.000000
0 0 0.973605
0 0 0.945756
0 0 0.916535
0 0 0.886032
0 0 0.854318
0 0 0.821476
0 0 0.787596
0 0 0.752750
0 0 0.717020
0 0 0.680496
0 0 0.643250
0 0 0.605364
0 0 0.566928
0 0 0.528013
0 0 0.488703
0 0 0.449077
0 0 0.409226
0 0 0.369224
0 0 0.329151
0 0 0.289098
0 0 0.249137
0 0 0.209350
0 0 0.169826
0 0 0.130637
0 0 0.091864
0 0 0.053597
0 0 0.015909
0 0 -0.021118
0 0 -0.057427
0 0 -0.092913
0 0 -0.127497
0 0 -0.161087
0 0 -0.193611
0 0 -0.224987
0 0 -0.255126
0 0 -0.283974
0 0 -0.311432
0 0 -0.337409
0 0 -0.361833
0 0 -0.384623
0 0 -0.405696
0 0 -0.424962
0 0 -0.442349
0 0 -0.457777
0 0 -0.471157
0 0 -0.482414
0 0 -0.491468
0 0 -0.498229
0 0 -0.502625
0 0 -0.504572
0 0 -0.503983
0 0 -0.502764
0 0 -0.500902
0 0 -0.498375
0 0 -0.495182
0 0 -0.491308
0 0 -0.486733
0 0 -0.481453
0 0 -0.475456
0 0 -0.468720
0 0 -0.461242
0 0 -0.453010
0 0 -0.444001
0 0 -0.434213
0 0 -0.423633
0 0 -0.412249
0 0 -0.400038
0 0 -0.386998
0 0 -0.373116
0 0 -0.358371
0 0 -0.342759
0 0 -0.326267
0 0 -0.308875
0 0 -0.290579
0 0 -0.271366
0 0 -0.251215
0 0 -0.230123
0 0 -0.208077
0 0 -0.186340
0 0 -0.164946
0 0 -0.143919
0 0 -0.123272
0 0 -0.103039
0 0 -0.083244
0 0 -0.063900
0 0 -0.045041
0 0 -0.026692
0 0 -0.008865
0 0 0.008406
0 0 0.025096
0 0 0.041182
0 0 0.056651
0 0 0.071468
0 0 0.085641
0 0 0.099127
0 0 0.111892
0 0 0.123911
0 0 0.135171
0 0 0.145639
0 0 0.155290
0 0 0.164132
0 0 0.172111
0 0 0.179203
0 0 0.185394
0 0 0.190651
0 0 0.194950
0 0 0.198277
0 0 0.200599
0 0 0.201891
0 0 0.202141
0 0 0.201314
0 0 0.199387
0 0 0.196346
0 0 0.192157
0 0 0.186797
0 0 0.180240
0 0 0.172476
0 0 0.163468
0 0 0.153193
0 0 0.141639
0 0 0.128771
0 0 0.114564
0 0 0.099007
0 0 0.082065
0 0 0.000000
0 0 0.000000
0 0 0.000000

HEART_RATE: 0 bpm
Correlation: 0.000000
Temperature: 0.000000
SpO2: skipped (weak correlation)

--- DEBUG SIGNAL DATA ---
0 0 1.000000
0 0 0.973605
0 0 0.945756
0 0 0.916535
0 0 0.886032
0 0 0.854318
0 0 0.821476
0 0 0.787596
0 0 0.752750
0 0 0.717020
0 0 0.680496
0 0 0.643250
0 0 0.605364
0 0 0.566928
0 0 0.528013
0 0 0.488703
0 0 0.449077
0 0 0.409226
0 0 0.369224
0 0 0.329151
0 0 0.289098
0 0 0.249137
0 0 0.209350
0 0 0.169826
0 0 0.130637
0 0 0.091864
0 0 0.053597
0 0 0.015909
0 0 -0.021118
0 0 -0.057427
0 0 -0.092913
0 0 -0.127497
0 0 -0.161087
0 0 -0.193611
0 0 -0.224987
0 0 -0.255126
0 0 -0.283974
0 0 -0.311432
0 0 -0.337409
0 0 -0.361833
0 0 -0.384623
0 0 -0.405696
0 0 -0.424962
0 0 -0.442349
0 0 -0.457777
0 0 -0.471157
0 0 -0.482414
0 0 -0.491468
0 0 -0.498229
0 0 -0.502625
0 0 -0.504572
0 0 -0.503983
0 0 -0.502764
0 0 -0.500902
0 0 -0.498375
0 0 -0.495182
0 0 -0.491308
0 0 -0.486733
0 0 -0.481453
0 0 -0.475456
0 0 -0.468720
0 0 -0.461242
0 0 -0.453010
0 0 -0.444001
0 0 -0.434213
0 0 -0.423633
0 0 -0.412249
0 0 -0.400038
0 0 -0.386998
0 0 -0.373116
0 0 -0.358371
0 0 -0.342759
0 0 -0.326267
0 0 -0.308875
0 0 -0.290579
0 0 -0.271366
0 0 -0.251215
0 0 -0.230123
0 0 -0.208077
0 0 -0.186340
0 0 -0.164946
0 0 -0.143919
0 0 -0.123272
0 0 -0.103039
0 0 -0.083244
0 0 -0.063900
0 0 -0.045041
0 0 -0.026692
0 0 -0.008865
0 0 0.008406
0 0 0.025096
0 0 0.041182
0 0 0.056651
0 0 0.071468
0 0 0.085641
0 0 0.099127
0 0 0.111892
0 0 0.123911
0 0 0.135171
0 0 0.145639
0 0 0.155290
0 0 0.164132
0 0 0.172111
0 0 0.179203
0 0 0.185394
0 0 0.190651
0 0 0.194950
0 0 0.198277
0 0 0.200599
0 0 0.201891
0 0 0.202141
0 0 0.201314
0 0 0.199387
0 0 0.196346
0 0 0.192157
0 0 0.186797
0 0 0.180240
0 0 0.172476
0 0 0.163468
0 0 0.153193
0 0 0.141639
0 0 0.128771
0 0 0.114564
0 0 0.099007
0 0 0.082065
0 0 0.000000
0 0 0.000000
0 0 0.000000

HEART_RATE: 0 bpm
Correlation: 0.000000
Temperature: 0.000000
SpO2: skipped (weak correlation)

--- DEBUG SIGNAL DATA ---
0 0 1.000000
0 0 0.973605
0 0 0.945756
0 0 0.916535
0 0 0.886032
0 0 0.854318
0 0 0.821476
0 0 0.787596
0 0 0.752750
0 0 0.717020
0 0 0.680496
0 0 0.643250
0 0 0.605364
0 0 0.566928
0 0 0.528013
0 0 0.488703
0 0 0.449077
0 0 0.409226
0 0 0.369224
0 0 0.329151
0 0 0.289098
0 0 0.249137
0 0 0.209350
0 0 0.169826
0 0 0.130637
0 0 0.091864
0 0 0.053597
0 0 0.015909
0 0 -0.021118
0 0 -0.057427
0 0 -0.092913
0 0 -0.127497
0 0 -0.161087
0 0 -0.193611
0 0 -0.224987
0 0 -0.255126
0 0 -0.283974
0 0 -0.311432
0 0 -0.337409
0 0 -0.361833
0 0 -0.384623
0 0 -0.405696
0 0 -0.424962
0 0 -0.442349
0 0 -0.457777
0 0 -0.471157
0 0 -0.482414
0 0 -0.491468
0 0 -0.498229
0 0 -0.502625
0 0 -0.504572
0 0 -0.503983
0 0 -0.502764
0 0 -0.500902
0 0 -0.498375
0 0 -0.495182
0 0 -0.491308
0 0 -0.486733
0 0 -0.481453
0 0 -0.475456
0 0 -0.468720
0 0 -0.461242
0 0 -0.453010
0 0 -0.444001
0 0 -0.434213
0 0 -0.423633
0 0 -0.412249
0 0 -0.400038
0 0 -0.386998
0 0 -0.373116
0 0 -0.358371
0 0 -0.342759
0 0 -0.326267
0 0 -0.308875
0 0 -0.290579
0 0 -0.271366
0 0 -0.251215
0 0 -0.230123
0 0 -0.208077
0 0 -0.186340
0 0 -0.164946
0 0 -0.143919
0 0 -0.123272
0 0 -0.103039
0 0 -0.083244
0 0 -0.063900
0 0 -0.045041
0 0 -0.026692
0 0 -0.008865
0 0 0.008406
0 0 0.025096
0 0 0.041182
0 0 0.056651
0 0 0.071468
0 0 0.085641
0 0 0.099127
0 0 0.111892
0 0 0.123911
0 0 0.135171
0 0 0.145639
0 0 0.155290
0 0 0.164132
0 0 0.172111
0 0 0.179203
0 0 0.185394
0 0 0.190651
0 0 0.194950
0 0 0.198277
0 0 0.200599
0 0 0.201891
0 0 0.202141
0 0 0.201314
0 0 0.199387
0 0 0.196346
0 0 0.192157
0 0 0.186797
0 0 0.180240
0 0 0.172476
0 0 0.163468
0 0 0.153193
0 0 0.141639
0 0 0.128771
0 0 0.114564
0 0 0.099007
0 0 0.082065
0 0 0.000000
0 0 0.000000
0 0 0.000000

HEART_RATE: 0 bpm
Correlation: 0.000000
Temperature: 0.000000
SpO2: skipped (weak correlation)

--- DEBUG SIGNAL DATA ---
0 0 1.000000
0 0 0.973605
0 0 0.945756
0 0 0.916535
0 0 0.886032
0 0 0.854318
0 0 0.821476
0 0 0.787596
0 0 0.752750
0 0 0.717020
0 0 0.680496
0 0 0.643250
0 0 0.605364
0 0 0.566928
0 0 0.528013
0 0 0.488703
0 0 0.449077
0 0 0.409226
0 0 0.369224
0 0 0.329151
0 0 0.289098
0 0 0.249137
0 0 0.209350
0 0 0.169826
0 0 0.130637
0 0 0.091864
0 0 0.053597
0 0 0.015909
0 0 -0.021118
0 0 -0.057427
0 0 -0.092913
0 0 -0.127497
0 0 -0.161087
0 0 -0.193611
0 0 -0.224987
0 0 -0.255126
0 0 -0.283974
0 0 -0.311432
0 0 -0.337409
0 0 -0.361833
0 0 -0.384623
0 0 -0.405696
0 0 -0.424962
0 0 -0.442349
0 0 -0.457777
0 0 -0.471157
0 0 -0.482414
0 0 -0.491468
0 0 -0.498229
0 0 -0.502625
0 0 -0.504572
0 0 -0.503983
0 0 -0.502764
0 0 -0.500902
0 0 -0.498375
0 0 -0.495182
0 0 -0.491308
0 0 -0.486733
0 0 -0.481453
0 0 -0.475456
0 0 -0.468720
0 0 -0.461242
0 0 -0.453010
0 0 -0.444001
0 0 -0.434213
0 0 -0.423633
0 0 -0.412249
0 0 -0.400038
0 0 -0.386998
0 0 -0.373116
0 0 -0.358371
0 0 -0.342759
0 0 -0.326267
0 0 -0.308875
0 0 -0.290579
0 0 -0.271366
0 0 -0.251215
0 0 -0.230123
0 0 -0.208077
0 0 -0.186340
0 0 -0.164946
0 0 -0.143919
0 0 -0.123272
0 0 -0.103039
0 0 -0.083244
0 0 -0.063900
0 0 -0.045041
0 0 -0.026692
0 0 -0.008865
0 0 0.008406
0 0 0.025096
0 0 0.041182
0 0 0.056651
0 0 0.071468
0 0 0.085641
0 0 0.099127
0 0 0.111892
0 0 0.123911
0 0 0.135171
0 0 0.145639
0 0 0.155290
0 0 0.164132
0 0 0.172111
0 0 0.179203
0 0 0.185394
0 0 0.190651
0 0 0.194950
0 0 0.198277
0 0 0.200599
0 0 0.201891
0 0 0.202141
0 0 0.201314
0 0 0.199387
0 0 0.196346
0 0 0.192157
0 0 0.186797
0 0 0.180240
0 0 0.172476
0 0 0.163468
0 0 0.153193
0 0 0.141639
0 0 0.128771
0 0 0.114564
0 0 0.099007
0 0 0.082065
0 0 0.000000
0 0 0.000000
0 0 0.000000

HEART_RATE: 0 bpm
Correlation: 0.000000
Temperature: 0.000000
SpO2: skipped (weak correlation)

--- DEBUG SIGNAL DATA ---
0 0 1.000000
0 0 0.973605
0 0 0.945756
0 0 0.916535
0 0 0.886032
0 0 0.854318
0 0 0.821476
0 0 0.787596
0 0 0.752750
0 0 0.717020
0 0 0.680496
0 0 0.643250
0 0 0.605364
0 0 0.566928
0 0 0.528013
0 0 0.488703
0 0 0.449077
0 0 0.409226
0 0 0.369224
0 0 0.329151
0 0 0.289098
0 0 0.249137
0 0 0.209350
0 0 0.169826
0 0 0.130637
0 0 0.091864
0 0 0.053597
0 0 0.015909
0 0 -0.021118
0 0 -0.057427
0 0 -0.092913
0 0 -0.127497
0 0 -0.161087
0 0 -0.193611
0 0 -0.224987
0 0 -0.255126
0 0 -0.283974
0 0 -0.311432
0 0 -0.337409
0 0 -0.361833
0 0 -0.384623
0 0 -0.405696
0 0 -0.424962
0 0 -0.442349
0 0 -0.457777
0 0 -0.471157
0 0 -0.482414
0 0 -0.491468
0 0 -0.498229
0 0 -0.502625
0 0 -0.504572
0 0 -0.503983
0 0 -0.502764
0 0 -0.500902
0 0 -0.498375
0 0 -0.495182
0 0 -0.491308
0 0 -0.486733
0 0 -0.481453
0 0 -0.475456
0 0 -0.468720
0 0 -0.461242
0 0 -0.453010
0 0 -0.444001
0 0 -0.434213
0 0 -0.423633
0 0 -0.412249
0 0 -0.400038
0 0 -0.386998
0 0 -0.373116
0 0 -0.358371
0 0 -0.342759
0 0 -0.326267
0 0 -0.308875
0 0 -0.290579
0 0 -0.271366
0 0 -0.251215
0 0 -0.230123
0 0 -0.208077
0 0 -0.186340
0 0 -0.164946
0 0 -0.143919
0 0 -0.123272
0 0 -0.103039
0 0 -0.083244
0 0 -0.063900
0 0 -0.045041
0 0 -0.026692
0 0 -0.008865
0 0 0.008406
0 0 0.025096
0 0 0.041182
0 0 0.056651
0 0 0.071468
0 0 0.085641
0 0 0.099127
0 0 0.111892
0 0 0.123911
0 0 0.135171
0 0 0.145639
0 0 0.155290
0 0 0.164132
0 0 0.172111
0 0 0.179203
0 0 0.185394
0 0 0.190651
0 0 0.194950
0 0 0.198277
0 0 0.200599
0 0 0.201891
0 0 0.202141
0 0 0.201314
0 0 0.199387
0 0 0.196346
0 0 0.192157
0 0 0.186797
0 0 0.180240
0 0 0.172476
0 0 0.163468
0 0 0.153193
0 0 0.141639
0 0 0.128771
0 0 0.114564
0 0 0.099007
0 0 0.082065
0 0 0.000000
0 0 0.000000
0 0 0.000000
