.ï¿½ï¿½Ù¥ï¿½ï¿½ï¿½ï¿½ï¿½ v3.1
[0;32mI (36) bï¿½ets Jul 29 2019 12:21:46[0m

rst:0x1 (POWERON_RESET),boot:0x13 (SPI_FAST_FLASH_BOOT)
configsip: 0, SPIWP:0xee
clk_drv:0x00,q_drv:0x00,d_drv:0x00,cs0_drv:0x00,hd_drv:0x00,wp_drv:0x00
mode:DIO, clock div:2
load:0x3fff0030,len:6596
load:0x40078000,len:18036
load:0x40080400,len:4
ho 8 tail 4 room 4
load:0x40080404,len:4284
entry 0x400806e8
[0;32mI (31) boot: ESP-IDF v5.4-dirty 2nd stage bootloader[0m
[0;32mI (31) boot: compile time Sep 30 2025 22:23:40[0m
[0;32mI (31) boot: Multicore bootloader[0m
[0;32mI (33) boot: chip revision: v3.1[0m
[0;32mI (36) boot.esp32: SPI Speed      : 40MHz[0m
[0;32mI (39) boot.esp32: SPI Mode       : DIO[0m
[0;32mI (43) boot.esp32: SPI Flash Size : 4MB[0m
[0;32mI (47) boot: Enabling RNG early entropy source...[0m
[0;32mI (51) boot: Partition Table:[0m
[0;32mI (54) boot: ## Label            Usage          Type ST Offset   Length[0m
[0;32mI (60) boot:  0 nvs              WiFi data        01 02 00011000 00006000[0m
[0;32mI (66) boot:  1 phy_init         RF data          01 01 00017000 00001000[0m
[0;32mI (73) boot:  2 factory          factory app      00 00 00020000 00177000[0m
[0;32mI (80) boot: End of partition table[0m
[0;32mI (83) esp_image: segment 0: paddr=00020020 vaddr=3f400020 size=0b4f0h ( 46320) map[0m
[0;32mI (107) esp_image: segment 1: paddr=0002b518 vaddr=3ff80000 size=0001ch (    28) load[0m
[0;32mI (107) esp_image: segment 2: paddr=0002b53c vaddr=3ffb0000 size=02414h (  9236) load[0m
[0;32mI (114) esp_image: segment 3: paddr=0002d958 vaddr=40080000 size=026c0h (  9920) load[0m
[0;32mI (122) esp_image: segment 4: paddr=00030020 vaddr=400d0020 size=1785ch ( 96348) map[0m
[0;32mI (159) esp_image: segment 5: paddr=00047884 vaddr=400826c0 size=0ba6ch ( 47724) load[0m
[0;32mI (187) boot: Loaded app from partition at offset 0x20000[0m
[0;32mI (187) boot: Disabling RNG early entropy source...[0m
[0;32mI (198) cpu_start: Multicore app[0m
[0;32mI (206) cpu_start: Pro cpu start user code[0m
[0;32mI (206) cpu_start: cpu freq: 240000000 Hz[0m
[0;32mI (206) app_init: Application information:[0m
[0;32mI (209) app_init: Project name:     oximetro-hr[0m
[0;32mI (214) app_init: App version:      1[0m
[0;32mI (219) app_init: Compile time:     Sep 30 2025 22:21:56[0m
[0;32mI (225) app_init: ELF file SHA256:  edcd83ea5...[0m
[0;32mI (230) app_init: ESP-IDF:          v5.4-dirty[0m
[0;32mI (235) efuse_init: Min chip rev:     v0.0[0m
[0;32mI (240) efuse_init: Max chip rev:     v3.99 [0m
[0;32mI (245) efuse_init: Chip rev:         v3.1[0m
[0;32mI (250) heap_init: Initializing. RAM available for dynamic allocation:[0m
[0;32mI (257) heap_init: At 3FFAE6E0 len 00001920 (6 KiB): DRAM[0m
[0;32mI (263) heap_init: At 3FFB3EA8 len 0002C158 (176 KiB): DRAM[0m
[0;32mI (269) heap_init: At 3FFE0440 len 00003AE0 (14 KiB): D/IRAM[0m
[0;32mI (275) heap_init: At 3FFE4350 len 0001BCB0 (111 KiB): D/IRAM[0m
[0;32mI (282) heap_init: At 4008E12C len 00011ED4 (71 KiB): IRAM[0m
[0;32mI (289) spi_flash: detected chip: generic[0m
[0;32mI (293) spi_flash: flash io: dio[0m
[0;33mW (297) i2c: This driver is an old driver, please migrate your application code to adapt `driver/i2c_master.h`[0m
[0;32mI (308) main_task: Started on CPU0[0m
[0;32mI (318) main_task: Calling app_main()[0m
[0;32mI (318) main_task: Returned from app_main()[0m

HEART_RATE: 0 bpm
Correlation: 0.000000
Temperature: 0.000000
SpO2: skipped (weak correlation)

--- DEBUG SIGNAL DATA ---
0 0 0.000000
0 0 0.000000
0 0 0.000000
0 0 0.000000
0 0 0.000000
0 0 0.000000
0 0 0.000000
0 0 0.000000
0 0 0.000000
0 0 0.000000
0 0 0.000000
0 0 0.000000
0 0 0.000000
0 0 0.000000
0 0 0.000000
0 0 0.000000
0 0 0.000000
0 0 0.000000
0 0 0.000000
0 0 0.000000
0 0 0.000000
0 0 0.000000
0 0 0.000000
0 0 0.000000
0 0 0.000000
0 0 0.000000
0 0 0.000000
0 0 0.000000
0 0 0.000000
0 0 0.000000
0 0 0.000000
0 0 0.000000
0 0 0.000000
0 0 0.000000
0 0 0.000000
0 0 0.000000
0 0 0.000000
0 0 0.000000
0 0 0.000000
0 0 0.000000
0 0 0.000000
0 0 0.000000
0 0 0.000000
0 0 0.000000
0 0 0.000000
0 0 0.000000
0 0 0.000000
0 0 0.000000
0 0 0.000000
0 0 0.000000
0 0 0.000000
0 0 0.000000
0 0 0.000000
0 0 0.000000
0 0 0.000000
0 0 0.000000
0 0 0.000000
0 0 0.000000
0 0 0.000000
0 0 0.000000
0 0 0.000000
0 0 0.000000
0 0 0.000000
0 0 0.000000
0 0 0.000000
0 0 0.000000
0 0 0.000000
0 0 0.000000
0 0 0.000000
0 0 0.000000
0 0 0.000000
0 0 0.000000
0 0 0.000000
0 0 0.000000
0 0 0.000000
0 0 0.000000
0 0 0.000000
0 0 0.000000
0 0 0.000000
0 0 0.000000
0 0 0.000000
0 0 0.000000
0 0 0.000000
0 0 0.000000
0 0 0.000000
0 0 0.000000
0 0 0.000000
0 0 0.000000
0 0 0.000000
0 0 0.000000
0 0 0.000000
0 0 0.000000
0 0 0.000000
0 0 0.000000
0 0 0.000000
0 0 0.000000
0 0 0.000000
0 0 0.000000
0 0 0.000000
0 0 0.000000
0 0 0.000000
0 0 0.000000
0 0 0.000000
0 0 0.000000
0 0 0.000000
0 0 0.000000
0 0 0.000000
0 0 0.000000
0 0 0.000000
0 0 0.000000
0 0 0.000000
0 0 0.000000
0 0 0.000000
0 0 0.000000
0 0 0.000000
0 0 0.000000
0 0 0.000000
0 0 0.000000
0 0 0.000000
0 0 0.000000
0 0 0.000000
0 0 0.000000
0 0 0.000000
0 0 0.000000
0 0 0.000000
0 0 0.000000
0 0 0.000000
0 0 0.000000

HEART_RATE: 0 bpm
Correlation: 0.000000
Temperature: 0.000000
SpO2: skipped (weak correlation)

--- DEBUG SIGNAL DATA ---
0 0 0.000000
0 0 0.000000
0 0 0.000000
0 0 0.000000
0 0 0.000000
0 0 0.000000
0 0 0.000000
0 0 0.000000
0 0 0.000000
0 0 0.000000
0 0 0.000000
0 0 0.000000
0 0 0.000000
0 0 0.000000
0 0 0.000000
0 0 0.000000
0 0 0.000000
0 0 0.000000
0 0 0.000000
0 0 0.000000
0 0 0.000000
0 0 0.000000
0 0 0.000000
0 0 0.000000
0 0 0.000000
0 0 0.000000
0 0 0.000000
0 0 0.000000
0 0 0.000000
0 0 0.000000
0 0 0.000000
0 0 0.000000
0 0 0.000000
0 0 0.000000
0 0 0.000000
0 0 0.000000
0 0 0.000000
0 0 0.000000
0 0 0.000000
0 0 0.000000
0 0 0.000000
0 0 0.000000
0 0 0.000000
0 0 0.000000
0 0 0.000000
0 0 0.000000
0 0 0.000000
0 0 0.000000
0 0 0.000000
0 0 0.000000
0 0 0.000000
0 0 0.000000
0 0 0.000000
0 0 0.000000
0 0 0.000000
0 0 0.000000
0 0 0.000000
0 0 0.000000
0 0 0.000000
0 0 0.000000
0 0 0.000000
0 0 0.000000
0 0 0.000000
0 0 0.000000
0 0 0.000000
0 0 0.000000
0 0 0.000000
0 0 0.000000
0 0 0.000000
0 0 0.000000
0 0 0.000000
0 0 0.000000
0 0 0.000000
0 0 0.000000
0 0 0.000000
0 0 0.000000
0 0 0.000000
0 0 0.000000
0 0 0.000000
0 0 0.000000
0 0 0.000000
0 0 0.000000
0 0 0.000000
0 0 0.000000
0 0 0.000000
0 0 0.000000
0 0 0.000000
0 0 0.000000
0 0 0.000000
0 0 0.000000
0 0 0.000000
0 0 0.000000
0 0 0.000000
0 0 0.000000
0 0 0.000000
0 0 0.000000
0 0 0.000000
0 0 0.000000
0 0 0.000000
0 0 0.000000
0 0 0.000000
0 0 0.000000
0 0 0.000000
0 0 0.000000
0 0 0.000000
0 0 0.000000
0 0 0.000000
0 0 0.000000
0 0 0.000000
0 0 0.000000
0 0 0.000000
0 0 0.000000
0 0 0.000000
0 0 0.000000
0 0 0.000000
0 0 0.000000
0 0 0.000000
0 0 0.000000
0 0 0.000000
0 0 0.000000
0 0 0.000000
0 0 0.000000
0 0 0.000000
0 0 0.000000
0 0 0.000000
0 0 0.000000
0 0 0.000000
0 0 0.000000
R0 100521.484375

HEART_RATE: 136 bpm
Correlation: 0.000000
Temperature: 0.000000
SpO2: skipped (weak correlation)

--- DEBUG SIGNAL DATA ---
1024 0 1.000000
969 0 0.952798
914 0 0.903717
860 0 0.853023
805 0 0.800923
750 0 0.747750
696 0 0.693768
641 0 0.639183
586 0 0.584327
532 0 0.529465
477 0 0.474798
422 0 0.420659
368 0 0.367310
313 0 0.314960
258 0 0.263935
204 0 0.214504
149 0 0.166874
95 0 0.121373
40 0 0.078206
-14 0 0.037701
-68 0 0.000044
-123 0 -0.034481
-178 0 -0.065539
-232 0 -0.092868
-287 0 -0.116262
-342 0 -0.135386
-396 0 -0.149979
-451 0 -0.159832
-444 0 -0.164614
-436 0 -0.169257
-429 0 -0.173817
-421 0 -0.178226
-414 0 -0.182546
-407 0 -0.186712
-399 0 -0.190716
-392 0 -0.194617
-385 0 -0.198351
-377 0 -0.201912
-370 0 -0.205356
-363 0 -0.208617
-355 0 -0.211715
-348 0 -0.214684
-341 0 -0.217457
-333 0 -0.220032
-326 0 -0.222467
-319 0 -0.224693
-311 0 -0.226709
-304 0 -0.228571
-296 0 -0.230212
-289 0 -0.231692
-282 0 -0.232948
-274 0 -0.233971
-267 0 -0.234820
-260 0 -0.235432
-252 0 -0.235799
-245 0 -0.235979
-238 0 -0.235904
-230 0 -0.235573
-223 0 -0.235041
-216 0 -0.234243
-208 0 -0.233175
-201 0 -0.231895
-194 0 -0.230335
-186 0 -0.228499
-179 0 -0.226441
-171 0 -0.224097
-164 0 -0.221525
-157 0 -0.218662
-149 0 -0.215499
-142 0 -0.212095
-135 0 -0.208388
-127 0 -0.204370
-120 0 -0.200097
-113 0 -0.195504
-105 0 -0.190587
-98 0 -0.185404
-91 0 -0.179887
-83 0 -0.174034
-76 0 -0.167902
-69 0 -0.161424
-61 0 -0.154597
-54 0 -0.147478
-46 0 -0.140001
-39 0 -0.132224
-32 0 -0.124085
-24 0 -0.115576
-17 0 -0.106754
-10 0 -0.097552
-2 0 -0.087967
4 0 -0.078057
11 0 -0.067671
19 0 -0.056886
26 0 -0.045758
33 0 -0.034222
41 0 -0.022273
48 0 -0.009969
55 0 0.002755
63 0 0.015905
70 0 0.029422
78 0 0.043372
85 0 0.057699
92 0 0.072463
100 0 0.086272
107 0 0.099032
114 0 0.110774
122 0 0.121466
129 0 0.131017
136 0 0.139455
144 0 0.146749
151 0 0.152810
158 0 0.157687
166 0 0.161328
173 0 0.163642
181 0 0.164656
188 0 0.164280
195 0 0.162541
203 0 0.159408
210 0 0.154792
217 0 0.148719
225 0 0.141160
232 0 0.132023
239 0 0.121337
247 0 0.109070
254 0 0.095132
261 0 0.079551
269 0 0.000000
276 0 0.000000
283 0 0.000000

HEART_RATE: 0 bpm
Correlation: 0.000000
Temperature: 0.000000
SpO2: skipped (weak correlation)

--- DEBUG SIGNAL DATA ---
0 0 1.000000
0 0 0.952798
0 0 0.903717
0 0 0.853023
0 0 0.800923
0 0 0.747750
0 0 0.693768
0 0 0.639183
0 0 0.584327
0 0 0.529465
0 0 0.474798
0 0 0.420659
0 0 0.367310
0 0 0.314960
0 0 0.263935
0 0 0.214504
0 0 0.166874
0 0 0.121373
0 0 0.078206
0 0 0.037701
0 0 0.000044
0 0 -0.034481
0 0 -0.065539
0 0 -0.092868
0 0 -0.116262
0 0 -0.135386
0 0 -0.149979
0 0 -0.159832
0 0 -0.164614
0 0 -0.169257
0 0 -0.173817
0 0 -0.178226
0 0 -0.182546
0 0 -0.186712
0 0 -0.190716
0 0 -0.194617
0 0 -0.198351
0 0 -0.201912
0 0 -0.205356
0 0 -0.208617
0 0 -0.211715
0 0 -0.214684
0 0 -0.217457
0 0 -0.220032
0 0 -0.222467
0 0 -0.224693
0 0 -0.226709
0 0 -0.228571
0 0 -0.230212
0 0 -0.231692
0 0 -0.232948
0 0 -0.233971
0 0 -0.234820
0 0 -0.235432
0 0 -0.235799
0 0 -0.235979
0 0 -0.235904
0 0 -0.235573
0 0 -0.235041
0 0 -0.234243
0 0 -0.233175
0 0 -0.231895
0 0 -0.230335
0 0 -0.228499
0 0 -0.226441
0 0 -0.224097
0 0 -0.221525
0 0 -0.218662
0 0 -0.215499
0 0 -0.212095
0 0 -0.208388
0 0 -0.204370
0 0 -0.200097
0 0 -0.195504
0 0 -0.190587
0 0 -0.185404
0 0 -0.179887
0 0 -0.174034
0 0 -0.167902
0 0 -0.161424
0 0 -0.154597
0 0 -0.147478
0 0 -0.140001
0 0 -0.132224
0 0 -0.124085
0 0 -0.115576
0 0 -0.106754
0 0 -0.097552
0 0 -0.087967
0 0 -0.078057
0 0 -0.067671
0 0 -0.056886
0 0 -0.045758
0 0 -0.034222
0 0 -0.022273
0 0 -0.009969
0 0 0.002755
0 0 0.015905
0 0 0.029422
0 0 0.043372
0 0 0.057699
0 0 0.072463
0 0 0.086272
0 0 0.099032
0 0 0.110774
0 0 0.121466
0 0 0.131017
0 0 0.139455
0 0 0.146749
0 0 0.152810
0 0 0.157687
0 0 0.161328
0 0 0.163642
0 0 0.164656
0 0 0.164280
0 0 0.162541
0 0 0.159408
0 0 0.154792
0 0 0.148719
0 0 0.141160
0 0 0.132023
0 0 0.121337
0 0 0.109070
0 0 0.095132
0 0 0.079551
0 0 0.000000
0 0 0.000000
0 0 0.000000

HEART_RATE: 0 bpm
Correlation: 0.000000
Temperature: 0.000000
SpO2: skipped (weak correlation)

--- DEBUG SIGNAL DATA ---
0 0 1.000000
0 0 0.952798
0 0 0.903717
0 0 0.853023
0 0 0.800923
0 0 0.747750
0 0 0.693768
0 0 0.639183
0 0 0.584327
0 0 0.529465
0 0 0.474798
0 0 0.420659
0 0 0.367310
0 0 0.314960
0 0 0.263935
0 0 0.214504
0 0 0.166874
0 0 0.121373
0 0 0.078206
0 0 0.037701
0 0 0.000044
0 0 -0.034481
0 0 -0.065539
0 0 -0.092868
0 0 -0.116262
0 0 -0.135386
0 0 -0.149979
0 0 -0.159832
0 0 -0.164614
0 0 -0.169257
0 0 -0.173817
0 0 -0.178226
0 0 -0.182546
0 0 -0.186712
0 0 -0.190716
0 0 -0.194617
0 0 -0.198351
0 0 -0.201912
0 0 -0.205356
0 0 -0.208617
0 0 -0.211715
0 0 -0.214684
0 0 -0.217457
0 0 -0.220032
0 0 -0.222467
0 0 -0.224693
0 0 -0.226709
0 0 -0.228571
0 0 -0.230212
0 0 -0.231692
0 0 -0.232948
0 0 -0.233971
0 0 -0.234820
0 0 -0.235432
0 0 -0.235799
0 0 -0.235979
0 0 -0.235904
0 0 -0.235573
0 0 -0.235041
0 0 -0.234243
0 0 -0.233175
0 0 -0.231895
0 0 -0.230335
0 0 -0.228499
0 0 -0.226441
0 0 -0.224097
0 0 -0.221525
0 0 -0.218662
0 0 -0.215499
0 0 -0.212095
0 0 -0.208388
0 0 -0.204370
0 0 -0.200097
0 0 -0.195504
0 0 -0.190587
0 0 -0.185404
0 0 -0.179887
0 0 -0.174034
0 0 -0.167902
0 0 -0.161424
0 0 -0.154597
0 0 -0.147478
0 0 -0.140001
0 0 -0.132224
0 0 -0.124085
0 0 -0.115576
0 0 -0.106754
0 0 -0.097552
0 0 -0.087967
0 0 -0.078057
0 0 -0.067671
0 0 -0.056886
0 0 -0.045758
0 0 -0.034222
0 0 -0.022273
0 0 -0.009969
0 0 0.002755
0 0 0.015905
0 0 0.029422
0 0 0.043372
0 0 0.057699
0 0 0.072463
0 0 0.086272
0 0 0.099032
0 0 0.110774
0 0 0.121466
0 0 0.131017
0 0 0.139455
0 0 0.146749
0 0 0.152810
0 0 0.157687
0 0 0.161328
0 0 0.163642
0 0 0.164656
0 0 0.164280
0 0 0.162541
0 0 0.159408
0 0 0.154792
0 0 0.148719
0 0 0.141160
0 0 0.132023
0 0 0.121337
0 0 0.109070
0 0 0.095132
0 0 0.079551
0 0 0.000000
0 0 0.000000
0 0 0.000000
R0 493356825787.500000

HEART_RATE: 136 bpm
Correlation: 1.000000
Temperature: 0.000000
red_rms 4719210.613537, ir_rms 702393.640196, Z 0.000000
SpO2: 0.000004%

--- DEBUG SIGNAL DATA ---
-798148 -5362561 1.000000
-774549 -5204002 0.945550
-750949 -5045443 0.892038
-727350 -4886884 0.839476
-703750 -4728326 0.787870
-680151 -4569767 0.737231
-656551 -4411208 0.687566
-632952 -4252649 0.638884
-609352 -4094091 0.591196
-585753 -3935532 0.544508
-562154 -3776973 0.498830
-538554 -3618414 0.454171
-514955 -3459856 0.410540
-491355 -3301297 0.367946
-467756 -3142738 0.326396
-444156 -2984179 0.285901
-420557 -2825621 0.246469
-396957 -2667062 0.208109
-373358 -2508503 0.170829
-349759 -2349944 0.134638
-326159 -2191385 0.099546
-302560 -2032827 0.065561
-278960 -1874268 0.032692
-255361 -1715709 0.000947
-231761 -1557150 -0.029664
-208162 -1398592 -0.059132
-184563 -1240033 -0.087450
-160963 -1081474 -0.114608
-137364 -922915 -0.140596
-113764 -764357 -0.165408
-90165 -605798 -0.189032
-66565 -447239 -0.211462
-42966 -288680 -0.232687
-19366 -130121 -0.252700
4232 28436 -0.271491
27831 186995 -0.289051
51431 345554 -0.305372
75030 504113 -0.309885
98630 662671 -0.314071
122229 821230 -0.317922
145829 979789 -0.321429
169428 1138348 -0.324583
193028 1296906 -0.327376
216627 1455465 -0.329798
240226 1614024 -0.331841
263826 1772583 -0.333496
287425 1931142 -0.334754
311025 2089700 -0.335607
334624 2248259 -0.336045
358224 2406818 -0.336059
381823 2565377 -0.335642
405422 2723935 -0.334783
429022 2882494 -0.333475
452621 3041053 -0.331708
476221 3199612 -0.329474
499820 3358170 -0.326763
523420 3516729 -0.323568
547019 3675288 -0.319878
570619 3833847 -0.315686
594218 3992406 -0.310982
617817 4150964 -0.305758
641417 4309523 -0.300005
665016 4468082 -0.293714
688616 4626641 -0.286876
712215 4785199 -0.279482
735815 4943758 -0.271524
759414 5102317 -0.262993
783014 5260876 -0.253880
806613 5419434 -0.244176
830212 5577993 -0.233872
853812 5736552 -0.222959
877411 5895111 -0.211430
901011 6053670 -0.199274
924610 6212228 -0.186483
948210 6370787 -0.173048
971809 6529346 -0.158961
995409 6687905 -0.144212
1019008 6846463 -0.128793
1042607 7005022 -0.112695
1066207 7163581 -0.095909
1089806 7322140 -0.078426
1113406 7480698 -0.060238
1137005 7639257 -0.041335
1160605 7797816 -0.021709
1184204 7956375 -0.001351
1207803 8114934 0.019747
1231403 8273492 0.041596
1255002 8432051 0.064203
1278602 8590610 0.087577
1302201 8749169 0.111727
1325801 8907727 0.136662
1349400 9066286 0.162391
-1117367 -7507317 0.188922
-1093768 -7348758 0.183858
-1070169 -7190200 0.178684
-1046569 -7031641 0.173408
-1022970 -6873082 0.168040
-999370 -6714523 0.162587
-975771 -6555964 0.157059
-952171 -6397406 0.151465
-928572 -6238847 0.145813
-904972 -6080288 0.140113
-881373 -5921729 0.134372
-857774 -5763171 0.128601
-834174 -5604612 0.122807
-810575 -5446053 0.116999
-786975 -5287494 0.111187
-763376 -5128936 0.105380
-739776 -4970377 0.099585
-716177 -4811818 0.093812
-692578 -4653259 0.088070
-668978 -4494700 0.082367
-645379 -4336142 0.076712
-621779 -4177583 0.071115
-598180 -4019024 0.065583
-574580 -3860465 0.060126
-550981 -3701907 0.054753
-527381 -3543348 0.049472
-503782 -3384789 0.044292
-480183 -3226230 0.039222
-456583 -3067672 0.034271
-432984 -2909113 0.029448
-409384 -2750554 0.024761
-385785 -2591995 0.020220
-362185 -2433437 0.015832
-338586 -2274878 0.000000
-314986 -2116319 0.000000
-291387 -1957760 0.000000

HEART_RATE: 0 bpm
Correlation: 0.000000
Temperature: 0.000000
SpO2: skipped (weak correlation)

--- DEBUG SIGNAL DATA ---
0 0 1.000000
0 0 0.945550
0 0 0.892038
0 0 0.839476
0 0 0.787870
0 0 0.737231
0 0 0.687566
0 0 0.638884
0 0 0.591196
0 0 0.544508
0 0 0.498830
0 0 0.454171
0 0 0.410540
0 0 0.367946
0 0 0.326396
0 0 0.285901
0 0 0.246469
0 0 0.208109
0 0 0.170829
0 0 0.134638
0 0 0.099546
0 0 0.065561
0 0 0.032692
0 0 0.000947
0 0 -0.029664
0 0 -0.059132
0 0 -0.087450
0 0 -0.114608
0 0 -0.140596
0 0 -0.165408
0 0 -0.189032
0 0 -0.211462
0 0 -0.232687
0 0 -0.252700
0 0 -0.271491
0 0 -0.289051
0 0 -0.305372
0 0 -0.309885
0 0 -0.314071
0 0 -0.317922
0 0 -0.321429
0 0 -0.324583
0 0 -0.327376
0 0 -0.329798
0 0 -0.331841
0 0 -0.333496
0 0 -0.334754
0 0 -0.335607
0 0 -0.336045
0 0 -0.336059
0 0 -0.335642
0 0 -0.334783
0 0 -0.333475
0 0 -0.331708
0 0 -0.329474
0 0 -0.326763
0 0 -0.323568
0 0 -0.319878
0 0 -0.315686
0 0 -0.310982
0 0 -0.305758
0 0 -0.300005
0 0 -0.293714
0 0 -0.286876
0 0 -0.279482
0 0 -0.271524
0 0 -0.262993
0 0 -0.253880
0 0 -0.244176
0 0 -0.233872
0 0 -0.222959
0 0 -0.211430
0 0 -0.199274
0 0 -0.186483
0 0 -0.173048
0 0 -0.158961
0 0 -0.144212
0 0 -0.128793
0 0 -0.112695
0 0 -0.095909
0 0 -0.078426
0 0 -0.060238
0 0 -0.041335
0 0 -0.021709
0 0 -0.001351
0 0 0.019747
0 0 0.041596
0 0 0.064203
0 0 0.087577
0 0 0.111727
0 0 0.136662
0 0 0.162391
0 0 0.188922
0 0 0.183858
0 0 0.178684
0 0 0.173408
0 0 0.168040
0 0 0.162587
0 0 0.157059
0 0 0.151465
0 0 0.145813
0 0 0.140113
0 0 0.134372
0 0 0.128601
0 0 0.122807
0 0 0.116999
0 0 0.111187
0 0 0.105380
0 0 0.099585
0 0 0.093812
0 0 0.088070
0 0 0.082367
0 0 0.076712
0 0 0.071115
0 0 0.065583
0 0 0.060126
0 0 0.054753
0 0 0.049472
0 0 0.044292
0 0 0.039222
0 0 0.034271
0 0 0.029448
0 0 0.024761
0 0 0.020220
0 0 0.015832
0 0 0.000000
0 0 0.000000
0 0 0.000000
R0 551118.890625

HEART_RATE: 136 bpm
Correlation: 0.000000
Temperature: 0.000000
SpO2: skipped (weak correlation)

--- DEBUG SIGNAL DATA ---
879 0 1.000000
854 0 0.969107
830 0 0.936644
806 0 0.902735
782 0 0.867491
758 0 0.831023
733 0 0.793441
709 0 0.754843
685 0 0.715354
661 0 0.675083
636 0 0.634141
612 0 0.592626
588 0 0.550662
564 0 0.508360
540 0 0.465832
515 0 0.423187
491 0 0.380524
467 0 0.337966
443 0 0.295623
418 0 0.253604
394 0 0.212009
370 0 0.170960
346 0 0.130570
322 0 0.090948
297 0 0.052207
273 0 0.014442
249 0 -0.022247
225 0 -0.057726
200 0 -0.091883
176 0 -0.124621
152 0 -0.155815
128 0 -0.185355
104 0 -0.213129
79 0 -0.239027
55 0 -0.262952
31 0 -0.284780
7 0 -0.304399
-17 0 -0.321699
-41 0 -0.336595
-65 0 -0.348950
-89 0 -0.358655
-113 0 -0.365597
-138 0 -0.369666
-162 0 -0.373395
-186 0 -0.376765
-210 0 -0.379766
-235 0 -0.382388
-259 0 -0.384638
-283 0 -0.386495
-307 0 -0.387949
-331 0 -0.388993
-356 0 -0.389619
-380 0 -0.389833
-404 0 -0.389612
-428 0 -0.388950
-453 0 -0.387836
-477 0 -0.386276
-501 0 -0.384248
-525 0 -0.381745
-549 0 -0.378759
-574 0 -0.375279
-598 0 -0.371313
-622 0 -0.366837
-646 0 -0.361844
-671 0 -0.356325
-695 0 -0.350285
-719 0 -0.343703
-743 0 -0.336571
-768 0 -0.328880
-792 0 -0.320635
-816 0 -0.311815
-840 0 -0.302411
-864 0 -0.292415
-889 0 -0.281818
-913 0 -0.270626
-937 0 -0.258816
-961 0 -0.246381
-986 0 -0.233313
-1010 0 -0.219616
-1034 0 -0.205269
-1058 0 -0.190263
-1082 0 -0.174591
-1107 0 -0.158242
-1131 0 -0.141223
-1155 0 -0.123512
-1179 0 -0.105101
-1204 0 -0.085982
-1130 0 -0.066159
-1056 0 -0.046866
-982 0 -0.028126
-908 0 -0.009967
-835 0 0.007588
-761 0 0.024525
-687 0 0.040808
-613 0 0.056411
-540 0 0.071308
-466 0 0.085462
-392 0 0.098859
-318 0 0.111474
-244 0 0.123283
-171 0 0.134260
-97 0 0.144367
-23 0 0.153590
50 0 0.161906
123 0 0.169301
197 0 0.175724
271 0 0.181164
345 0 0.185594
419 0 0.188990
492 0 0.191327
566 0 0.192565
640 0 0.192692
714 0 0.191684
787 0 0.189515
861 0 0.186146
935 0 0.181566
1009 0 0.175748
1083 0 0.168668
1156 0 0.160300
1230 0 0.150606
1304 0 0.139574
1378 0 0.127178
1451 0 0.113393
1525 0 0.098180
1599 0 0.081527
1673 0 0.000000
1747 0 0.000000
1820 0 0.000000

HEART_RATE: 0 bpm
Correlation: 0.000000
Temperature: 0.000000
SpO2: skipped (weak correlation)

--- DEBUG SIGNAL DATA ---
0 0 1.000000
0 0 0.969107
0 0 0.936644
0 0 0.902735
0 0 0.867491
0 0 0.831023
0 0 0.793441
0 0 0.754843
0 0 0.715354
0 0 0.675083
0 0 0.634141
0 0 0.592626
0 0 0.550662
0 0 0.508360
0 0 0.465832
0 0 0.423187
0 0 0.380524
0 0 0.337966
0 0 0.295623
0 0 0.253604
0 0 0.212009
0 0 0.170960
0 0 0.130570
0 0 0.090948
0 0 0.052207
0 0 0.014442
0 0 -0.022247
0 0 -0.057726
0 0 -0.091883
0 0 -0.124621
0 0 -0.155815
0 0 -0.185355
0 0 -0.213129
0 0 -0.239027
0 0 -0.262952
0 0 -0.284780
0 0 -0.304399
0 0 -0.321699
0 0 -0.336595
0 0 -0.348950
0 0 -0.358655
0 0 -0.365597
0 0 -0.369666
0 0 -0.373395
0 0 -0.376765
0 0 -0.379766
0 0 -0.382388
0 0 -0.384638
0 0 -0.386495
0 0 -0.387949
0 0 -0.388993
0 0 -0.389619
0 0 -0.389833
0 0 -0.389612
0 0 -0.388950
0 0 -0.387836
0 0 -0.386276
0 0 -0.384248
0 0 -0.381745
0 0 -0.378759
0 0 -0.375279
0 0 -0.371313
0 0 -0.366837
0 0 -0.361844
0 0 -0.356325
0 0 -0.350285
0 0 -0.343703
0 0 -0.336571
0 0 -0.328880
0 0 -0.320635
0 0 -0.311815
0 0 -0.302411
0 0 -0.292415
0 0 -0.281818
0 0 -0.270626
0 0 -0.258816
0 0 -0.246381
0 0 -0.233313
0 0 -0.219616
0 0 -0.205269
0 0 -0.190263
0 0 -0.174591
0 0 -0.158242
0 0 -0.141223
0 0 -0.123512
0 0 -0.105101
0 0 -0.085982
0 0 -0.066159
0 0 -0.046866
0 0 -0.028126
0 0 -0.009967
0 0 0.007588
0 0 0.024525
0 0 0.040808
0 0 0.056411
0 0 0.071308
0 0 0.085462
0 0 0.098859
0 0 0.111474
0 0 0.123283
0 0 0.134260
0 0 0.144367
0 0 0.153590
0 0 0.161906
0 0 0.169301
0 0 0.175724
0 0 0.181164
0 0 0.185594
0 0 0.188990
0 0 0.191327
0 0 0.192565
0 0 0.192692
0 0 0.191684
0 0 0.189515
0 0 0.186146
0 0 0.181566
0 0 0.175748
0 0 0.168668
0 0 0.160300
0 0 0.150606
0 0 0.139574
0 0 0.127178
0 0 0.113393
0 0 0.098180
0 0 0.081527
0 0 0.000000
0 0 0.000000
0 0 0.000000

HEART_RATE: 0 bpm
Correlation: 0.000000
Temperature: 0.000000
SpO2: skipped (weak correlation)

--- DEBUG SIGNAL DATA ---
0 0 1.000000
0 0 0.969107
0 0 0.936644
0 0 0.902735
0 0 0.867491
0 0 0.831023
0 0 0.793441
0 0 0.754843
0 0 0.715354
0 0 0.675083
0 0 0.634141
0 0 0.592626
0 0 0.550662
0 0 0.508360
0 0 0.465832
0 0 0.423187
0 0 0.380524
0 0 0.337966
0 0 0.295623
0 0 0.253604
0 0 0.212009
0 0 0.170960
0 0 0.130570
0 0 0.090948
0 0 0.052207
0 0 0.014442
0 0 -0.022247
0 0 -0.057726
0 0 -0.091883
0 0 -0.124621
0 0 -0.155815
0 0 -0.185355
0 0 -0.213129
0 0 -0.239027
0 0 -0.262952
0 0 -0.284780
0 0 -0.304399
0 0 -0.321699
0 0 -0.336595
0 0 -0.348950
0 0 -0.358655
0 0 -0.365597
0 0 -0.369666
0 0 -0.373395
0 0 -0.376765
0 0 -0.379766
0 0 -0.382388
0 0 -0.384638
0 0 -0.386495
0 0 -0.387949
0 0 -0.388993
0 0 -0.389619
0 0 -0.389833
0 0 -0.389612
0 0 -0.388950
0 0 -0.387836
0 0 -0.386276
0 0 -0.384248
0 0 -0.381745
0 0 -0.378759
0 0 -0.375279
0 0 -0.371313
0 0 -0.366837
0 0 -0.361844
0 0 -0.356325
0 0 -0.350285
0 0 -0.343703
0 0 -0.336571
0 0 -0.328880
0 0 -0.320635
0 0 -0.311815
0 0 -0.302411
0 0 -0.292415
0 0 -0.281818
0 0 -0.270626
0 0 -0.258816
0 0 -0.246381
0 0 -0.233313
0 0 -0.219616
0 0 -0.205269
0 0 -0.190263
0 0 -0.174591
0 0 -0.158242
0 0 -0.141223
0 0 -0.123512
0 0 -0.105101
0 0 -0.085982
0 0 -0.066159
0 0 -0.046866
0 0 -0.028126
0 0 -0.009967
0 0 0.007588
0 0 0.024525
0 0 0.040808
0 0 0.056411
0 0 0.071308
0 0 0.085462
0 0 0.098859
0 0 0.111474
0 0 0.123283
0 0 0.134260
0 0 0.144367
0 0 0.153590
0 0 0.161906
0 0 0.169301
0 0 0.175724
0 0 0.181164
0 0 0.185594
0 0 0.188990
0 0 0.191327
0 0 0.192565
0 0 0.192692
0 0 0.191684
0 0 0.189515
0 0 0.186146
0 0 0.181566
0 0 0.175748
0 0 0.168668
0 0 0.160300
0 0 0.150606
0 0 0.139574
0 0 0.127178
0 0 0.113393
0 0 0.098180
0 0 0.081527
0 0 0.000000
0 0 0.000000
0 0 0.000000
R0 65.562500

HEART_RATE: 136 bpm
Correlation: 0.000000
Temperature: 0.000000
SpO2: skipped (weak correlation)

--- DEBUG SIGNAL DATA ---
18 0 1.000000
17 0 0.970091
17 0 0.940658
16 0 0.910867
15 0 0.877145
15 0 0.844018
14 0 0.810772
13 0 0.774071
13 0 0.738084
12 0 0.702216
11 0 0.663370
11 0 0.625357
10 0 0.587703
9 0 0.547545
9 0 0.508341
8 0 0.469733
7 0 0.429099
7 0 0.389418
6 0 0.350572
5 0 0.310176
5 0 0.270853
4 0 0.232602
3 0 0.193279
3 0 0.155029
2 0 0.117969
1 0 0.080195
1 0 0.043613
0 0 0.008460
0 0 -0.026930
0 0 -0.063275
-1 0 -0.097950
-2 0 -0.132626
-2 0 -0.165872
-3 0 -0.197212
-4 0 -0.228074
-4 0 -0.257388
-5 0 -0.285867
-6 0 -0.313513
-6 0 -0.339371
-7 0 -0.362965
-8 0 -0.385248
-8 0 -0.405624
-9 0 -0.423499
-10 0 -0.439585
-10 0 -0.453646
-11 0 -0.465086
-12 0 -0.474380
-12 0 -0.481649
-13 0 -0.486058
-14 0 -0.487846
-13 0 -0.487488
-13 0 -0.486296
-13 0 -0.484271
-12 0 -0.482364
-12 0 -0.479623
-12 0 -0.475810
-11 0 -0.472235
-11 0 -0.467827
-11 0 -0.462107
-10 0 -0.456745
-10 0 -0.450548
-10 0 -0.442803
-9 0 -0.435534
-9 0 -0.427431
-9 0 -0.417541
-9 0 -0.408246
-8 0 -0.397045
-8 0 -0.384890
-8 0 -0.373213
-7 0 -0.359747
-7 0 -0.345329
-7 0 -0.331268
-6 0 -0.315419
-6 0 -0.298618
-6 0 -0.282054
-5 0 -0.263704
-5 0 -0.244399
-5 0 -0.225214
-4 0 -0.204242
-4 0 -0.182316
-4 0 -0.161702
-3 0 -0.140729
-3 0 -0.120234
-3 0 -0.101049
-2 0 -0.081625
-2 0 -0.062798
-2 0 -0.045281
-1 0 -0.027645
-1 0 -0.010724
-1 0 0.004886
0 0 0.020496
0 0 0.035272
0 0 0.048737
0 0 0.062083
0 0 0.076740
0 0 0.090086
1 0 0.103313
1 0 0.115586
1 0 0.126549
2 0 0.137274
2 0 0.146926
2 0 0.156578
3 0 0.165991
3 0 0.174214
3 0 0.181125
4 0 0.187679
4 0 0.192922
4 0 0.196854
5 0 0.200310
5 0 0.202336
5 0 0.203051
6 0 0.203170
6 0 0.201740
6 0 0.198999
7 0 0.195543
7 0 0.190419
7 0 0.183985
8 0 0.176716
8 0 0.167660
8 0 0.157293
9 0 0.145972
9 0 0.132745
9 0 0.118208
10 0 0.102598
10 0 0.084962
10 0 0.000000
11 0 0.000000
11 0 0.000000

HEART_RATE: 0 bpm
Correlation: 0.000000
Temperature: 0.000000
SpO2: skipped (weak correlation)

--- DEBUG SIGNAL DATA ---
0 0 1.000000
0 0 0.970091
0 0 0.940658
0 0 0.910867
0 0 0.877145
0 0 0.844018
0 0 0.810772
0 0 0.774071
0 0 0.738084
0 0 0.702216
0 0 0.663370
0 0 0.625357
0 0 0.587703
0 0 0.547545
0 0 0.508341
0 0 0.469733
0 0 0.429099
0 0 0.389418
0 0 0.350572
0 0 0.310176
0 0 0.270853
0 0 0.232602
0 0 0.193279
0 0 0.155029
0 0 0.117969
0 0 0.080195
0 0 0.043613
0 0 0.008460
0 0 -0.026930
0 0 -0.063275
0 0 -0.097950
0 0 -0.132626
0 0 -0.165872
0 0 -0.197212
0 0 -0.228074
0 0 -0.257388
0 0 -0.285867
0 0 -0.313513
0 0 -0.339371
0 0 -0.362965
0 0 -0.385248
0 0 -0.405624
0 0 -0.423499
0 0 -0.439585
0 0 -0.453646
0 0 -0.465086
0 0 -0.474380
0 0 -0.481649
0 0 -0.486058
0 0 -0.487846
0 0 -0.487488
0 0 -0.486296
0 0 -0.484271
0 0 -0.482364
0 0 -0.479623
0 0 -0.475810
0 0 -0.472235
0 0 -0.467827
0 0 -0.462107
0 0 -0.456745
0 0 -0.450548
0 0 -0.442803
0 0 -0.435534
0 0 -0.427431
0 0 -0.417541
0 0 -0.408246
0 0 -0.397045
0 0 -0.384890
0 0 -0.373213
0 0 -0.359747
0 0 -0.345329
0 0 -0.331268
0 0 -0.315419
0 0 -0.298618
0 0 -0.282054
0 0 -0.263704
0 0 -0.244399
0 0 -0.225214
0 0 -0.204242
0 0 -0.182316
0 0 -0.161702
0 0 -0.140729
0 0 -0.120234
0 0 -0.101049
0 0 -0.081625
0 0 -0.062798
0 0 -0.045281
0 0 -0.027645
0 0 -0.010724
0 0 0.004886
0 0 0.020496
0 0 0.035272
0 0 0.048737
0 0 0.062083
0 0 0.076740
0 0 0.090086
0 0 0.103313
0 0 0.115586
0 0 0.126549
0 0 0.137274
0 0 0.146926
0 0 0.156578
0 0 0.165991
0 0 0.174214
0 0 0.181125
0 0 0.187679
0 0 0.192922
0 0 0.196854
0 0 0.200310
0 0 0.202336
0 0 0.203051
0 0 0.203170
0 0 0.201740
0 0 0.198999
0 0 0.195543
0 0 0.190419
0 0 0.183985
0 0 0.176716
0 0 0.167660
0 0 0.157293
0 0 0.145972
0 0 0.132745
0 0 0.118208
0 0 0.102598
0 0 0.084962
0 0 0.000000
0 0 0.000000
0 0 0.000000
R0 1597461203549.398438

HEART_RATE: 136 bpm
Correlation: -1.000000
Temperature: 0.000000
SpO2: skipped (weak correlation)

--- DEBUG SIGNAL DATA ---
846998 -2845439 1.000000
789540 -2652411 0.932679
732081 -2459383 0.866775
674623 -2266355 0.802302
617164 -2073327 0.739277
559706 -1880299 0.677716
502248 -1687271 0.617636
444789 -1494243 0.559052
387331 -1301215 0.501980
329873 -1108187 0.446438
272414 -915159 0.392440
214956 -722130 0.340003
157497 -529102 0.289144
100039 -336074 0.239878
42581 -143046 0.192221
-14877 49981 0.146190
-72335 243009 0.101801
-129793 436037 0.059069
-187252 629065 0.018012
-244710 822093 -0.021355
-302169 1015121 -0.059016
-359627 1208149 -0.094954
-417085 1401177 -0.129154
-474544 1594205 -0.161599
-532002 1787233 -0.192272
-589461 1980261 -0.221159
-646919 2173290 -0.248243
-704377 2366318 -0.273507
-761836 2559346 -0.296935
-819294 2752374 -0.318512
-876752 2945402 -0.338222
-934211 3138430 -0.356047
-991669 3331458 -0.371972
-1049128 3524486 -0.385981
-1106586 3717514 -0.398057
-1164044 3910542 -0.408185
-1221503 4103570 -0.416348
-1278961 4296598 -0.422531
-1336419 4489626 -0.426716
-1393878 4682654 -0.428888
-1451336 4875682 -0.429031
-1508795 5068711 -0.427129
-1566253 5261739 -0.423165
-1623711 5454767 -0.417123
-1681170 5647795 -0.408987
-1738628 5840823 -0.398742
-1796086 6033851 -0.386370
-1853545 6226879 -0.371856
-1911003 6419907 -0.355183
-1968462 6612935 -0.336336
-2025920 6805963 -0.315299
-2083378 6998991 -0.292054
-2140837 7192019 -0.266586
-2198295 7385047 -0.238879
-2255753 7578075 -0.208917
-2313212 7771103 -0.176683
2609967 -8768030 -0.142162
2552508 -8575002 -0.127368
2495050 -8381974 -0.111654
2437592 -8188946 -0.095003
2380133 -7995918 -0.077399
2322675 -7802890 -0.058827
2265217 -7609862 -0.039269
2207758 -7416834 -0.018711
2150300 -7223806 0.002864
2092841 -7030778 0.025473
2035383 -6837750 0.049132
1977925 -6644722 0.073856
1920466 -6451694 0.099661
1863008 -6258666 0.126565
1805550 -6065638 0.154583
1748091 -5872610 0.183731
1690633 -5679581 0.214025
1633174 -5486553 0.208286
1575716 -5293525 0.202326
1518258 -5100497 0.196162
1460799 -4907469 0.189809
1403341 -4714441 0.183283
1345883 -4521413 0.176601
1288424 -4328385 0.169779
1230966 -4135357 0.162832
1173507 -3942329 0.155778
1116049 -3749301 0.148632
1058591 -3556273 0.141411
1001132 -3363245 0.134130
943674 -3170217 0.126805
886216 -2977189 0.119454
828757 -2784160 0.112092
771299 -2591132 0.104734
713840 -2398104 0.097398
656382 -2205076 0.090099
598924 -2012048 0.082854
541465 -1819020 0.075679
484007 -1625992 0.068589
426549 -1432964 0.061602
369090 -1239936 0.054733
311632 -1046908 0.047997
254173 -853880 0.041413
196715 -660852 0.034995
139257 -467824 0.028759
81798 -274796 0.022723
24340 -81768 0.016902
-33117 111260 0.011311
-90576 304288 0.005968
-148034 497316 0.000889
-205493 690344 -0.003911
-262951 883372 -0.008415
-320409 1076400 -0.012607
-377868 1269428 -0.016471
-435326 1462456 -0.019991
-492785 1655484 -0.023151
-550243 1848512 -0.025934
-607701 2041540 -0.028325
-665160 2234568 -0.030306
-722618 2427596 -0.031863
-780076 2620624 -0.032979
-837535 2813652 -0.033638
-894993 3006681 -0.033823
-952452 3199709 -0.033518
-1009910 3392737 -0.032708
-1067368 3585765 -0.031377
-1124827 3778793 -0.029507
-1182285 3971821 -0.027083
-1239743 4164849 -0.024089
-1297202 4357877 -0.020509
-1354660 4550905 0.000000
-1412119 4743933 0.000000
-1469577 4936961 0.000000

HEART_RATE: 0 bpm
Correlation: 0.000000
Temperature: 0.000000
SpO2: skipped (weak correlation)

--- DEBUG SIGNAL DATA ---
0 0 1.000000
0 0 0.932679
0 0 0.866775
0 0 0.802302
0 0 0.739277
0 0 0.677716
0 0 0.617636
0 0 0.559052
0 0 0.501980
0 0 0.446438
0 0 0.392440
0 0 0.340003
0 0 0.289144
