ï¿½Í¥ï¿½ï¿½ï¿½ v3.1
[0;32mI (36) boot.espï¿½ets Jul 29 2019 12:21:46[0m

rst:0x1 (POWERON_RESET),boot:0x13 (SPI_FAST_FLASH_BOOT)
configsip: 0, SPIWP:0xee
clk_drv:0x00,q_drv:0x00,d_drv:0x00,cs0_drv:0x00,hd_drv:0x00,wp_drv:0x00
mode:DIO, clock div:2
load:0x3fff0030,len:6596
load:0x40078000,len:18036
load:0x40080400,len:4
ho 8 tail 4 room 4
load:0x40080404,len:4284
entry 0x400806e8
[0;32mI (31) boot: ESP-IDF v5.4-dirty 2nd stage bootloader[0m
[0;32mI (31) boot: compile time Sep 30 2025 22:23:40[0m
[0;32mI (31) boot: Multicore bootloader[0m
[0;32mI (33) boot: chip revision: v3.1[0m
[0;32mI (36) boot.esp32: SPI Speed      : 40MHz[0m
[0;32mI (39) boot.esp32: SPI Mode       : DIO[0m
[0;32mI (43) boot.esp32: SPI Flash Size : 4MB[0m
[0;32mI (47) boot: Enabling RNG early entropy source...[0m
[0;32mI (51) boot: Partition Table:[0m
[0;32mI (54) boot: ## Label            Usage          Type ST Offset   Length[0m
[0;32mI (60) boot:  0 nvs              WiFi data        01 02 00011000 00006000[0m
[0;32mI (66) boot:  1 phy_init         RF data          01 01 00017000 00001000[0m
[0;32mI (73) boot:  2 factory          factory app      00 00 00020000 00177000[0m
[0;32mI (80) boot: End of partition table[0m
[0;32mI (83) esp_image: segment 0: paddr=00020020 vaddr=3f400020 size=0b4e0h ( 46304) map[0m
[0;32mI (107) esp_image: segment 1: paddr=0002b508 vaddr=3ff80000 size=0001ch (    28) load[0m
[0;32mI (107) esp_image: segment 2: paddr=0002b52c vaddr=3ffb0000 size=02414h (  9236) load[0m
[0;32mI (114) esp_image: segment 3: paddr=0002d948 vaddr=40080000 size=026d0h (  9936) load[0m
[0;32mI (122) esp_image: segment 4: paddr=00030020 vaddr=400d0020 size=179c8h ( 96712) map[0m
[0;32mI (159) esp_image: segment 5: paddr=000479f0 vaddr=400826d0 size=0ba5ch ( 47708) load[0m
[0;32mI (187) boot: Loaded app from partition at offset 0x20000[0m
[0;32mI (187) boot: Disabling RNG early entropy source...[0m
[0;32mI (198) cpu_start: Multicore app[0m
[0;32mI (206) cpu_start: Pro cpu start user code[0m
[0;32mI (206) cpu_start: cpu freq: 240000000 Hz[0m
[0;32mI (206) app_init: Application information:[0m
[0;32mI (209) app_init: Project name:     oximetro-hr[0m
[0;32mI (214) app_init: App version:      1[0m
[0;32mI (219) app_init: Compile time:     Sep 30 2025 22:21:56[0m
[0;32mI (225) app_init: ELF file SHA256:  1803df317...[0m
[0;32mI (230) app_init: ESP-IDF:          v5.4-dirty[0m
[0;32mI (235) efuse_init: Min chip rev:     v0.0[0m
[0;32mI (240) efuse_init: Max chip rev:     v3.99 [0m
[0;32mI (245) efuse_init: Chip rev:         v3.1[0m
[0;32mI (250) heap_init: Initializing. RAM available for dynamic allocation:[0m
[0;32mI (257) heap_init: At 3FFAE6E0 len 00001920 (6 KiB): DRAM[0m
[0;32mI (263) heap_init: At 3FFB3EA8 len 0002C158 (176 KiB): DRAM[0m
[0;32mI (269) heap_init: At 3FFE0440 len 00003AE0 (14 KiB): D/IRAM[0m
[0;32mI (276) heap_init: At 3FFE4350 len 0001BCB0 (111 KiB): D/IRAM[0m
[0;32mI (282) heap_init: At 4008E12C len 00011ED4 (71 KiB): IRAM[0m
[0;32mI (290) spi_flash: detected chip: generic[0m
[0;32mI (293) spi_flash: flash io: dio[0m
[0;33mW (297) i2c: This driver is an old driver, please migrate your application code to adapt `driver/i2c_master.h`[0m
[0;32mI (308) main_task: Started on CPU0[0m
[0;32mI (318) main_task: Calling app_main()[0m
[0;32mI (318) main_task: Returned from app_main()[0m
R0 0.000000

HEART_RATE: 0 bpm
Correlation: 0.000000
Temperature: 0.000000
SpO2: skipped (weak correlation)

--- DEBUG SIGNAL DATA ---
0 0 0.000000
0 0 0.000000
0 0 0.000000
0 0 0.000000
0 0 0.000000
0 0 0.000000
0 0 0.000000
0 0 0.000000
0 0 0.000000
0 0 0.000000
0 0 0.000000
0 0 0.000000
0 0 0.000000
0 0 0.000000
0 0 0.000000
0 0 0.000000
0 0 0.000000
0 0 0.000000
0 0 0.000000
0 0 0.000000
0 0 0.000000
0 0 0.000000
0 0 0.000000
0 0 0.000000
0 0 0.000000
0 0 0.000000
0 0 0.000000
0 0 0.000000
0 0 0.000000
0 0 0.000000
0 0 0.000000
0 0 0.000000
0 0 0.000000
0 0 0.000000
0 0 0.000000
0 0 0.000000
0 0 0.000000
0 0 0.000000
0 0 0.000000
0 0 0.000000
0 0 0.000000
0 0 0.000000
0 0 0.000000
0 0 0.000000
0 0 0.000000
0 0 0.000000
0 0 0.000000
0 0 0.000000
0 0 0.000000
0 0 0.000000
0 0 0.000000
0 0 0.000000
0 0 0.000000
0 0 0.000000
0 0 0.000000
0 0 0.000000
0 0 0.000000
0 0 0.000000
0 0 0.000000
0 0 0.000000
0 0 0.000000
0 0 0.000000
0 0 0.000000
0 0 0.000000
0 0 0.000000
0 0 0.000000
0 0 0.000000
0 0 0.000000
0 0 0.000000
0 0 0.000000
0 0 0.000000
0 0 0.000000
0 0 0.000000
0 0 0.000000
0 0 0.000000
0 0 0.000000
0 0 0.000000
0 0 0.000000
0 0 0.000000
0 0 0.000000
0 0 0.000000
0 0 0.000000
0 0 0.000000
0 0 0.000000
0 0 0.000000
0 0 0.000000
0 0 0.000000
0 0 0.000000
0 0 0.000000
0 0 0.000000
0 0 0.000000
0 0 0.000000
0 0 0.000000
0 0 0.000000
0 0 0.000000
0 0 0.000000
0 0 0.000000
0 0 0.000000
0 0 0.000000
0 0 0.000000
0 0 0.000000
0 0 0.000000
0 0 0.000000
0 0 0.000000
0 0 0.000000
0 0 0.000000
0 0 0.000000
0 0 0.000000
0 0 0.000000
0 0 0.000000
0 0 0.000000
0 0 0.000000
0 0 0.000000
0 0 0.000000
0 0 0.000000
0 0 0.000000
0 0 0.000000
0 0 0.000000
0 0 0.000000
0 0 0.000000
0 0 0.000000
0 0 0.000000
0 0 0.000000
0 0 0.000000
0 0 0.000000
0 0 0.000000
0 0 0.000000
0 0 0.000000
R0 0.000000

HEART_RATE: 0 bpm
Correlation: 0.000000
Temperature: 0.000000
SpO2: skipped (weak correlation)

--- DEBUG SIGNAL DATA ---
0 0 0.000000
0 0 0.000000
0 0 0.000000
0 0 0.000000
0 0 0.000000
0 0 0.000000
0 0 0.000000
0 0 0.000000
0 0 0.000000
0 0 0.000000
0 0 0.000000
0 0 0.000000
0 0 0.000000
0 0 0.000000
0 0 0.000000
0 0 0.000000
0 0 0.000000
0 0 0.000000
0 0 0.000000
0 0 0.000000
0 0 0.000000
0 0 0.000000
0 0 0.000000
0 0 0.000000
0 0 0.000000
0 0 0.000000
0 0 0.000000
0 0 0.000000
0 0 0.000000
0 0 0.000000
0 0 0.000000
0 0 0.000000
0 0 0.000000
0 0 0.000000
0 0 0.000000
0 0 0.000000
0 0 0.000000
0 0 0.000000
0 0 0.000000
0 0 0.000000
0 0 0.000000
0 0 0.000000
0 0 0.000000
0 0 0.000000
0 0 0.000000
0 0 0.000000
0 0 0.000000
0 0 0.000000
0 0 0.000000
0 0 0.000000
0 0 0.000000
0 0 0.000000
0 0 0.000000
0 0 0.000000
0 0 0.000000
0 0 0.000000
0 0 0.000000
0 0 0.000000
0 0 0.000000
0 0 0.000000
0 0 0.000000
0 0 0.000000
0 0 0.000000
0 0 0.000000
0 0 0.000000
0 0 0.000000
0 0 0.000000
0 0 0.000000
0 0 0.000000
0 0 0.000000
0 0 0.000000
0 0 0.000000
0 0 0.000000
0 0 0.000000
0 0 0.000000
0 0 0.000000
0 0 0.000000
0 0 0.000000
0 0 0.000000
0 0 0.000000
0 0 0.000000
0 0 0.000000
0 0 0.000000
0 0 0.000000
0 0 0.000000
0 0 0.000000
0 0 0.000000
0 0 0.000000
0 0 0.000000
0 0 0.000000
0 0 0.000000
0 0 0.000000
0 0 0.000000
0 0 0.000000
0 0 0.000000
0 0 0.000000
0 0 0.000000
0 0 0.000000
0 0 0.000000
0 0 0.000000
0 0 0.000000
0 0 0.000000
0 0 0.000000
0 0 0.000000
0 0 0.000000
0 0 0.000000
0 0 0.000000
0 0 0.000000
0 0 0.000000
0 0 0.000000
0 0 0.000000
0 0 0.000000
0 0 0.000000
0 0 0.000000
0 0 0.000000
0 0 0.000000
0 0 0.000000
0 0 0.000000
0 0 0.000000
0 0 0.000000
0 0 0.000000
0 0 0.000000
0 0 0.000000
0 0 0.000000
0 0 0.000000
0 0 0.000000
0 0 0.000000
0 0 0.000000
R0 42161.734375

HEART_RATE: 150 bpm
Correlation: 0.000000
Temperature: 0.000000
SpO2: skipped (weak correlation)

--- DEBUG SIGNAL DATA ---
-196 0 0.000000
-191 0 0.000000
-186 0 0.000000
-181 0 0.000000
-176 0 0.000000
-170 0 0.000000
-165 0 0.000000
-160 0 0.000000
-155 0 0.000000
-150 0 0.000000
-145 0 0.522010
-139 0 0.471202
-134 0 0.420740
-129 0 0.370799
-124 0 0.321587
-119 0 0.273319
-114 0 0.226085
-109 0 0.180207
-103 0 0.135900
-98 0 0.093415
-93 0 0.052923
-88 0 0.014638
-83 0 -0.021469
-78 0 -0.054957
-72 0 -0.085615
-67 0 -0.113194
-62 0 -0.137519
-57 0 -0.158381
-52 0 -0.175566
-47 0 -0.188983
-41 0 -0.198306
-36 0 -0.203285
-31 0 -0.208097
-26 0 -0.212738
-21 0 -0.217200
-16 0 -0.221601
-11 0 -0.225821
-5 0 -0.229848
0 0 -0.233640
4 0 -0.237231
9 0 -0.240653
14 0 -0.243984
19 0 -0.247106
25 0 -0.250005
30 0 -0.252641
35 0 -0.255047
40 0 -0.257218
45 0 -0.259148
50 0 -0.260953
56 0 -0.262514
61 0 -0.263782
66 0 -0.264789
71 0 -0.265532
76 0 -0.266004
81 0 -0.266322
86 0 -0.266366
92 0 -0.266125
97 0 -0.265556
102 0 -0.264693
107 0 -0.263531
112 0 -0.262192
117 0 -0.260555
123 0 -0.258610
128 0 -0.256315
133 0 -0.253701
138 0 -0.250766
143 0 -0.247504
148 0 -0.244029
153 0 -0.240224
159 0 -0.236075
164 0 -0.231542
169 0 -0.226658
174 0 -0.221416
179 0 -0.215933
184 0 -0.210089
190 0 -0.203873
195 0 -0.197243
200 0 -0.190231
205 0 -0.182833
210 0 -0.175043
215 0 -0.166977
221 0 -0.158510
226 0 -0.149598
231 0 -0.140275
236 0 -0.130536
241 0 -0.120376
246 0 -0.109911
251 0 -0.099021
257 0 -0.087694
262 0 -0.075890
267 0 -0.063519
272 0 -0.050692
277 0 -0.037524
282 0 -0.023896
288 0 -0.009796
293 0 0.004817
298 0 0.019912
303 0 0.035492
272 0 0.051563
241 0 0.066669
211 0 0.080894
180 0 0.094249
149 0 0.106668
118 0 0.118120
87 0 0.128579
56 0 0.137896
25 0 0.146155
-4 0 0.153329
-35 0 0.159463
-66 0 0.164455
-97 0 0.168278
-128 0 0.170782
-159 0 0.172052
-189 0 0.172061
-220 0 0.170816
-251 0 0.168254
-282 0 0.164344
-313 0 0.159058
-344 0 0.152247
-375 0 0.143997
-405 0 0.134280
-436 0 0.123104
-467 0 0.110403
-498 0 0.096150
-529 0 0.080194
-560 0 0.000000
-590 0 0.000000
-621 0 0.000000
R0 0.000000

HEART_RATE: 0 bpm
Correlation: 0.000000
Temperature: 0.000000
SpO2: skipped (weak correlation)

--- DEBUG SIGNAL DATA ---
0 0 0.000000
0 0 0.000000
0 0 0.000000
0 0 0.000000
0 0 0.000000
0 0 0.000000
0 0 0.000000
0 0 0.000000
0 0 0.000000
0 0 0.000000
0 0 0.000000
0 0 0.000000
0 0 0.000000
0 0 0.000000
0 0 0.000000
0 0 0.000000
0 0 0.000000
0 0 0.000000
0 0 0.000000
0 0 0.000000
0 0 0.000000
0 0 0.000000
0 0 0.000000
0 0 0.000000
0 0 0.000000
0 0 0.000000
0 0 0.000000
0 0 0.000000
0 0 0.000000
0 0 0.000000
0 0 0.000000
0 0 0.000000
0 0 0.000000
0 0 0.000000
0 0 0.000000
0 0 0.000000
0 0 0.000000
0 0 0.000000
0 0 0.000000
0 0 0.000000
0 0 0.000000
0 0 0.000000
0 0 0.000000
0 0 0.000000
0 0 0.000000
0 0 0.000000
0 0 0.000000
0 0 0.000000
0 0 0.000000
0 0 0.000000
0 0 0.000000
0 0 0.000000
0 0 0.000000
0 0 0.000000
0 0 0.000000
0 0 0.000000
0 0 0.000000
0 0 0.000000
0 0 0.000000
0 0 0.000000
0 0 0.000000
0 0 0.000000
0 0 0.000000
0 0 0.000000
0 0 0.000000
0 0 0.000000
0 0 0.000000
0 0 0.000000
0 0 0.000000
0 0 0.000000
0 0 0.000000
0 0 0.000000
0 0 0.000000
0 0 0.000000
0 0 0.000000
0 0 0.000000
0 0 0.000000
0 0 0.000000
0 0 0.000000
0 0 0.000000
0 0 0.000000
0 0 0.000000
0 0 0.000000
0 0 0.000000
0 0 0.000000
0 0 0.000000
0 0 0.000000
0 0 0.000000
0 0 0.000000
0 0 0.000000
0 0 0.000000
0 0 0.000000
0 0 0.000000
0 0 0.000000
0 0 0.000000
0 0 0.000000
0 0 0.000000
0 0 0.000000
0 0 0.000000
0 0 0.000000
0 0 0.000000
0 0 0.000000
0 0 0.000000
0 0 0.000000
0 0 0.000000
0 0 0.000000
0 0 0.000000
0 0 0.000000
0 0 0.000000
0 0 0.000000
0 0 0.000000
0 0 0.000000
0 0 0.000000
0 0 0.000000
0 0 0.000000
0 0 0.000000
0 0 0.000000
0 0 0.000000
0 0 0.000000
0 0 0.000000
0 0 0.000000
0 0 0.000000
0 0 0.000000
0 0 0.000000
0 0 0.000000
0 0 0.000000
0 0 0.000000
0 0 0.000000
R0 0.000000

HEART_RATE: 0 bpm
Correlation: 0.000000
Temperature: 0.000000
SpO2: skipped (weak correlation)

--- DEBUG SIGNAL DATA ---
0 0 0.000000
0 0 0.000000
0 0 0.000000
0 0 0.000000
0 0 0.000000
0 0 0.000000
0 0 0.000000
0 0 0.000000
0 0 0.000000
0 0 0.000000
0 0 0.000000
0 0 0.000000
0 0 0.000000
0 0 0.000000
0 0 0.000000
0 0 0.000000
0 0 0.000000
0 0 0.000000
0 0 0.000000
0 0 0.000000
0 0 0.000000
0 0 0.000000
0 0 0.000000
0 0 0.000000
0 0 0.000000
0 0 0.000000
0 0 0.000000
0 0 0.000000
0 0 0.000000
0 0 0.000000
0 0 0.000000
0 0 0.000000
0 0 0.000000
0 0 0.000000
0 0 0.000000
0 0 0.000000
0 0 0.000000
0 0 0.000000
0 0 0.000000
0 0 0.000000
0 0 0.000000
0 0 0.000000
0 0 0.000000
0 0 0.000000
0 0 0.000000
0 0 0.000000
0 0 0.000000
0 0 0.000000
0 0 0.000000
0 0 0.000000
0 0 0.000000
0 0 0.000000
0 0 0.000000
0 0 0.000000
0 0 0.000000
0 0 0.000000
0 0 0.000000
0 0 0.000000
0 0 0.000000
0 0 0.000000
0 0 0.000000
0 0 0.000000
0 0 0.000000
0 0 0.000000
0 0 0.000000
0 0 0.000000
0 0 0.000000
0 0 0.000000
0 0 0.000000
0 0 0.000000
0 0 0.000000
0 0 0.000000
0 0 0.000000
0 0 0.000000
0 0 0.000000
0 0 0.000000
0 0 0.000000
0 0 0.000000
0 0 0.000000
0 0 0.000000
0 0 0.000000
0 0 0.000000
0 0 0.000000
0 0 0.000000
0 0 0.000000
0 0 0.000000
0 0 0.000000
0 0 0.000000
0 0 0.000000
0 0 0.000000
0 0 0.000000
0 0 0.000000
0 0 0.000000
0 0 0.000000
0 0 0.000000
0 0 0.000000
0 0 0.000000
0 0 0.000000
0 0 0.000000
0 0 0.000000
0 0 0.000000
0 0 0.000000
0 0 0.000000
0 0 0.000000
0 0 0.000000
0 0 0.000000
0 0 0.000000
0 0 0.000000
0 0 0.000000
0 0 0.000000
0 0 0.000000
0 0 0.000000
0 0 0.000000
0 0 0.000000
0 0 0.000000
0 0 0.000000
0 0 0.000000
0 0 0.000000
0 0 0.000000
0 0 0.000000
0 0 0.000000
0 0 0.000000
0 0 0.000000
0 0 0.000000
0 0 0.000000
0 0 0.000000
0 0 0.000000
0 0 0.000000
R0 0.000000

HEART_RATE: 0 bpm
Correlation: 0.000000
Temperature: 0.000000
SpO2: skipped (weak correlation)

--- DEBUG SIGNAL DATA ---
0 0 0.000000
0 0 0.000000
0 0 0.000000
0 0 0.000000
0 0 0.000000
0 0 0.000000
0 0 0.000000
0 0 0.000000
0 0 0.000000
0 0 0.000000
0 0 0.000000
0 0 0.000000
0 0 0.000000
0 0 0.000000
0 0 0.000000
0 0 0.000000
0 0 0.000000
0 0 0.000000
0 0 0.000000
0 0 0.000000
0 0 0.000000
0 0 0.000000
0 0 0.000000
0 0 0.000000
0 0 0.000000
0 0 0.000000
0 0 0.000000
0 0 0.000000
0 0 0.000000
0 0 0.000000
0 0 0.000000
0 0 0.000000
0 0 0.000000
0 0 0.000000
0 0 0.000000
0 0 0.000000
0 0 0.000000
0 0 0.000000
0 0 0.000000
0 0 0.000000
0 0 0.000000
0 0 0.000000
0 0 0.000000
0 0 0.000000
0 0 0.000000
0 0 0.000000
0 0 0.000000
0 0 0.000000
0 0 0.000000
0 0 0.000000
0 0 0.000000
0 0 0.000000
0 0 0.000000
0 0 0.000000
0 0 0.000000
0 0 0.000000
0 0 0.000000
0 0 0.000000
0 0 0.000000
0 0 0.000000
0 0 0.000000
0 0 0.000000
0 0 0.000000
0 0 0.000000
0 0 0.000000
0 0 0.000000
0 0 0.000000
0 0 0.000000
0 0 0.000000
0 0 0.000000
0 0 0.000000
0 0 0.000000
0 0 0.000000
0 0 0.000000
0 0 0.000000
0 0 0.000000
0 0 0.000000
0 0 0.000000
0 0 0.000000
0 0 0.000000
0 0 0.000000
0 0 0.000000
0 0 0.000000
0 0 0.000000
0 0 0.000000
0 0 0.000000
0 0 0.000000
0 0 0.000000
0 0 0.000000
0 0 0.000000
0 0 0.000000
0 0 0.000000
0 0 0.000000
0 0 0.000000
0 0 0.000000
0 0 0.000000
0 0 0.000000
0 0 0.000000
0 0 0.000000
0 0 0.000000
0 0 0.000000
0 0 0.000000
0 0 0.000000
0 0 0.000000
0 0 0.000000
0 0 0.000000
0 0 0.000000
0 0 0.000000
0 0 0.000000
0 0 0.000000
0 0 0.000000
0 0 0.000000
0 0 0.000000
0 0 0.000000
0 0 0.000000
0 0 0.000000
0 0 0.000000
0 0 0.000000
0 0 0.000000
0 0 0.000000
0 0 0.000000
0 0 0.000000
0 0 0.000000
0 0 0.000000
0 0 0.000000
0 0 0.000000
0 0 0.000000
0 0 0.000000
R0 0.000000

HEART_RATE: 0 bpm
Correlation: 0.000000
Temperature: 0.000000
SpO2: skipped (weak correlation)

--- DEBUG SIGNAL DATA ---
0 0 0.000000
0 0 0.000000
0 0 0.000000
0 0 0.000000
0 0 0.000000
0 0 0.000000
0 0 0.000000
0 0 0.000000
0 0 0.000000
0 0 0.000000
0 0 0.000000
0 0 0.000000
0 0 0.000000
0 0 0.000000
0 0 0.000000
0 0 0.000000
0 0 0.000000
0 0 0.000000
0 0 0.000000
0 0 0.000000
0 0 0.000000
0 0 0.000000
0 0 0.000000
0 0 0.000000
0 0 0.000000
0 0 0.000000
0 0 0.000000
0 0 0.000000
0 0 0.000000
0 0 0.000000
0 0 0.000000
0 0 0.000000
0 0 0.000000
0 0 0.000000
0 0 0.000000
0 0 0.000000
0 0 0.000000
0 0 0.000000
0 0 0.000000
0 0 0.000000
0 0 0.000000
0 0 0.000000
0 0 0.000000
0 0 0.000000
0 0 0.000000
0 0 0.000000
0 0 0.000000
0 0 0.000000
0 0 0.000000
0 0 0.000000
0 0 0.000000
0 0 0.000000
0 0 0.000000
0 0 0.000000
0 0 0.000000
0 0 0.000000
0 0 0.000000
0 0 0.000000
0 0 0.000000
0 0 0.000000
0 0 0.000000
0 0 0.000000
0 0 0.000000
0 0 0.000000
0 0 0.000000
0 0 0.000000
0 0 0.000000
0 0 0.000000
0 0 0.000000
0 0 0.000000
0 0 0.000000
0 0 0.000000
0 0 0.000000
0 0 0.000000
0 0 0.000000
0 0 0.000000
0 0 0.000000
0 0 0.000000
0 0 0.000000
0 0 0.000000
0 0 0.000000
0 0 0.000000
0 0 0.000000
0 0 0.000000
0 0 0.000000
0 0 0.000000
0 0 0.000000
0 0 0.000000
0 0 0.000000
0 0 0.000000
0 0 0.000000
0 0 0.000000
0 0 0.000000
0 0 0.000000
0 0 0.000000
0 0 0.000000
0 0 0.000000
0 0 0.000000
0 0 0.000000
0 0 0.000000
0 0 0.000000
0 0 0.000000
0 0 0.000000
0 0 0.000000
0 0 0.000000
0 0 0.000000
0 0 0.000000
0 0 0.000000
0 0 0.000000
0 0 0.000000
0 0 0.000000
0 0 0.000000
0 0 0.000000
0 0 0.000000
0 0 0.000000
0 0 0.000000
0 0 0.000000
0 0 0.000000
0 0 0.000000
0 0 0.000000
0 0 0.000000
0 0 0.000000
0 0 0.000000
0 0 0.000000
0 0 0.000000
0 0 0.000000
0 0 0.000000
0 0 0.000000
R0 0.000000

HEART_RATE: 0 bpm
Correlation: 0.000000
Temperature: 0.000000
SpO2: skipped (weak correlation)

--- DEBUG SIGNAL DATA ---
0 0 0.000000
0 0 0.000000
0 0 0.000000
0 0 0.000000
0 0 0.000000
0 0 0.000000
0 0 0.000000
0 0 0.000000
0 0 0.000000
0 0 0.000000
0 0 0.000000
0 0 0.000000
0 0 0.000000
0 0 0.000000
0 0 0.000000
0 0 0.000000
0 0 0.000000
0 0 0.000000
0 0 0.000000
0 0 0.000000
0 0 0.000000
0 0 0.000000
0 0 0.000000
0 0 0.000000
0 0 0.000000
0 0 0.000000
0 0 0.000000
0 0 0.000000
0 0 0.000000
0 0 0.000000
0 0 0.000000
0 0 0.000000
0 0 0.000000
0 0 0.000000
0 0 0.000000
0 0 0.000000
0 0 0.000000
0 0 0.000000
0 0 0.000000
0 0 0.000000
0 0 0.000000
0 0 0.000000
0 0 0.000000
0 0 0.000000
0 0 0.000000
0 0 0.000000
0 0 0.000000
0 0 0.000000
0 0 0.000000
0 0 0.000000
0 0 0.000000
0 0 0.000000
0 0 0.000000
0 0 0.000000
0 0 0.000000
0 0 0.000000
0 0 0.000000
0 0 0.000000
0 0 0.000000
0 0 0.000000
0 0 0.000000
0 0 0.000000
0 0 0.000000
0 0 0.000000
0 0 0.000000
0 0 0.000000
0 0 0.000000
0 0 0.000000
0 0 0.000000
0 0 0.000000
0 0 0.000000
0 0 0.000000
0 0 0.000000
0 0 0.000000
0 0 0.000000
0 0 0.000000
0 0 0.000000
0 0 0.000000
0 0 0.000000
0 0 0.000000
0 0 0.000000
0 0 0.000000
0 0 0.000000
0 0 0.000000
0 0 0.000000
0 0 0.000000
0 0 0.000000
0 0 0.000000
0 0 0.000000
0 0 0.000000
0 0 0.000000
0 0 0.000000
0 0 0.000000
0 0 0.000000
0 0 0.000000
0 0 0.000000
0 0 0.000000
0 0 0.000000
0 0 0.000000
0 0 0.000000
0 0 0.000000
0 0 0.000000
0 0 0.000000
0 0 0.000000
0 0 0.000000
0 0 0.000000
0 0 0.000000
0 0 0.000000
0 0 0.000000
0 0 0.000000
0 0 0.000000
0 0 0.000000
0 0 0.000000
0 0 0.000000
0 0 0.000000
0 0 0.000000
0 0 0.000000
0 0 0.000000
0 0 0.000000
0 0 0.000000
0 0 0.000000
0 0 0.000000
0 0 0.000000
0 0 0.000000
0 0 0.000000
0 0 0.000000
0 0 0.000000
0 0 0.000000
R0 277115.109375

HEART_RATE: 150 bpm
Correlation: 0.000000
Temperature: 0.000000
SpO2: skipped (weak correlation)

--- DEBUG SIGNAL DATA ---
1661 0 0.000000
1575 0 0.000000
1489 0 0.000000
1402 0 0.000000
1316 0 0.000000
1229 0 0.000000
1143 0 0.000000
1056 0 0.000000
970 0 0.000000
883 0 0.000000
797 0 0.491928
710 0 0.438942
624 0 0.386561
537 0 0.334997
451 0 0.284529
365 0 0.235370
278 0 0.187763
192 0 0.141990
105 0 0.098260
19 0 0.056856
-67 0 0.017988
-153 0 -0.018113
-240 0 -0.051188
-326 0 -0.080958
-413 0 -0.107211
-499 0 -0.129666
-586 0 -0.148113
-672 0 -0.162271
-759 0 -0.171928
-746 0 -0.176794
-733 0 -0.181559
-721 0 -0.186207
-708 0 -0.190699
-696 0 -0.195065
-683 0 -0.199266
-671 0 -0.203331
-658 0 -0.207223
-646 0 -0.210971
-633 0 -0.214537
-621 0 -0.217949
-608 0 -0.221185
-596 0 -0.224258
-583 0 -0.227133
-570 0 -0.229837
-558 0 -0.232369
-545 0 -0.234687
-533 0 -0.236822
-520 0 -0.238735
-508 0 -0.240455
-495 0 -0.241944
-483 0 -0.243232
-470 0 -0.244281
-458 0 -0.245119
-445 0 -0.245709
-433 0 -0.246079
-420 0 -0.246193
-408 0 -0.246079
-395 0 -0.245685
-382 0 -0.245067
-370 0 -0.244208
-357 0 -0.243070
-345 0 -0.241681
-332 0 -0.240007
-320 0 -0.238076
-307 0 -0.235851
-295 0 -0.233361
-282 0 -0.230568
-270 0 -0.227500
-257 0 -0.224122
-245 0 -0.220459
-232 0 -0.216477
-220 0 -0.212203
-207 0 -0.207585
-194 0 -0.202681
-182 0 -0.197471
-169 0 -0.191918
-157 0 -0.186051
-144 0 -0.179832
-132 0 -0.173290
-119 0 -0.166388
-107 0 -0.159154
-94 0 -0.151551
-82 0 -0.143607
-69 0 -0.135285
-57 0 -0.126613
-44 0 -0.117555
-31 0 -0.108138
-19 0 -0.098359
-6 0 -0.088178
5 0 -0.077627
18 0 -0.066616
30 0 -0.055222
43 0 -0.043408
55 0 -0.031202
68 0 -0.018567
80 0 -0.005531
93 0 0.007943
105 0 0.021827
118 0 0.036158
130 0 0.050907
143 0 0.066125
156 0 0.080379
168 0 0.093649
181 0 0.105940
193 0 0.117187
206 0 0.127394
218 0 0.136496
231 0 0.144496
243 0 0.151331
256 0 0.157017
268 0 0.161477
281 0 0.164713
293 0 0.166663
306 0 0.167328
319 0 0.166645
331 0 0.164582
344 0 0.161143
356 0 0.156262
369 0 0.149945
381 0 0.142125
394 0 0.132807
406 0 0.121926
419 0 0.109486
431 0 0.095423
444 0 0.079739
456 0 0.000000
469 0 0.000000
481 0 0.000000
R0 0.000000

HEART_RATE: 0 bpm
Correlation: 0.000000
Temperature: 0.000000
SpO2: skipped (weak correlation)

--- DEBUG SIGNAL DATA ---
0 0 0.000000
0 0 0.000000
0 0 0.000000
0 0 0.000000
0 0 0.000000
0 0 0.000000
0 0 0.000000
0 0 0.000000
0 0 0.000000
0 0 0.000000
0 0 0.000000
0 0 0.000000
0 0 0.000000
0 0 0.000000
0 0 0.000000
0 0 0.000000
0 0 0.000000
0 0 0.000000
0 0 0.000000
0 0 0.000000
0 0 0.000000
0 0 0.000000
0 0 0.000000
0 0 0.000000
0 0 0.000000
0 0 0.000000
0 0 0.000000
0 0 0.000000
0 0 0.000000
0 0 0.000000
0 0 0.000000
0 0 0.000000
0 0 0.000000
0 0 0.000000
0 0 0.000000
0 0 0.000000
0 0 0.000000
0 0 0.000000
0 0 0.000000
0 0 0.000000
0 0 0.000000
0 0 0.000000
0 0 0.000000
0 0 0.000000
0 0 0.000000
0 0 0.000000
0 0 0.000000
0 0 0.000000
0 0 0.000000
0 0 0.000000
0 0 0.000000
0 0 0.000000
0 0 0.000000
0 0 0.000000
0 0 0.000000
0 0 0.000000
0 0 0.000000
0 0 0.000000
0 0 0.000000
0 0 0.000000
0 0 0.000000
0 0 0.000000
0 0 0.000000
0 0 0.000000
0 0 0.000000
0 0 0.000000
0 0 0.000000
0 0 0.000000
0 0 0.000000
0 0 0.000000
0 0 0.000000
0 0 0.000000
0 0 0.000000
0 0 0.000000
0 0 0.000000
0 0 0.000000
0 0 0.000000
0 0 0.000000
0 0 0.000000
0 0 0.000000
0 0 0.000000
0 0 0.000000
0 0 0.000000
0 0 0.000000
0 0 0.000000
0 0 0.000000
0 0 0.000000
0 0 0.000000
0 0 0.000000
0 0 0.000000
0 0 0.000000
0 0 0.000000
0 0 0.000000
0 0 0.000000
0 0 0.000000
0 0 0.000000
0 0 0.000000
0 0 0.000000
0 0 0.000000
0 0 0.000000
0 0 0.000000
0 0 0.000000
0 0 0.000000
0 0 0.000000
0 0 0.000000
0 0 0.000000
0 0 0.000000
0 0 0.000000
0 0 0.000000
0 0 0.000000
0 0 0.000000
0 0 0.000000
0 0 0.000000
0 0 0.000000
0 0 0.000000
0 0 0.000000
0 0 0.000000
0 0 0.000000
0 0 0.000000
0 0 0.000000
0 0 0.000000
0 0 0.000000
0 0 0.000000
0 0 0.000000
0 0 0.000000
0 0 0.000000
0 0 0.000000
0 0 0.000000
R0 0.000000

HEART_RATE: 0 bpm
Correlation: 0.000000
Temperature: 0.000000
SpO2: skipped (weak correlation)

--- DEBUG SIGNAL DATA ---
0 0 0.000000
0 0 0.000000
0 0 0.000000
0 0 0.000000
0 0 0.000000
0 0 0.000000
0 0 0.000000
0 0 0.000000
0 0 0.000000
0 0 0.000000
0 0 0.000000
0 0 0.000000
0 0 0.000000
0 0 0.000000
0 0 0.000000
0 0 0.000000
0 0 0.000000
0 0 0.000000
0 0 0.000000
0 0 0.000000
0 0 0.000000
0 0 0.000000
0 0 0.000000
0 0 0.000000
0 0 0.000000
0 0 0.000000
0 0 0.000000
0 0 0.000000
0 0 0.000000
0 0 0.000000
0 0 0.000000
0 0 0.000000
0 0 0.000000
0 0 0.000000
0 0 0.000000
0 0 0.000000
0 0 0.000000
0 0 0.000000
0 0 0.000000
0 0 0.000000
0 0 0.000000
0 0 0.000000
0 0 0.000000
0 0 0.000000
0 0 0.000000
0 0 0.000000
0 0 0.000000
0 0 0.000000
0 0 0.000000
0 0 0.000000
0 0 0.000000
0 0 0.000000
0 0 0.000000
0 0 0.000000
0 0 0.000000
0 0 0.000000
0 0 0.000000
0 0 0.000000
0 0 0.000000
0 0 0.000000
0 0 0.000000
0 0 0.000000
0 0 0.000000
0 0 0.000000
0 0 0.000000
0 0 0.000000
0 0 0.000000
0 0 0.000000
0 0 0.000000
0 0 0.000000
0 0 0.000000
0 0 0.000000
0 0 0.000000
0 0 0.000000
0 0 0.000000
0 0 0.000000
0 0 0.000000
0 0 0.000000
0 0 0.000000
0 0 0.000000
0 0 0.000000
0 0 0.000000
0 0 0.000000
0 0 0.000000
0 0 0.000000
0 0 0.000000
0 0 0.000000
0 0 0.000000
0 0 0.000000
0 0 0.000000
0 0 0.000000
0 0 0.000000
0 0 0.000000
0 0 0.000000
0 0 0.000000
0 0 0.000000
0 0 0.000000
0 0 0.000000
0 0 0.000000
0 0 0.000000
0 0 0.000000
0 0 0.000000
0 0 0.000000
0 0 0.000000
0 0 0.000000
0 0 0.000000
0 0 0.000000
0 0 0.000000
0 0 0.000000
0 0 0.000000
0 0 0.000000
0 0 0.000000
0 0 0.000000
0 0 0.000000
0 0 0.000000
0 0 0.000000
0 0 0.000000
0 0 0.000000
0 0 0.000000
0 0 0.000000
0 0 0.000000
0 0 0.000000
0 0 0.000000
0 0 0.000000
0 0 0.000000
0 0 0.000000
0 0 0.000000
0 0 0.000000
R0 0.000000

HEART_RATE: 0 bpm
Correlation: 0.000000
Temperature: 0.000000
SpO2: skipped (weak correlation)

--- DEBUG SIGNAL DATA ---
0 0 0.000000
0 0 0.000000
0 0 0.000000
0 0 0.000000
0 0 0.000000
0 0 0.000000
0 0 0.000000
0 0 0.000000
0 0 0.000000
0 0 0.000000
0 0 0.000000
0 0 0.000000
0 0 0.000000
0 0 0.000000
0 0 0.000000
0 0 0.000000
0 0 0.000000
0 0 0.000000
0 0 0.000000
0 0 0.000000
0 0 0.000000
0 0 0.000000
0 0 0.000000
0 0 0.000000
0 0 0.000000
0 0 0.000000
0 0 0.000000
0 0 0.000000
0 0 0.000000
0 0 0.000000
0 0 0.000000
0 0 0.000000
0 0 0.000000
0 0 0.000000
0 0 0.000000
0 0 0.000000
0 0 0.000000
0 0 0.000000
0 0 0.000000
0 0 0.000000
0 0 0.000000
0 0 0.000000
0 0 0.000000
0 0 0.000000
0 0 0.000000
0 0 0.000000
0 0 0.000000
0 0 0.000000
0 0 0.000000
0 0 0.000000
0 0 0.000000
0 0 0.000000
0 0 0.000000
0 0 0.000000
0 0 0.000000
0 0 0.000000
0 0 0.000000
0 0 0.000000
0 0 0.000000
0 0 0.000000
0 0 0.000000
0 0 0.000000
0 0 0.000000
0 0 0.000000
0 0 0.000000
0 0 0.000000
0 0 0.000000
0 0 0.000000
0 0 0.000000
0 0 0.000000
0 0 0.000000
0 0 0.000000
0 0 0.000000
0 0 0.000000
0 0 0.000000
0 0 0.000000
0 0 0.000000
0 0 0.000000
0 0 0.000000
0 0 0.000000
0 0 0.000000
0 0 0.000000
0 0 0.000000
0 0 0.000000
0 0 0.000000
0 0 0.000000
0 0 0.000000
0 0 0.000000
0 0 0.000000
0 0 0.000000
0 0 0.000000
0 0 0.000000
0 0 0.000000
0 0 0.000000
0 0 0.000000
0 0 0.000000
0 0 0.000000
0 0 0.000000
0 0 0.000000
0 0 0.000000
0 0 0.000000
0 0 0.000000
0 0 0.000000
0 0 0.000000
0 0 0.000000
0 0 0.000000
0 0 0.000000
0 0 0.000000
0 0 0.000000
0 0 0.000000
0 0 0.000000
0 0 0.000000
0 0 0.000000
0 0 0.000000
0 0 0.000000
0 0 0.000000
0 0 0.000000
0 0 0.000000
0 0 0.000000
0 0 0.000000
0 0 0.000000
0 0 0.000000
0 0 0.000000
0 0 0.000000
0 0 0.000000
0 0 0.000000
0 0 0.000000
0 0 0.000000
R0 0.000000

HEART_RATE: 0 bpm
Correlation: 0.000000
Temperature: 0.000000
SpO2: skipped (weak correlation)

--- DEBUG SIGNAL DATA ---
0 0 0.000000
0 0 0.000000
0 0 0.000000
0 0 0.000000
0 0 0.000000
0 0 0.000000
0 0 0.000000
0 0 0.000000
0 0 0.000000
0 0 0.000000
0 0 0.000000
0 0 0.000000
0 0 0.000000
0 0 0.000000
0 0 0.000000
0 0 0.000000
0 0 0.000000
0 0 0.000000
0 0 0.000000
0 0 0.000000
0 0 0.000000
0 0 0.000000
0 0 0.000000
0 0 0.000000
0 0 0.000000
0 0 0.000000
0 0 0.000000
0 0 0.000000
0 0 0.000000
0 0 0.000000
0 0 0.000000
0 0 0.000000
0 0 0.000000
0 0 0.000000
0 0 0.000000
0 0 0.000000
0 0 0.000000
0 0 0.000000
0 0 0.000000
0 0 0.000000
0 0 0.000000
0 0 0.000000
0 0 0.000000
0 0 0.000000
0 0 0.000000
0 0 0.000000
0 0 0.000000
0 0 0.000000
0 0 0.000000
0 0 0.000000
0 0 0.000000
0 0 0.000000
0 0 0.000000
0 0 0.000000
0 0 0.000000
0 0 0.000000
0 0 0.000000
0 0 0.000000
0 0 0.000000
0 0 0.000000
0 0 0.000000
0 0 0.000000
0 0 0.000000
0 0 0.000000
0 0 0.000000
0 0 0.000000
0 0 0.000000
0 0 0.000000
0 0 0.000000
0 0 0.000000
0 0 0.000000
0 0 0.000000
0 0 0.000000
0 0 0.000000
0 0 0.000000
0 0 0.000000
0 0 0.000000
0 0 0.000000
0 0 0.000000
0 0 0.000000
0 0 0.000000
0 0 0.000000
0 0 0.000000
0 0 0.000000
0 0 0.000000
0 0 0.000000
0 0 0.000000
0 0 0.000000
0 0 0.000000
0 0 0.000000
0 0 0.000000
0 0 0.000000
0 0 0.000000
0 0 0.000000
0 0 0.000000
0 0 0.000000
0 0 0.000000
0 0 0.000000
0 0 0.000000
0 0 0.000000
0 0 0.000000
0 0 0.000000
0 0 0.000000
0 0 0.000000
0 0 0.000000
0 0 0.000000
0 0 0.000000
0 0 0.000000
0 0 0.000000
0 0 0.000000
0 0 0.000000
0 0 0.000000
0 0 0.000000
0 0 0.000000
0 0 0.000000
0 0 0.000000
0 0 0.000000
0 0 0.000000
0 0 0.000000
0 0 0.000000
0 0 0.000000
0 0 0.000000
0 0 0.000000
0 0 0.000000
0 0 0.000000
0 0 0.000000
0 0 0.000000
0 0 0.000000
R0 216950.750000

HEART_RATE: 150 bpm
Correlation: 0.000000
Temperature: 0.000000
SpO2: skipped (weak correlation)

--- DEBUG SIGNAL DATA ---
397 0 0.000000
387 0 0.000000
377 0 0.000000
366 0 0.000000
356 0 0.000000
346 0 0.000000
336 0 0.000000
325 0 0.000000
315 0 0.000000
305 0 0.000000
295 0 0.437693
285 0 0.381192
274 0 0.325868
264 0 0.272111
254 0 0.220233
244 0 0.170554
234 0 0.123331
223 0 0.078943
213 0 0.037725
203 0 -0.000074
193 0 -0.034075
182 0 -0.064022
172 0 -0.089520
162 0 -0.110262
152 0 -0.125925
142 0 -0.136193
131 0 -0.140804
121 0 -0.145295
111 0 -0.149672
101 0 -0.153934
90 0 -0.158135
80 0 -0.162200
70 0 -0.166141
60 0 -0.169950
50 0 -0.173624
39 0 -0.177218
29 0 -0.180659
19 0 -0.183952
9 0 -0.187095
-1 0 -0.190144
-11 0 -0.193039
-21 0 -0.195775
-31 0 -0.198346
-41 0 -0.200748
-52 0 -0.203037
-62 0 -0.205139
-72 0 -0.207061
-82 0 -0.208798
-92 0 -0.210408
-103 0 -0.211830
-113 0 -0.213045
-123 0 -0.214062
-133 0 -0.214875
-144 0 -0.215542
-154 0 -0.215988
-164 0 -0.216219
-174 0 -0.216233
-184 0 -0.216025
-195 0 -0.215652
-205 0 -0.215038
-215 0 -0.214192
-225 0 -0.213109
-236 0 -0.211846
-246 0 -0.210328
-256 0 -0.208564
-266 0 -0.206553
-276 0 -0.204290
-287 0 -0.201832
-297 0 -0.199103
-307 0 -0.196110
-317 0 -0.192851
-328 0 -0.189381
-338 0 -0.185626
-348 0 -0.181595
-358 0 -0.177283
-368 0 -0.172685
-379 0 -0.167857
-389 0 -0.162726
-399 0 -0.157297
-409 0 -0.151567
-419 0 -0.145593
-430 0 -0.139314
-440 0 -0.132712
-450 0 -0.125794
-460 0 -0.118557
-471 0 -0.111056
-481 0 -0.103217
-491 0 -0.095047
-501 0 -0.086543
-511 0 -0.077700
-522 0 -0.068515
-532 0 -0.058970
-542 0 -0.049073
-552 0 -0.038818
-563 0 -0.028264
-573 0 -0.017334
-583 0 -0.006039
-593 0 0.005627
-603 0 0.017668
-614 0 0.030028
-624 0 0.042783
-634 0 0.055924
-644 0 0.069456
-556 0 0.083321
-467 0 0.096145
-378 0 0.107881
-289 0 0.118497
-200 0 0.127960
-112 0 0.136179
-23 0 0.143193
65 0 0.148956
154 0 0.153450
243 0 0.156569
331 0 0.158337
420 0 0.158739
509 0 0.157726
598 0 0.155267
686 0 0.151270
775 0 0.145774
864 0 0.138734
953 0 0.130116
1042 0 0.119889
1130 0 0.107961
1219 0 0.094371
1308 0 0.079073
1397 0 0.000000
1485 0 0.000000
1574 0 0.000000
R0 0.000000

HEART_RATE: 0 bpm
Correlation: 0.000000
Temperature: 0.000000
SpO2: skipped (weak correlation)

--- DEBUG SIGNAL DATA ---
0 0 0.000000
0 0 0.000000
0 0 0.000000
0 0 0.000000
0 0 0.000000
0 0 0.000000
0 0 0.000000
0 0 0.000000
0 0 0.000000
0 0 0.000000
0 0 0.000000
0 0 0.000000
0 0 0.000000
0 0 0.000000
0 0 0.000000
0 0 0.000000
0 0 0.000000
0 0 0.000000
0 0 0.000000
0 0 0.000000
0 0 0.000000
0 0 0.000000
0 0 0.000000
0 0 0.000000
0 0 0.000000
0 0 0.000000
0 0 0.000000
0 0 0.000000
0 0 0.000000
0 0 0.000000
0 0 0.000000
0 0 0.000000
0 0 0.000000
0 0 0.000000
0 0 0.000000
0 0 0.000000
0 0 0.000000
0 0 0.000000
0 0 0.000000
0 0 0.000000
0 0 0.000000
0 0 0.000000
0 0 0.000000
0 0 0.000000
0 0 0.000000
0 0 0.000000
0 0 0.000000
0 0 0.000000
0 0 0.000000
0 0 0.000000
0 0 0.000000
0 0 0.000000
0 0 0.000000
0 0 0.000000
0 0 0.000000
0 0 0.000000
0 0 0.000000
0 0 0.000000
0 0 0.000000
0 0 0.000000
0 0 0.000000
0 0 0.000000
0 0 0.000000
0 0 0.000000
0 0 0.000000
0 0 0.000000
0 0 0.000000
0 0 0.000000
0 0 0.000000
0 0 0.000000
0 0 0.000000
0 0 0.000000
0 0 0.000000
0 0 0.000000
0 0 0.000000
0 0 0.000000
0 0 0.000000
0 0 0.000000
0 0 0.000000
0 0 0.000000
0 0 0.000000
0 0 0.000000
0 0 0.000000
0 0 0.000000
0 0 0.000000
0 0 0.000000
0 0 0.000000
0 0 0.000000
0 0 0.000000
0 0 0.000000
0 0 0.000000
0 0 0.000000
0 0 0.000000
0 0 0.000000
0 0 0.000000
0 0 0.000000
0 0 0.000000
0 0 0.000000
0 0 0.000000
0 0 0.000000
0 0 0.000000
0 0 0.000000
0 0 0.000000
0 0 0.000000
0 0 0.000000
0 0 0.000000
0 0 0.000000
0 0 0.000000
0 0 0.000000
0 0 0.000000
0 0 0.000000
0 0 0.000000
0 0 0.000000
0 0 0.000000
0 0 0.000000
0 0 0.000000
0 0 0.000000
0 0 0.000000
0 0 0.000000
0 0 0.000000
0 0 0.000000
0 0 0.000000
0 0 0.000000
0 0 0.000000
0 0 0.000000
0 0 0.000000
0 0 0.000000
0 0 0.000000
R0 0.000000

HEART_RATE: 0 bpm
Correlation: 0.000000
Temperature: 0.000000
SpO2: skipped (weak correlation)

--- DEBUG SIGNAL DATA ---
0 0 0.000000
0 0 0.000000
0 0 0.000000
0 0 0.000000
0 0 0.000000
0 0 0.000000
0 0 0.000000
0 0 0.000000
0 0 0.000000
0 0 0.000000
0 0 0.000000
0 0 0.000000
0 0 0.000000
0 0 0.000000
0 0 0.000000
0 0 0.000000
0 0 0.000000
0 0 0.000000
0 0 0.000000
0 0 0.000000
0 0 0.000000
0 0 0.000000
0 0 0.000000
0 0 0.000000
0 0 0.000000
0 0 0.000000
0 0 0.000000
0 0 0.000000
0 0 0.000000
0 0 0.000000
0 0 0.000000
0 0 0.000000
0 0 0.000000
0 0 0.000000
0 0 0.000000
0 0 0.000000
0 0 0.000000
0 0 0.000000
0 0 0.000000
0 0 0.000000
0 0 0.000000
0 0 0.000000
0 0 0.000000
0 0 0.000000
0 0 0.000000
0 0 0.000000
0 0 0.000000
0 0 0.000000
0 0 0.000000
0 0 0.000000
0 0 0.000000
0 0 0.000000
0 0 0.000000
0 0 0.000000
0 0 0.000000
0 0 0.000000
0 0 0.000000
0 0 0.000000
0 0 0.000000
0 0 0.000000
0 0 0.000000
0 0 0.000000
0 0 0.000000
0 0 0.000000
0 0 0.000000
0 0 0.000000
0 0 0.000000
0 0 0.000000
0 0 0.000000
0 0 0.000000
0 0 0.000000
0 0 0.000000
0 0 0.000000
0 0 0.000000
0 0 0.000000
0 0 0.000000
0 0 0.000000
0 0 0.000000
0 0 0.000000
0 0 0.000000
0 0 0.000000
0 0 0.000000
0 0 0.000000
0 0 0.000000
0 0 0.000000
0 0 0.000000
0 0 0.000000
0 0 0.000000
0 0 0.000000
0 0 0.000000
0 0 0.000000
0 0 0.000000
0 0 0.000000
0 0 0.000000
0 0 0.000000
0 0 0.000000
0 0 0.000000
0 0 0.000000
0 0 0.000000
0 0 0.000000
0 0 0.000000
0 0 0.000000
0 0 0.000000
0 0 0.000000
0 0 0.000000
0 0 0.000000
0 0 0.000000
0 0 0.000000
0 0 0.000000
0 0 0.000000
0 0 0.000000
0 0 0.000000
0 0 0.000000
0 0 0.000000
0 0 0.000000
0 0 0.000000
0 0 0.000000
0 0 0.000000
0 0 0.000000
0 0 0.000000
0 0 0.000000
0 0 0.000000
0 0 0.000000
0 0 0.000000
0 0 0.000000
0 0 0.000000
0 0 0.000000
0 0 0.000000
R0 0.000000

HEART_RATE: 0 bpm
Correlation: 0.000000
Temperature: 0.000000
SpO2: skipped (weak correlation)

--- DEBUG SIGNAL DATA ---
0 0 0.000000
0 0 0.000000
0 0 0.000000
0 0 0.000000
0 0 0.000000
0 0 0.000000
0 0 0.000000
0 0 0.000000
0 0 0.000000
0 0 0.000000
0 0 0.000000
0 0 0.000000
0 0 0.000000
0 0 0.000000
0 0 0.000000
0 0 0.000000
0 0 0.000000
0 0 0.000000
0 0 0.000000
0 0 0.000000
0 0 0.000000
0 0 0.000000
0 0 0.000000
0 0 0.000000
0 0 0.000000
0 0 0.000000
0 0 0.000000
0 0 0.000000
0 0 0.000000
0 0 0.000000
0 0 0.000000
0 0 0.000000
0 0 0.000000
0 0 0.000000
0 0 0.000000
0 0 0.000000
0 0 0.000000
0 0 0.000000
0 0 0.000000
0 0 0.000000
0 0 0.000000
0 0 0.000000
0 0 0.000000
0 0 0.000000
0 0 0.000000
0 0 0.000000
0 0 0.000000
0 0 0.000000
0 0 0.000000
0 0 0.000000
0 0 0.000000
0 0 0.000000
0 0 0.000000
0 0 0.000000
0 0 0.000000
0 0 0.000000
0 0 0.000000
0 0 0.000000
0 0 0.000000
0 0 0.000000
0 0 0.000000
0 0 0.000000
0 0 0.000000
0 0 0.000000
0 0 0.000000
0 0 0.000000
0 0 0.000000
0 0 0.000000
0 0 0.000000
0 0 0.000000
0 0 0.000000
0 0 0.000000
0 0 0.000000
0 0 0.000000
0 0 0.000000
0 0 0.000000
0 0 0.000000
0 0 0.000000
0 0 0.000000
0 0 0.000000
0 0 0.000000
0 0 0.000000
0 0 0.000000
0 0 0.000000
0 0 0.000000
0 0 0.000000
0 0 0.000000
0 0 0.000000
0 0 0.000000
0 0 0.000000
0 0 0.000000
0 0 0.000000
0 0 0.000000
0 0 0.000000
0 0 0.000000
0 0 0.000000
0 0 0.000000
0 0 0.000000
0 0 0.000000
0 0 0.000000
0 0 0.000000
0 0 0.000000
0 0 0.000000
0 0 0.000000
0 0 0.000000
0 0 0.000000
0 0 0.000000
0 0 0.000000
0 0 0.000000
0 0 0.000000
0 0 0.000000
0 0 0.000000
0 0 0.000000
0 0 0.000000
0 0 0.000000
0 0 0.000000
0 0 0.000000
0 0 0.000000
0 0 0.000000
0 0 0.000000
0 0 0.000000
0 0 0.000000
0 0 0.000000
0 0 0.000000
0 0 0.000000
0 0 0.000000
0 0 0.000000
0 0 0.000000
R0 0.000000

HEART_RATE: 0 bpm
Correlation: 0.000000
Temperature: 0.000000
SpO2: skipped (weak correlation)

--- DEBUG SIGNAL DATA ---
0 0 0.000000
0 0 0.000000
0 0 0.000000
0 0 0.000000
0 0 0.000000
0 0 0.000000
0 0 0.000000
0 0 0.000000
0 0 0.000000
0 0 0.000000
0 0 0.000000
0 0 0.000000
0 0 0.000000
0 0 0.000000
0 0 0.000000
0 0 0.000000
0 0 0.000000
0 0 0.000000
0 0 0.000000
0 0 0.000000
0 0 0.000000
0 0 0.000000
0 0 0.000000
0 0 0.000000
0 0 0.000000
0 0 0.000000
0 0 0.000000
0 0 0.000000
0 0 0.000000
0 0 0.000000
0 0 0.000000
0 0 0.000000
0 0 0.000000
0 0 0.000000
0 0 0.000000
0 0 0.000000
0 0 0.000000
0 0 0.000000
0 0 0.000000
0 0 0.000000
0 0 0.000000
0 0 0.000000
0 0 0.000000
0 0 0.000000
0 0 0.000000
0 0 0.000000
0 0 0.000000
0 0 0.000000
0 0 0.000000
0 0 0.000000
0 0 0.000000
0 0 0.000000
0 0 0.000000
0 0 0.000000
0 0 0.000000
0 0 0.000000
0 0 0.000000
0 0 0.000000
0 0 0.000000
0 0 0.000000
0 0 0.000000
0 0 0.000000
0 0 0.000000
0 0 0.000000
0 0 0.000000
0 0 0.000000
0 0 0.000000
0 0 0.000000
0 0 0.000000
0 0 0.000000
0 0 0.000000
0 0 0.000000
0 0 0.000000
0 0 0.000000
0 0 0.000000
0 0 0.000000
0 0 0.000000
0 0 0.000000
0 0 0.000000
0 0 0.000000
0 0 0.000000
0 0 0.000000
0 0 0.000000
0 0 0.000000
0 0 0.000000
0 0 0.000000
0 0 0.000000
0 0 0.000000
0 0 0.000000
0 0 0.000000
0 0 0.000000
0 0 0.000000
0 0 0.000000
0 0 0.000000
0 0 0.000000
0 0 0.000000
0 0 0.000000
0 0 0.000000
0 0 0.000000
0 0 0.000000
0 0 0.000000
0 0 0.000000
0 0 0.000000
0 0 0.000000
0 0 0.000000
0 0 0.000000
0 0 0.000000
0 0 0.000000
0 0 0.000000
0 0 0.000000
0 0 0.000000
0 0 0.000000
0 0 0.000000
0 0 0.000000
0 0 0.000000
0 0 0.000000
0 0 0.000000
0 0 0.000000
0 0 0.000000
0 0 0.000000
0 0 0.000000
0 0 0.000000
0 0 0.000000
0 0 0.000000
0 0 0.000000
0 0 0.000000
0 0 0.000000
0 0 0.000000
R0 0.000000

HEART_RATE: 0 bpm
Correlation: 0.000000
Temperature: 0.000000
SpO2: skipped (weak correlation)

--- DEBUG SIGNAL DATA ---
0 0 0.000000
0 0 0.000000
0 0 0.000000
0 0 0.000000
0 0 0.000000
0 0 0.000000
0 0 0.000000
0 0 0.000000
0 0 0.000000
0 0 0.000000
0 0 0.000000
0 0 0.000000
0 0 0.000000
0 0 0.000000
0 0 0.000000
0 0 0.000000
0 0 0.000000
0 0 0.000000
0 0 0.000000
0 0 0.000000
0 0 0.000000
0 0 0.000000
0 0 0.000000
0 0 0.000000
0 0 0.000000
0 0 0.000000
0 0 0.000000
0 0 0.000000
0 0 0.000000
0 0 0.000000
0 0 0.000000
0 0 0.000000
0 0 0.000000
0 0 0.000000
0 0 0.000000
0 0 0.000000
0 0 0.000000
0 0 0.000000
0 0 0.000000
0 0 0.000000
0 0 0.000000
0 0 0.000000
0 0 0.000000
0 0 0.000000
0 0 0.000000
0 0 0.000000
0 0 0.000000
0 0 0.000000
0 0 0.000000
0 0 0.000000
0 0 0.000000
0 0 0.000000
0 0 0.000000
0 0 0.000000
0 0 0.000000
0 0 0.000000
0 0 0.000000
0 0 0.000000
0 0 0.000000
0 0 0.000000
0 0 0.000000
0 0 0.000000
0 0 0.000000
0 0 0.000000
0 0 0.000000
0 0 0.000000
0 0 0.000000
0 0 0.000000
0 0 0.000000
0 0 0.000000
0 0 0.000000
0 0 0.000000
0 0 0.000000
0 0 0.000000
0 0 0.000000
0 0 0.000000
0 0 0.000000
0 0 0.000000
0 0 0.000000
0 0 0.000000
0 0 0.000000
0 0 0.000000
0 0 0.000000
0 0 0.000000
0 0 0.000000
0 0 0.000000
0 0 0.000000
0 0 0.000000
0 0 0.000000
0 0 0.000000
0 0 0.000000
0 0 0.000000
0 0 0.000000
0 0 0.000000
0 0 0.000000
0 0 0.000000
0 0 0.000000
0 0 0.000000
0 0 0.000000
0 0 0.000000
0 0 0.000000
0 0 0.000000
0 0 0.000000
0 0 0.000000
0 0 0.000000
0 0 0.000000
0 0 0.000000
0 0 0.000000
0 0 0.000000
0 0 0.000000
0 0 0.000000
0 0 0.000000
0 0 0.000000
0 0 0.000000
0 0 0.000000
0 0 0.000000
0 0 0.000000
0 0 0.000000
0 0 0.000000
0 0 0.000000
0 0 0.000000
0 0 0.000000
0 0 0.000000
0 0 0.000000
0 0 0.000000
0 0 0.000000
0 0 0.000000
0 0 0.000000
R0 385640.656250

HEART_RATE: 150 bpm
Correlation: 0.000000
Temperature: 0.000000
SpO2: skipped (weak correlation)

--- DEBUG SIGNAL DATA ---
-1766 0 0.000000
-1684 0 0.000000
-1602 0 0.000000
-1520 0 0.000000
-1438 0 0.000000
-1355 0 0.000000
-1273 0 0.000000
-1191 0 0.000000
-1109 0 0.000000
-1026 0 0.000000
-944 0 0.561177
-862 0 0.513452
-780 0 0.465706
-698 0 0.418105
-615 0 0.370808
-533 0 0.324034
-451 0 0.277918
-369 0 0.232631
-287 0 0.188343
-204 0 0.145211
-122 0 0.103455
-40 0 0.063210
41 0 0.024646
123 0 -0.012103
206 0 -0.046844
288 0 -0.079361
370 0 -0.109515
452 0 -0.137136
534 0 -0.162054
617 0 -0.184113
699 0 -0.203090
781 0 -0.218853
863 0 -0.231230
946 0 -0.240064
929 0 -0.245135
912 0 -0.250017
895 0 -0.254703
878 0 -0.259189
862 0 -0.263480
845 0 -0.267535
828 0 -0.271372
811 0 -0.274985
794 0 -0.278369
778 0 -0.281531
761 0 -0.284417
744 0 -0.287057
727 0 -0.289444
710 0 -0.291574
694 0 -0.293452
677 0 -0.295027
660 0 -0.296326
643 0 -0.297345
626 0 -0.298076
610 0 -0.298529
593 0 -0.298649
576 0 -0.298465
559 0 -0.297971
543 0 -0.297176
526 0 -0.296025
509 0 -0.294549
492 0 -0.292744
475 0 -0.290602
459 0 -0.288132
442 0 -0.285277
425 0 -0.282070
408 0 -0.278504
391 0 -0.274573
375 0 -0.270286
358 0 -0.265587
341 0 -0.260507
324 0 -0.255039
307 0 -0.249179
291 0 -0.242932
274 0 -0.236246
257 0 -0.229150
240 0 -0.221638
224 0 -0.213718
207 0 -0.205333
190 0 -0.196516
173 0 -0.187259
156 0 -0.177559
140 0 -0.167421
123 0 -0.156791
106 0 -0.145699
89 0 -0.134140
72 0 -0.122108
56 0 -0.109610
39 0 -0.096591
22 0 -0.083081
5 0 -0.069076
-11 0 -0.054570
-27 0 -0.039532
-44 0 -0.023943
-61 0 -0.007835
-78 0 0.008799
-95 0 0.025965
-111 0 0.042354
-128 0 0.057988
-145 0 0.072803
-162 0 0.086770
-178 0 0.099849
-195 0 0.112061
-212 0 0.123342
-229 0 0.133664
-246 0 0.142999
-262 0 0.151305
-279 0 0.158604
-296 0 0.164846
-313 0 0.169990
-330 0 0.174006
-346 0 0.176855
-363 0 0.178557
-380 0 0.179049
-397 0 0.178303
-414 0 0.176290
-430 0 0.172969
-447 0 0.168362
-464 0 0.162405
-481 0 0.155069
-498 0 0.146327
-514 0 0.136137
-531 0 0.124521
-548 0 0.111415
-565 0 0.096791
-581 0 0.080608
-598 0 0.000000
-615 0 0.000000
-632 0 0.000000
R0 0.000000

HEART_RATE: 0 bpm
Correlation: 0.000000
Temperature: 0.000000
SpO2: skipped (weak correlation)

--- DEBUG SIGNAL DATA ---
0 0 0.000000
0 0 0.000000
0 0 0.000000
0 0 0.000000
0 0 0.000000
0 0 0.000000
0 0 0.000000
0 0 0.000000
0 0 0.000000
0 0 0.000000
0 0 0.000000
0 0 0.000000
0 0 0.000000
0 0 0.000000
0 0 0.000000
0 0 0.000000
0 0 0.000000
0 0 0.000000
0 0 0.000000
0 0 0.000000
0 0 0.000000
0 0 0.000000
0 0 0.000000
0 0 0.000000
0 0 0.000000
0 0 0.000000
0 0 0.000000
0 0 0.000000
0 0 0.000000
0 0 0.000000
0 0 0.000000
0 0 0.000000
0 0 0.000000
0 0 0.000000
0 0 0.000000
0 0 0.000000
0 0 0.000000
0 0 0.000000
0 0 0.000000
0 0 0.000000
0 0 0.000000
0 0 0.000000
0 0 0.000000
0 0 0.000000
0 0 0.000000
0 0 0.000000
0 0 0.000000
0 0 0.000000
0 0 0.000000
0 0 0.000000
0 0 0.000000
0 0 0.000000
0 0 0.000000
0 0 0.000000
0 0 0.000000
0 0 0.000000
0 0 0.000000
0 0 0.000000
0 0 0.000000
0 0 0.000000
0 0 0.000000
0 0 0.000000
0 0 0.000000
0 0 0.000000
0 0 0.000000
0 0 0.000000
0 0 0.000000
0 0 0.000000
0 0 0.000000
0 0 0.000000
0 0 0.000000
0 0 0.000000
0 0 0.000000
0 0 0.000000
0 0 0.000000
0 0 0.000000
0 0 0.000000
0 0 0.000000
0 0 0.000000
0 0 0.000000
0 0 0.000000
0 0 0.000000
0 0 0.000000
0 0 0.000000
0 0 0.000000
0 0 0.000000
0 0 0.000000
0 0 0.000000
0 0 0.000000
0 0 0.000000
0 0 0.000000
0 0 0.000000
0 0 0.000000
0 0 0.000000
0 0 0.000000
0 0 0.000000
0 0 0.000000
0 0 0.000000
0 0 0.000000
0 0 0.000000
0 0 0.000000
0 0 0.000000
0 0 0.000000
0 0 0.000000
0 0 0.000000
0 0 0.000000
0 0 0.000000
0 0 0.000000
0 0 0.000000
0 0 0.000000
0 0 0.000000
0 0 0.000000
0 0 0.000000
0 0 0.000000
0 0 0.000000
0 0 0.000000
0 0 0.000000
0 0 0.000000
0 0 0.000000
0 0 0.000000
0 0 0.000000
0 0 0.000000
0 0 0.000000
0 0 0.000000
0 0 0.000000
0 0 0.000000
0 0 0.000000
0 0 0.000000
R0 0.000000

HEART_RATE: 0 bpm
Correlation: 0.000000
Temperature: 0.000000
SpO2: skipped (weak correlation)

--- DEBUG SIGNAL DATA ---
0 0 0.000000
0 0 0.000000
0 0 0.000000
0 0 0.000000
0 0 0.000000
0 0 0.000000
0 0 0.000000
0 0 0.000000
0 0 0.000000
0 0 0.000000
0 0 0.000000
0 0 0.000000
0 0 0.000000
0 0 0.000000
0 0 0.000000
0 0 0.000000
0 0 0.000000
0 0 0.000000
0 0 0.000000
0 0 0.000000
0 0 0.000000
0 0 0.000000
0 0 0.000000
0 0 0.000000
0 0 0.000000
0 0 0.000000
0 0 0.000000
0 0 0.000000
0 0 0.000000
0 0 0.000000
0 0 0.000000
0 0 0.000000
0 0 0.000000
0 0 0.000000
0 0 0.000000
0 0 0.000000
0 0 0.000000
0 0 0.000000
0 0 0.000000
0 0 0.000000
0 0 0.000000
0 0 0.000000
0 0 0.000000
0 0 0.000000
0 0 0.000000
0 0 0.000000
0 0 0.000000
0 0 0.000000
0 0 0.000000
0 0 0.000000
0 0 0.000000
0 0 0.000000
0 0 0.000000
0 0 0.000000
0 0 0.000000
0 0 0.000000
0 0 0.000000
0 0 0.000000
0 0 0.000000
0 0 0.000000
0 0 0.000000
0 0 0.000000
0 0 0.000000
0 0 0.000000
0 0 0.000000
0 0 0.000000
0 0 0.000000
0 0 0.000000
0 0 0.000000
0 0 0.000000
0 0 0.000000
0 0 0.000000
0 0 0.000000
0 0 0.000000
0 0 0.000000
0 0 0.000000
0 0 0.000000
0 0 0.000000
0 0 0.000000
0 0 0.000000
0 0 0.000000
0 0 0.000000
0 0 0.000000
0 0 0.000000
0 0 0.000000
0 0 0.000000
0 0 0.000000
0 0 0.000000
0 0 0.000000
0 0 0.000000
0 0 0.000000
0 0 0.000000
0 0 0.000000
0 0 0.000000
0 0 0.000000
0 0 0.000000
0 0 0.000000
0 0 0.000000
0 0 0.000000
0 0 0.000000
0 0 0.000000
0 0 0.000000
0 0 0.000000
0 0 0.000000
0 0 0.000000
0 0 0.000000
0 0 0.000000
0 0 0.000000
0 0 0.000000
0 0 0.000000
0 0 0.000000
0 0 0.000000
0 0 0.000000
0 0 0.000000
0 0 0.000000
0 0 0.000000
0 0 0.000000
0 0 0.000000
0 0 0.000000
0 0 0.000000
0 0 0.000000
0 0 0.000000
0 0 0.000000
0 0 0.000000
0 0 0.000000
0 0 0.000000
0 0 0.000000
0 0 0.000000
R0 0.000000

HEART_RATE: 0 bpm
Correlation: 0.000000
Temperature: 0.000000
SpO2: skipped (weak correlation)

--- DEBUG SIGNAL DATA ---
0 0 0.000000
0 0 0.000000
0 0 0.000000
0 0 0.000000
0 0 0.000000
0 0 0.000000
0 0 0.000000
0 0 0.000000
0 0 0.000000
0 0 0.000000
0 0 0.000000
0 0 0.000000
0 0 0.000000
0 0 0.000000
0 0 0.000000
0 0 0.000000
0 0 0.000000
0 0 0.000000
0 0 0.000000
0 0 0.000000
0 0 0.000000
0 0 0.000000
0 0 0.000000
0 0 0.000000
0 0 0.000000
0 0 0.000000
0 0 0.000000
0 0 0.000000
0 0 0.000000
0 0 0.000000
0 0 0.000000
0 0 0.000000
0 0 0.000000
0 0 0.000000
0 0 0.000000
0 0 0.000000
0 0 0.000000
0 0 0.000000
0 0 0.000000
0 0 0.000000
0 0 0.000000
0 0 0.000000
0 0 0.000000
0 0 0.000000
0 0 0.000000
0 0 0.000000
0 0 0.000000
0 0 0.000000
0 0 0.000000
0 0 0.000000
0 0 0.000000
0 0 0.000000
0 0 0.000000
0 0 0.000000
0 0 0.000000
0 0 0.000000
0 0 0.000000
0 0 0.000000
0 0 0.000000
0 0 0.000000
0 0 0.000000
0 0 0.000000
0 0 0.000000
0 0 0.000000
0 0 0.000000
0 0 0.000000
0 0 0.000000
0 0 0.000000
0 0 0.000000
0 0 0.000000
0 0 0.000000
0 0 0.000000
0 0 0.000000
0 0 0.000000
0 0 0.000000
0 0 0.000000
0 0 0.000000
0 0 0.000000
0 0 0.000000
0 0 0.000000
0 0 0.000000
0 0 0.000000
0 0 0.000000
0 0 0.000000
0 0 0.000000
0 0 0.000000
0 0 0.000000
0 0 0.000000
0 0 0.000000
0 0 0.000000
0 0 0.000000
0 0 0.000000
0 0 0.000000
0 0 0.000000
0 0 0.000000
0 0 0.000000
0 0 0.000000
0 0 0.000000
0 0 0.000000
0 0 0.000000
0 0 0.000000
0 0 0.000000
0 0 0.000000
0 0 0.000000
0 0 0.000000
0 0 0.000000
0 0 0.000000
0 0 0.000000
0 0 0.000000
0 0 0.000000
0 0 0.000000
0 0 0.000000
0 0 0.000000
0 0 0.000000
0 0 0.000000
0 0 0.000000
0 0 0.000000
0 0 0.000000
0 0 0.000000
0 0 0.000000
0 0 0.000000
0 0 0.000000
0 0 0.000000
0 0 0.000000
0 0 0.000000
0 0 0.000000
0 0 0.000000
0 0 0.000000
R0 0.000000

HEART_RATE: 0 bpm
Correlation: 0.000000
Temperature: 0.000000
SpO2: skipped (weak correlation)

--- DEBUG SIGNAL DATA ---
0 0 0.000000
0 0 0.000000
0 0 0.000000
0 0 0.000000
0 0 0.000000
0 0 0.000000
0 0 0.000000
0 0 0.000000
0 0 0.000000
0 0 0.000000
0 0 0.000000
0 0 0.000000
0 0 0.000000
0 0 0.000000
0 0 0.000000
0 0 0.000000
0 0 0.000000
0 0 0.000000
0 0 0.000000
0 0 0.000000
0 0 0.000000
0 0 0.000000
0 0 0.000000
0 0 0.000000
0 0 0.000000
0 0 0.000000
0 0 0.000000
0 0 0.000000
0 0 0.000000
0 0 0.000000
0 0 0.000000
0 0 0.000000
0 0 0.000000
0 0 0.000000
0 0 0.000000
0 0 0.000000
0 0 0.000000
0 0 0.000000
0 0 0.000000
0 0 0.000000
0 0 0.000000
0 0 0.000000
0 0 0.000000
0 0 0.000000
0 0 0.000000
0 0 0.000000
0 0 0.000000
0 0 0.000000
0 0 0.000000
0 0 0.000000
0 0 0.000000
0 0 0.000000
0 0 0.000000
0 0 0.000000
0 0 0.000000
0 0 0.000000
0 0 0.000000
0 0 0.000000
0 0 0.000000
0 0 0.000000
0 0 0.000000
0 0 0.000000
0 0 0.000000
0 0 0.000000
0 0 0.000000
0 0 0.000000
0 0 0.000000
0 0 0.000000
0 0 0.000000
0 0 0.000000
0 0 0.000000
0 0 0.000000
0 0 0.000000
0 0 0.000000
0 0 0.000000
0 0 0.000000
0 0 0.000000
0 0 0.000000
0 0 0.000000
0 0 0.000000
0 0 0.000000
0 0 0.000000
0 0 0.000000
0 0 0.000000
0 0 0.000000
0 0 0.000000
0 0 0.000000
0 0 0.000000
0 0 0.000000
0 0 0.000000
0 0 0.000000
0 0 0.000000
0 0 0.000000
0 0 0.000000
0 0 0.000000
0 0 0.000000
0 0 0.000000
0 0 0.000000
0 0 0.000000
0 0 0.000000
0 0 0.000000
0 0 0.000000
0 0 0.000000
0 0 0.000000
0 0 0.000000
0 0 0.000000
0 0 0.000000
0 0 0.000000
0 0 0.000000
0 0 0.000000
0 0 0.000000
0 0 0.000000
0 0 0.000000
0 0 0.000000
0 0 0.000000
0 0 0.000000
0 0 0.000000
0 0 0.000000
0 0 0.000000
0 0 0.000000
0 0 0.000000
0 0 0.000000
0 0 0.000000
0 0 0.000000
0 0 0.000000
0 0 0.000000
0 0 0.000000
0 0 0.000000
R0 11.101562

HEART_RATE: 0 bpm
Correlation: 0.000000
Temperature: 0.000000
SpO2: skipped (weak correlation)

--- DEBUG SIGNAL DATA ---
-2 0 0.000000
-2 0 0.000000
-2 0 0.000000
-2 0 0.000000
-2 0 0.000000
-2 0 0.000000
-2 0 0.000000
-2 0 0.000000
-2 0 0.000000
-2 0 0.000000
-2 0 0.256861
-1 0 0.195637
-1 0 0.141450
-1 0 0.093596
-1 0 0.052780
-1 0 0.016890
-1 0 -0.023223
-1 0 -0.064743
-1 0 -0.097818
-1 0 -0.121745
-1 0 -0.135820
-1 0 -0.140042
-1 0 -0.143561
-1 0 -0.146376
-1 0 -0.148487
-1 0 -0.149191
0 0 -0.148487
0 0 -0.144968
0 0 -0.140042
0 0 -0.134412
0 0 -0.130894
0 0 -0.135820
0 0 -0.140042
0 0 -0.143561
0 0 -0.146376
0 0 -0.148487
0 0 -0.149894
0 0 -0.150598
0 0 -0.150598
0 0 -0.149894
0 0 -0.147783
0 0 -0.144265
0 0 -0.139338
0 0 -0.133005
0 0 -0.128079
0 0 -0.133005
0 0 -0.137227
0 0 -0.140746
0 0 -0.143561
0 0 -0.145672
0 0 -0.147080
0 0 -0.147783
0 0 -0.147783
0 0 -0.147080
0 0 -0.144968
1 0 -0.141450
1 0 -0.135116
1 0 -0.127375
1 0 -0.118930
1 0 -0.111893
1 0 -0.113300
1 0 -0.114004
1 0 -0.114004
1 0 -0.113300
1 0 -0.111893
1 0 -0.109782
1 0 -0.106967
1 0 -0.103448
1 0 -0.099226
2 0 -0.094300
2 0 -0.087262
2 0 -0.079521
2 0 -0.071077
2 0 -0.063336
2 0 -0.065447
2 0 -0.067558
2 0 -0.069669
2 0 -0.071780
2 0 -0.073892
2 0 -0.076003
2 0 -0.078114
2 0 -0.080225
2 0 -0.082336
2 0 -0.083744
3 0 -0.084448
3 0 -0.083040
3 0 -0.080929
3 0 -0.078818
3 0 -0.077410
3 0 -0.075299
3 0 -0.072484
3 0 -0.068966
3 0 -0.064743
3 0 -0.059817
3 0 -0.054187
3 0 -0.047854
3 0 -0.040816
3 0 -0.033075
4 0 -0.023927
4 0 -0.011963
4 0 0.001407
4 0 0.016186
4 0 0.030964
4 0 0.036594
4 0 0.042928
4 0 0.049965
4 0 0.057706
4 0 0.066151
3 0 0.075299
2 0 0.083744
1 0 0.091485
0 0 0.098522
0 0 0.104856
0 0 0.111893
-1 0 0.119634
-2 0 0.126671
-3 0 0.133005
-4 0 0.137931
-5 0 0.132301
-6 0 0.125264
-7 0 0.116819
-8 0 0.106967
-9 0 0.095707
-10 0 0.083040
-11 0 0.068966
-12 0 0.000000
-13 0 0.000000
-13 0 0.000000
R0 1570381031415.039062

HEART_RATE: 0 bpm
Correlation: -1.000000
Temperature: 0.000000
SpO2: skipped (weak correlation)

--- DEBUG SIGNAL DATA ---
792703 -2663040 0.000000
772866 -2596399 0.000000
753030 -2529759 0.000000
733193 -2463118 0.000000
713356 -2396477 0.000000
693519 -2329837 0.000000
673682 -2263196 0.000000
653845 -2196555 0.000000
634009 -2129915 0.000000
614172 -2063274 0.000000
594335 -1996634 0.130031
574498 -1929993 0.045813
554661 -1863352 -0.037893
534824 -1796712 -0.040944
514988 -1730071 -0.043970
495151 -1663430 -0.046969
475314 -1596790 -0.049939
455477 -1530149 -0.052877
435640 -1463508 -0.055782
415803 -1396868 -0.058651
395967 -1330227 -0.061484
376130 -1263586 -0.064277
356293 -1196946 -0.067029
336456 -1130305 -0.069738
316619 -1063665 -0.072402
296782 -997024 -0.075019
276946 -930383 -0.077587
257109 -863743 -0.080105
237272 -797102 -0.082569
217435 -730461 -0.084978
197598 -663821 -0.087331
177761 -597180 -0.089625
157925 -530539 -0.091859
138088 -463899 -0.094029
118251 -397258 -0.096135
98414 -330618 -0.098175
78577 -263977 -0.100146
58740 -197336 -0.102047
38904 -130696 -0.103875
19067 -64055 -0.105629
-769 2585 -0.107306
-20606 69225 -0.108905
-40443 135866 -0.110424
-60280 202507 -0.111860
-80116 269147 -0.113213
-99953 335788 -0.114479
-119790 402429 -0.115657
-139627 469069 -0.116746
-159464 535710 -0.117742
-179301 602350 -0.118644
-199137 668991 -0.119450
-218974 735632 -0.120159
-238811 802272 -0.120767
-258648 868913 -0.121274
-278485 935554 -0.121677
-298322 1002194 -0.121974
-318158 1068835 -0.122164
-337995 1135476 -0.122244
-357832 1202116 -0.122212
-377669 1268757 -0.122067
-397506 1335398 -0.121806
-417343 1402038 -0.121428
-437179 1468679 -0.120931
-457016 1535319 -0.120312
-476853 1601960 -0.119570
-496690 1668601 -0.118702
-516527 1735241 -0.117707
-536364 1801882 -0.116583
-556200 1868523 -0.115328
-576037 1935163 -0.113940
-595874 2001804 -0.112417
-615711 2068445 -0.110756
-635548 2135085 -0.108957
-655385 2201726 -0.107017
-675221 2268367 -0.104934
-695058 2335007 -0.102705
-714895 2401648 -0.100331
-734732 2468288 -0.097807
-754569 2534929 -0.095133
-774405 2601570 -0.092306
-794242 2668210 -0.089324
-814079 2734851 -0.086185
-833916 2801492 -0.082889
-853753 2868132 -0.079431
-873590 2934773 -0.075811
-893426 3001414 -0.072027
-913263 3068054 -0.068076
-933100 3134695 -0.063957
-952937 3201336 -0.059668
-972774 3267976 -0.055206
-992611 3334617 -0.050570
-1012447 3401257 -0.045758
-1032284 3467898 -0.040768
-1052121 3534539 -0.035597
-1071958 3601179 -0.030245
-1091795 3667820 -0.024708
-1111632 3734461 -0.018986
-1131468 3801101 -0.013076
-1151305 3867742 -0.006975
-1171142 3934383 -0.000683
-1190979 4001023 0.005803
-1210816 4067664 0.012484
-1230653 4134304 0.019364
-1250489 4200945 0.026443
-1270326 4267586 0.033723
-1290163 4334226 0.041208
-1310000 4400867 0.048897
-1329837 4467508 0.056795
-1349674 4534148 0.064901
-1369510 4600789 0.073220
-1389347 4667430 0.081751
-1409184 4734070 0.090498
-1429021 4800711 0.099462
-1448858 4867352 0.108646
-1468695 4933992 0.118051
-1488531 5000633 0.127679
3472272 -11664889 0.137532
3452435 -11598248 0.127478
3432598 -11531607 0.117163
3412761 -11464967 0.106586
3392924 -11398326 0.095752
3373088 -11331685 0.084660
3353251 -11265045 0.073314
3333414 -11198404 0.061715
3313577 -11131763 0.049866
3293740 -11065123 0.000000
3273903 -10998482 0.000000
3254067 -10931841 0.000000
R0 0.000000

HEART_RATE: 0 bpm
Correlation: 0.000000
Temperature: 0.000000
SpO2: skipped (weak correlation)

--- DEBUG SIGNAL DATA ---
0 0 0.000000
0 0 0.000000
0 0 0.000000
0 0 0.000000
0 0 0.000000
0 0 0.000000
0 0 0.000000
0 0 0.000000
0 0 0.000000
0 0 0.000000
0 0 0.000000
0 0 0.000000
0 0 0.000000
0 0 0.000000
0 0 0.000000
0 0 0.000000
0 0 0.000000
0 0 0.000000
0 0 0.000000
0 0 0.000000
0 0 0.000000
0 0 0.000000
0 0 0.000000
0 0 0.000000
0 0 0.000000
0 0 0.000000
0 0 0.000000
0 0 0.000000
0 0 0.000000
0 0 0.000000
0 0 0.000000
0 0 0.000000
0 0 0.000000
0 0 0.000000
0 0 0.000000
0 0 0.000000
0 0 0.000000
0 0 0.000000
0 0 0.000000
0 0 0.000000
0 0 0.000000
0 0 0.000000
0 0 0.000000
0 0 0.000000
0 0 0.000000
0 0 0.000000
0 0 0.000000
0 0 0.000000
0 0 0.000000
0 0 0.000000
0 0 0.000000
0 0 0.000000
0 0 0.000000
0 0 0.000000
0 0 0.000000
0 0 0.000000
0 0 0.000000
0 0 0.000000
0 0 0.000000
0 0 0.000000
0 0 0.000000
0 0 0.000000
0 0 0.000000
0 0 0.000000
0 0 0.000000
0 0 0.000000
0 0 0.000000
0 0 0.000000
0 0 0.000000
0 0 0.000000
0 0 0.000000
0 0 0.000000
0 0 0.000000
0 0 0.000000
0 0 0.000000
0 0 0.000000
0 0 0.000000
0 0 0.000000
0 0 0.000000
0 0 0.000000
0 0 0.000000
0 0 0.000000
0 0 0.000000
0 0 0.000000
0 0 0.000000
0 0 0.000000
0 0 0.000000
0 0 0.000000
0 0 0.000000
0 0 0.000000
0 0 0.000000
0 0 0.000000
0 0 0.000000
0 0 0.000000
0 0 0.000000
0 0 0.000000
0 0 0.000000
0 0 0.000000
0 0 0.000000
0 0 0.000000
0 0 0.000000
0 0 0.000000
0 0 0.000000
0 0 0.000000
0 0 0.000000
0 0 0.000000
0 0 0.000000
0 0 0.000000
0 0 0.000000
0 0 0.000000
0 0 0.000000
0 0 0.000000
0 0 0.000000
0 0 0.000000
0 0 0.000000
0 0 0.000000
0 0 0.000000
0 0 0.000000
0 0 0.000000
0 0 0.000000
0 0 0.000000
0 0 0.000000
0 0 0.000000
0 0 0.000000
0 0 0.000000
0 0 0.000000
0 0 0.000000
0 0 0.000000
