ï¿½ï¿½revision: v3.1
I (36ï¿½ets Jul 29 2019 12:21:46

rst:0x1 (POWERON_RESET),boot:0x13 (SPI_FAST_FLASH_BOOT)
configsip: 0, SPIWP:0xee
clk_drv:0x00,q_drv:0x00,d_drv:0x00,cs0_drv:0x00,hd_drv:0x00,wp_drv:0x00
mode:DIO, clock div:2
load:0x3fff0030,len:6596
load:0x40078000,len:18036
load:0x40080400,len:4
ho 8 tail 4 room 4
load:0x40080404,len:4284
entry 0x400806e8
[0;32mI (31) boot: ESP-IDF v5.4-dirty 2nd stage bootloader[0m
[0;32mI (31) boot: compile time Sep 30 2025 22:23:40[0m
[0;32mI (31) boot: Multicore bootloader[0m
[0;32mI (33) boot: chip revision: v3.1[0m
[0;32mI (36) boot.esp32: SPI Speed      : 40MHz[0m
[0;32mI (39) boot.esp32: SPI Mode       : DIO[0m
[0;32mI (43) boot.esp32: SPI Flash Size : 4MB[0m
[0;32mI (47) boot: Enabling RNG early entropy source...[0m
[0;32mI (51) boot: Partition Table:[0m
[0;32mI (54) boot: ## Label            Usage          Type ST Offset   Length[0m
[0;32mI (60) boot:  0 nvs              WiFi data        01 02 00011000 00006000[0m
[0;32mI (66) boot:  1 phy_init         RF data          01 01 00017000 00001000[0m
[0;32mI (73) boot:  2 factory          factory app      00 00 00020000 00177000[0m
[0;32mI (80) boot: End of partition table[0m
[0;32mI (83) esp_image: segment 0: paddr=00020020 vaddr=3f400020 size=0b4f0h ( 46320) map[0m
[0;32mI (107) esp_image: segment 1: paddr=0002b518 vaddr=3ff80000 size=0001ch (    28) load[0m
[0;32mI (107) esp_image: segment 2: paddr=0002b53c vaddr=3ffb0000 size=02414h (  9236) load[0m
[0;32mI (114) esp_image: segment 3: paddr=0002d958 vaddr=40080000 size=026c0h (  9920) load[0m
[0;32mI (122) esp_image: segment 4: paddr=00030020 vaddr=400d0020 size=1785ch ( 96348) map[0m
[0;32mI (159) esp_image: segment 5: paddr=00047884 vaddr=400826c0 size=0ba6ch ( 47724) load[0m
[0;32mI (187) boot: Loaded app from partition at offset 0x20000[0m
[0;32mI (187) boot: Disabling RNG early entropy source...[0m
[0;32mI (198) cpu_start: Multicore app[0m
[0;32mI (206) cpu_start: Pro cpu start user code[0m
[0;32mI (206) cpu_start: cpu freq: 240000000 Hz[0m
[0;32mI (206) app_init: Application information:[0m
[0;32mI (209) app_init: Project name:     oximetro-hr[0m
[0;32mI (214) app_init: App version:      1[0m
[0;32mI (219) app_init: Compile time:     Sep 30 2025 22:21:56[0m
[0;32mI (225) app_init: ELF file SHA256:  edcd83ea5...[0m
[0;32mI (230) app_init: ESP-IDF:          v5.4-dirty[0m
[0;32mI (235) efuse_init: Min chip rev:     v0.0[0m
[0;32mI (240) efuse_init: Max chip rev:     v3.99 [0m
[0;32mI (245) efuse_init: Chip rev:         v3.1[0m
[0;32mI (250) heap_init: Initializing. RAM available for dynamic allocation:[0m
[0;32mI (257) heap_init: At 3FFAE6E0 len 00001920 (6 KiB): DRAM[0m
[0;32mI (263) heap_init: At 3FFB3EA8 len 0002C158 (176 KiB): DRAM[0m
[0;32mI (269) heap_init: At 3FFE0440 len 00003AE0 (14 KiB): D/IRAM[0m
[0;32mI (275) heap_init: At 3FFE4350 len 0001BCB0 (111 KiB): D/IRAM[0m
[0;32mI (282) heap_init: At 4008E12C len 00011ED4 (71 KiB): IRAM[0m
[0;32mI (289) spi_flash: detected chip: generic[0m
[0;32mI (293) spi_flash: flash io: dio[0m
[0;33mW (297) i2c: This driver is an old driver, please migrate your application code to adapt `driver/i2c_master.h`[0m
[0;32mI (308) main_task: Started on CPU0[0m
[0;32mI (318) main_task: Calling app_main()[0m
[0;32mI (318) main_task: Returned from app_main()[0m

HEART_RATE: 0 bpm
Correlation: 0.000000
Temperature: 0.000000
SpO2: skipped (weak correlation)

--- DEBUG SIGNAL DATA ---
0 0 0.000000
0 0 0.000000
0 0 0.000000
0 0 0.000000
0 0 0.000000
0 0 0.000000
0 0 0.000000
0 0 0.000000
0 0 0.000000
0 0 0.000000
0 0 0.000000
0 0 0.000000
0 0 0.000000
0 0 0.000000
0 0 0.000000
0 0 0.000000
0 0 0.000000
0 0 0.000000
0 0 0.000000
0 0 0.000000
0 0 0.000000
0 0 0.000000
0 0 0.000000
0 0 0.000000
0 0 0.000000
0 0 0.000000
0 0 0.000000
0 0 0.000000
0 0 0.000000
0 0 0.000000
0 0 0.000000
0 0 0.000000
0 0 0.000000
0 0 0.000000
0 0 0.000000
0 0 0.000000
0 0 0.000000
0 0 0.000000
0 0 0.000000
0 0 0.000000
0 0 0.000000
0 0 0.000000
0 0 0.000000
0 0 0.000000
0 0 0.000000
0 0 0.000000
0 0 0.000000
0 0 0.000000
0 0 0.000000
0 0 0.000000
0 0 0.000000
0 0 0.000000
0 0 0.000000
0 0 0.000000
0 0 0.000000
0 0 0.000000
0 0 0.000000
0 0 0.000000
0 0 0.000000
0 0 0.000000
0 0 0.000000
0 0 0.000000
0 0 0.000000
0 0 0.000000
0 0 0.000000
0 0 0.000000
0 0 0.000000
0 0 0.000000
0 0 0.000000
0 0 0.000000
0 0 0.000000
0 0 0.000000
0 0 0.000000
0 0 0.000000
0 0 0.000000
0 0 0.000000
0 0 0.000000
0 0 0.000000
0 0 0.000000
0 0 0.000000
0 0 0.000000
0 0 0.000000
0 0 0.000000
0 0 0.000000
0 0 0.000000
0 0 0.000000
0 0 0.000000
0 0 0.000000
0 0 0.000000
0 0 0.000000
0 0 0.000000
0 0 0.000000
0 0 0.000000
0 0 0.000000
0 0 0.000000
0 0 0.000000
0 0 0.000000
0 0 0.000000
0 0 0.000000
0 0 0.000000
0 0 0.000000
0 0 0.000000
0 0 0.000000
0 0 0.000000
0 0 0.000000
0 0 0.000000
0 0 0.000000
0 0 0.000000
0 0 0.000000
0 0 0.000000
0 0 0.000000
0 0 0.000000
0 0 0.000000
0 0 0.000000
0 0 0.000000
0 0 0.000000
0 0 0.000000
0 0 0.000000
0 0 0.000000
0 0 0.000000
0 0 0.000000
0 0 0.000000
0 0 0.000000
0 0 0.000000
0 0 0.000000
0 0 0.000000
0 0 0.000000
0 0 0.000000

HEART_RATE: 0 bpm
Correlation: 0.000000
Temperature: 0.000000
SpO2: skipped (weak correlation)

--- DEBUG SIGNAL DATA ---
0 0 0.000000
0 0 0.000000
0 0 0.000000
0 0 0.000000
0 0 0.000000
0 0 0.000000
0 0 0.000000
0 0 0.000000
0 0 0.000000
0 0 0.000000
0 0 0.000000
0 0 0.000000
0 0 0.000000
0 0 0.000000
0 0 0.000000
0 0 0.000000
0 0 0.000000
0 0 0.000000
0 0 0.000000
0 0 0.000000
0 0 0.000000
0 0 0.000000
0 0 0.000000
0 0 0.000000
0 0 0.000000
0 0 0.000000
0 0 0.000000
0 0 0.000000
0 0 0.000000
0 0 0.000000
0 0 0.000000
0 0 0.000000
0 0 0.000000
0 0 0.000000
0 0 0.000000
0 0 0.000000
0 0 0.000000
0 0 0.000000
0 0 0.000000
0 0 0.000000
0 0 0.000000
0 0 0.000000
0 0 0.000000
0 0 0.000000
0 0 0.000000
0 0 0.000000
0 0 0.000000
0 0 0.000000
0 0 0.000000
0 0 0.000000
0 0 0.000000
0 0 0.000000
0 0 0.000000
0 0 0.000000
0 0 0.000000
0 0 0.000000
0 0 0.000000
0 0 0.000000
0 0 0.000000
0 0 0.000000
0 0 0.000000
0 0 0.000000
0 0 0.000000
0 0 0.000000
0 0 0.000000
0 0 0.000000
0 0 0.000000
0 0 0.000000
0 0 0.000000
0 0 0.000000
0 0 0.000000
0 0 0.000000
0 0 0.000000
0 0 0.000000
0 0 0.000000
0 0 0.000000
0 0 0.000000
0 0 0.000000
0 0 0.000000
0 0 0.000000
0 0 0.000000
0 0 0.000000
0 0 0.000000
0 0 0.000000
0 0 0.000000
0 0 0.000000
0 0 0.000000
0 0 0.000000
0 0 0.000000
0 0 0.000000
0 0 0.000000
0 0 0.000000
0 0 0.000000
0 0 0.000000
0 0 0.000000
0 0 0.000000
0 0 0.000000
0 0 0.000000
0 0 0.000000
0 0 0.000000
0 0 0.000000
0 0 0.000000
0 0 0.000000
0 0 0.000000
0 0 0.000000
0 0 0.000000
0 0 0.000000
0 0 0.000000
0 0 0.000000
0 0 0.000000
0 0 0.000000
0 0 0.000000
0 0 0.000000
0 0 0.000000
0 0 0.000000
0 0 0.000000
0 0 0.000000
0 0 0.000000
0 0 0.000000
0 0 0.000000
0 0 0.000000
0 0 0.000000
0 0 0.000000
0 0 0.000000
0 0 0.000000
0 0 0.000000
0 0 0.000000
0 0 0.000000
R0 28611.773438

HEART_RATE: 136 bpm
Correlation: 0.000000
Temperature: 0.000000
SpO2: skipped (weak correlation)

--- DEBUG SIGNAL DATA ---
-572 0 1.000000
-539 0 0.948787
-507 0 0.895690
-475 0 0.840910
-442 0 0.784760
-410 0 0.727685
-378 0 0.669891
-346 0 0.611698
-313 0 0.553405
-281 0 0.495464
-249 0 0.438079
-216 0 0.381562
-184 0 0.326358
-152 0 0.272674
-120 0 0.220828
-87 0 0.171120
-55 0 0.124013
-23 0 0.079709
9 0 0.038522
41 0 0.000730
73 0 -0.033303
105 0 -0.063259
138 0 -0.088837
170 0 -0.109575
202 0 -0.125272
235 0 -0.135612
231 0 -0.140153
227 0 -0.144624
223 0 -0.149023
220 0 -0.153361
216 0 -0.157503
212 0 -0.161561
209 0 -0.165534
205 0 -0.169303
201 0 -0.172978
197 0 -0.176553
194 0 -0.180041
190 0 -0.183307
186 0 -0.186463
183 0 -0.189506
179 0 -0.192360
175 0 -0.195095
171 0 -0.197705
168 0 -0.200190
164 0 -0.202430
160 0 -0.204534
157 0 -0.206500
153 0 -0.208212
149 0 -0.209777
145 0 -0.211192
142 0 -0.212456
138 0 -0.213447
134 0 -0.214277
131 0 -0.214942
127 0 -0.215327
123 0 -0.215538
119 0 -0.215573
116 0 -0.215431
112 0 -0.214989
108 0 -0.214360
105 0 -0.213539
101 0 -0.212412
97 0 -0.211086
93 0 -0.209556
90 0 -0.207822
86 0 -0.205774
82 0 -0.203521
78 0 -0.201059
75 0 -0.198399
71 0 -0.195407
67 0 -0.192196
64 0 -0.188762
60 0 -0.184988
56 0 -0.180983
52 0 -0.176744
49 0 -0.172279
45 0 -0.167456
41 0 -0.162387
38 0 -0.157070
34 0 -0.151385
30 0 -0.145444
26 0 -0.139242
23 0 -0.132788
19 0 -0.125950
15 0 -0.118839
12 0 -0.111454
8 0 -0.103675
4 0 -0.095614
0 0 -0.087264
-2 0 -0.078637
-6 0 -0.069433
-10 0 -0.059923
-13 0 -0.050103
-17 0 -0.039853
-21 0 -0.029286
-25 0 -0.018396
-28 0 -0.007192
-32 0 0.004457
-36 0 0.016440
-39 0 0.028759
-43 0 0.041534
-47 0 0.054653
-51 0 0.068121
-54 0 0.081929
-58 0 0.094765
-62 0 0.106476
-65 0 0.117025
-69 0 0.126504
-73 0 0.134761
-77 0 0.141761
-80 0 0.147467
-84 0 0.152011
-88 0 0.155202
-91 0 0.157004
-95 0 0.157507
-99 0 0.156559
-103 0 0.154126
-106 0 0.150172
-110 0 0.144787
-114 0 0.137820
-117 0 0.129234
-121 0 0.119121
-125 0 0.107327
-129 0 0.093819
-132 0 0.078561
-136 0 0.000000
-140 0 0.000000
-143 0 0.000000

HEART_RATE: 0 bpm
Correlation: 0.000000
Temperature: 0.000000
SpO2: skipped (weak correlation)

--- DEBUG SIGNAL DATA ---
0 0 1.000000
0 0 0.948787
0 0 0.895690
0 0 0.840910
0 0 0.784760
0 0 0.727685
0 0 0.669891
0 0 0.611698
0 0 0.553405
0 0 0.495464
0 0 0.438079
0 0 0.381562
0 0 0.326358
0 0 0.272674
0 0 0.220828
0 0 0.171120
0 0 0.124013
0 0 0.079709
0 0 0.038522
0 0 0.000730
0 0 -0.033303
0 0 -0.063259
0 0 -0.088837
0 0 -0.109575
0 0 -0.125272
0 0 -0.135612
0 0 -0.140153
0 0 -0.144624
0 0 -0.149023
0 0 -0.153361
0 0 -0.157503
0 0 -0.161561
0 0 -0.165534
0 0 -0.169303
0 0 -0.172978
0 0 -0.176553
0 0 -0.180041
0 0 -0.183307
0 0 -0.186463
0 0 -0.189506
0 0 -0.192360
0 0 -0.195095
0 0 -0.197705
0 0 -0.200190
0 0 -0.202430
0 0 -0.204534
0 0 -0.206500
0 0 -0.208212
0 0 -0.209777
0 0 -0.211192
0 0 -0.212456
0 0 -0.213447
0 0 -0.214277
0 0 -0.214942
0 0 -0.215327
0 0 -0.215538
0 0 -0.215573
0 0 -0.215431
0 0 -0.214989
0 0 -0.214360
0 0 -0.213539
0 0 -0.212412
0 0 -0.211086
0 0 -0.209556
0 0 -0.207822
0 0 -0.205774
0 0 -0.203521
0 0 -0.201059
0 0 -0.198399
0 0 -0.195407
0 0 -0.192196
0 0 -0.188762
0 0 -0.184988
0 0 -0.180983
0 0 -0.176744
0 0 -0.172279
0 0 -0.167456
0 0 -0.162387
0 0 -0.157070
0 0 -0.151385
0 0 -0.145444
0 0 -0.139242
0 0 -0.132788
0 0 -0.125950
0 0 -0.118839
0 0 -0.111454
0 0 -0.103675
0 0 -0.095614
0 0 -0.087264
0 0 -0.078637
0 0 -0.069433
0 0 -0.059923
0 0 -0.050103
0 0 -0.039853
0 0 -0.029286
0 0 -0.018396
0 0 -0.007192
0 0 0.004457
0 0 0.016440
0 0 0.028759
0 0 0.041534
0 0 0.054653
0 0 0.068121
0 0 0.081929
0 0 0.094765
0 0 0.106476
0 0 0.117025
0 0 0.126504
0 0 0.134761
0 0 0.141761
0 0 0.147467
0 0 0.152011
0 0 0.155202
0 0 0.157004
0 0 0.157507
0 0 0.156559
0 0 0.154126
0 0 0.150172
0 0 0.144787
0 0 0.137820
0 0 0.129234
0 0 0.119121
0 0 0.107327
0 0 0.093819
0 0 0.078561
0 0 0.000000
0 0 0.000000
0 0 0.000000

HEART_RATE: 0 bpm
Correlation: 0.000000
Temperature: 0.000000
SpO2: skipped (weak correlation)

--- DEBUG SIGNAL DATA ---
0 0 1.000000
0 0 0.948787
0 0 0.895690
0 0 0.840910
0 0 0.784760
0 0 0.727685
0 0 0.669891
0 0 0.611698
0 0 0.553405
0 0 0.495464
0 0 0.438079
0 0 0.381562
0 0 0.326358
0 0 0.272674
0 0 0.220828
0 0 0.171120
0 0 0.124013
0 0 0.079709
0 0 0.038522
0 0 0.000730
0 0 -0.033303
0 0 -0.063259
0 0 -0.088837
0 0 -0.109575
0 0 -0.125272
0 0 -0.135612
0 0 -0.140153
0 0 -0.144624
0 0 -0.149023
0 0 -0.153361
0 0 -0.157503
0 0 -0.161561
0 0 -0.165534
0 0 -0.169303
0 0 -0.172978
0 0 -0.176553
0 0 -0.180041
0 0 -0.183307
0 0 -0.186463
0 0 -0.189506
0 0 -0.192360
0 0 -0.195095
0 0 -0.197705
0 0 -0.200190
0 0 -0.202430
0 0 -0.204534
0 0 -0.206500
0 0 -0.208212
0 0 -0.209777
0 0 -0.211192
0 0 -0.212456
0 0 -0.213447
0 0 -0.214277
0 0 -0.214942
0 0 -0.215327
0 0 -0.215538
0 0 -0.215573
0 0 -0.215431
0 0 -0.214989
0 0 -0.214360
0 0 -0.213539
0 0 -0.212412
0 0 -0.211086
0 0 -0.209556
0 0 -0.207822
0 0 -0.205774
0 0 -0.203521
0 0 -0.201059
0 0 -0.198399
0 0 -0.195407
0 0 -0.192196
0 0 -0.188762
0 0 -0.184988
0 0 -0.180983
0 0 -0.176744
0 0 -0.172279
0 0 -0.167456
0 0 -0.162387
0 0 -0.157070
0 0 -0.151385
0 0 -0.145444
0 0 -0.139242
0 0 -0.132788
0 0 -0.125950
0 0 -0.118839
0 0 -0.111454
0 0 -0.103675
0 0 -0.095614
0 0 -0.087264
0 0 -0.078637
0 0 -0.069433
0 0 -0.059923
0 0 -0.050103
0 0 -0.039853
0 0 -0.029286
0 0 -0.018396
0 0 -0.007192
0 0 0.004457
0 0 0.016440
0 0 0.028759
0 0 0.041534
0 0 0.054653
0 0 0.068121
0 0 0.081929
0 0 0.094765
0 0 0.106476
0 0 0.117025
0 0 0.126504
0 0 0.134761
0 0 0.141761
0 0 0.147467
0 0 0.152011
0 0 0.155202
0 0 0.157004
0 0 0.157507
0 0 0.156559
0 0 0.154126
0 0 0.150172
0 0 0.144787
0 0 0.137820
0 0 0.129234
0 0 0.119121
0 0 0.107327
0 0 0.093819
0 0 0.078561
0 0 0.000000
0 0 0.000000
0 0 0.000000

HEART_RATE: 0 bpm
Correlation: 0.000000
Temperature: 0.000000
SpO2: skipped (weak correlation)

--- DEBUG SIGNAL DATA ---
0 0 1.000000
0 0 0.948787
0 0 0.895690
0 0 0.840910
0 0 0.784760
0 0 0.727685
0 0 0.669891
0 0 0.611698
0 0 0.553405
0 0 0.495464
0 0 0.438079
0 0 0.381562
0 0 0.326358
0 0 0.272674
0 0 0.220828
0 0 0.171120
0 0 0.124013
0 0 0.079709
0 0 0.038522
0 0 0.000730
0 0 -0.033303
0 0 -0.063259
0 0 -0.088837
0 0 -0.109575
0 0 -0.125272
0 0 -0.135612
0 0 -0.140153
0 0 -0.144624
0 0 -0.149023
0 0 -0.153361
0 0 -0.157503
0 0 -0.161561
0 0 -0.165534
0 0 -0.169303
0 0 -0.172978
0 0 -0.176553
0 0 -0.180041
0 0 -0.183307
0 0 -0.186463
0 0 -0.189506
0 0 -0.192360
0 0 -0.195095
0 0 -0.197705
0 0 -0.200190
0 0 -0.202430
0 0 -0.204534
0 0 -0.206500
0 0 -0.208212
0 0 -0.209777
0 0 -0.211192
0 0 -0.212456
0 0 -0.213447
0 0 -0.214277
0 0 -0.214942
0 0 -0.215327
0 0 -0.215538
0 0 -0.215573
0 0 -0.215431
0 0 -0.214989
0 0 -0.214360
0 0 -0.213539
0 0 -0.212412
0 0 -0.211086
0 0 -0.209556
0 0 -0.207822
0 0 -0.205774
0 0 -0.203521
0 0 -0.201059
0 0 -0.198399
0 0 -0.195407
0 0 -0.192196
0 0 -0.188762
0 0 -0.184988
0 0 -0.180983
0 0 -0.176744
0 0 -0.172279
0 0 -0.167456
0 0 -0.162387
0 0 -0.157070
0 0 -0.151385
0 0 -0.145444
0 0 -0.139242
0 0 -0.132788
0 0 -0.125950
0 0 -0.118839
0 0 -0.111454
0 0 -0.103675
0 0 -0.095614
0 0 -0.087264
0 0 -0.078637
0 0 -0.069433
0 0 -0.059923
0 0 -0.050103
0 0 -0.039853
0 0 -0.029286
0 0 -0.018396
0 0 -0.007192
0 0 0.004457
0 0 0.016440
0 0 0.028759
0 0 0.041534
0 0 0.054653
0 0 0.068121
0 0 0.081929
0 0 0.094765
0 0 0.106476
0 0 0.117025
0 0 0.126504
0 0 0.134761
0 0 0.141761
0 0 0.147467
0 0 0.152011
0 0 0.155202
0 0 0.157004
0 0 0.157507
0 0 0.156559
0 0 0.154126
0 0 0.150172
0 0 0.144787
0 0 0.137820
0 0 0.129234
0 0 0.119121
0 0 0.107327
0 0 0.093819
0 0 0.078561
0 0 0.000000
0 0 0.000000
0 0 0.000000

HEART_RATE: 0 bpm
Correlation: 0.000000
Temperature: 0.000000
SpO2: skipped (weak correlation)

--- DEBUG SIGNAL DATA ---
0 0 1.000000
0 0 0.948787
0 0 0.895690
0 0 0.840910
0 0 0.784760
0 0 0.727685
0 0 0.669891
0 0 0.611698
0 0 0.553405
0 0 0.495464
0 0 0.438079
0 0 0.381562
0 0 0.326358
0 0 0.272674
0 0 0.220828
0 0 0.171120
0 0 0.124013
0 0 0.079709
0 0 0.038522
0 0 0.000730
0 0 -0.033303
0 0 -0.063259
0 0 -0.088837
0 0 -0.109575
0 0 -0.125272
0 0 -0.135612
0 0 -0.140153
0 0 -0.144624
0 0 -0.149023
0 0 -0.153361
0 0 -0.157503
0 0 -0.161561
0 0 -0.165534
0 0 -0.169303
0 0 -0.172978
0 0 -0.176553
0 0 -0.180041
0 0 -0.183307
0 0 -0.186463
0 0 -0.189506
0 0 -0.192360
0 0 -0.195095
0 0 -0.197705
0 0 -0.200190
0 0 -0.202430
0 0 -0.204534
0 0 -0.206500
0 0 -0.208212
0 0 -0.209777
0 0 -0.211192
0 0 -0.212456
0 0 -0.213447
0 0 -0.214277
0 0 -0.214942
0 0 -0.215327
0 0 -0.215538
0 0 -0.215573
0 0 -0.215431
0 0 -0.214989
0 0 -0.214360
0 0 -0.213539
0 0 -0.212412
0 0 -0.211086
0 0 -0.209556
0 0 -0.207822
0 0 -0.205774
0 0 -0.203521
0 0 -0.201059
0 0 -0.198399
0 0 -0.195407
0 0 -0.192196
0 0 -0.188762
0 0 -0.184988
0 0 -0.180983
0 0 -0.176744
0 0 -0.172279
0 0 -0.167456
0 0 -0.162387
0 0 -0.157070
0 0 -0.151385
0 0 -0.145444
0 0 -0.139242
0 0 -0.132788
0 0 -0.125950
0 0 -0.118839
0 0 -0.111454
0 0 -0.103675
0 0 -0.095614
0 0 -0.087264
0 0 -0.078637
0 0 -0.069433
0 0 -0.059923
0 0 -0.050103
0 0 -0.039853
0 0 -0.029286
0 0 -0.018396
0 0 -0.007192
0 0 0.004457
0 0 0.016440
0 0 0.028759
0 0 0.041534
0 0 0.054653
0 0 0.068121
0 0 0.081929
0 0 0.094765
0 0 0.106476
0 0 0.117025
0 0 0.126504
0 0 0.134761
0 0 0.141761
0 0 0.147467
0 0 0.152011
0 0 0.155202
0 0 0.157004
0 0 0.157507
0 0 0.156559
0 0 0.154126
0 0 0.150172
0 0 0.144787
0 0 0.137820
0 0 0.129234
0 0 0.119121
0 0 0.107327
0 0 0.093819
0 0 0.078561
0 0 0.000000
0 0 0.000000
0 0 0.000000
R0 226321.484375

HEART_RATE: 136 bpm
Correlation: 0.000000
Temperature: 0.000000
SpO2: skipped (weak correlation)

--- DEBUG SIGNAL DATA ---
426 0 1.000000
415 0 0.952809
404 0 0.903721
393 0 0.853002
382 0 0.800920
371 0 0.747743
360 0 0.693737
349 0 0.639171
338 0 0.584311
327 0 0.529426
316 0 0.474778
305 0 0.420637
294 0 0.367269
283 0 0.314941
272 0 0.263918
260 0 0.214467
249 0 0.166816
238 0 0.121268
227 0 0.078093
216 0 0.037558
205 0 -0.000127
194 0 -0.034640
183 0 -0.065711
172 0 -0.093073
161 0 -0.116457
150 0 -0.135597
139 0 -0.150226
128 0 -0.160075
117 0 -0.164877
106 0 -0.169560
95 0 -0.174119
84 0 -0.178550
73 0 -0.182848
62 0 -0.187010
51 0 -0.191031
40 0 -0.194908
29 0 -0.198635
18 0 -0.202209
7 0 -0.205626
-3 0 -0.208881
-14 0 -0.211986
-25 0 -0.214921
-36 0 -0.217682
-47 0 -0.220266
-58 0 -0.222667
-69 0 -0.224883
-80 0 -0.226907
-91 0 -0.228738
-103 0 -0.230369
-114 0 -0.231838
-125 0 -0.233103
-136 0 -0.234159
-147 0 -0.235002
-158 0 -0.235627
-169 0 -0.236028
-180 0 -0.236200
-191 0 -0.236140
-202 0 -0.235842
-213 0 -0.235303
-224 0 -0.234518
-235 0 -0.233484
-246 0 -0.232196
-257 0 -0.230650
-268 0 -0.228845
-279 0 -0.226777
-290 0 -0.224441
-301 0 -0.221834
-312 0 -0.218952
-323 0 -0.215789
-334 0 -0.212343
-345 0 -0.208608
-356 0 -0.204581
-367 0 -0.200258
-378 0 -0.195633
-389 0 -0.190704
-400 0 -0.185466
-411 0 -0.179914
-422 0 -0.174045
-433 0 -0.167854
-444 0 -0.161338
-456 0 -0.154491
-467 0 -0.147352
-478 0 -0.139876
-489 0 -0.132060
-500 0 -0.123900
-511 0 -0.115392
-522 0 -0.106531
-533 0 -0.097310
-544 0 -0.087725
-555 0 -0.077771
-566 0 -0.067389
-577 0 -0.056628
-588 0 -0.045483
-599 0 -0.033950
-610 0 -0.022026
-621 0 -0.009704
-632 0 0.003017
-643 0 0.016143
-654 0 0.029678
-665 0 0.043625
-676 0 0.057990
-594 0 0.072776
-512 0 0.086585
-430 0 0.099385
-348 0 0.111145
-266 0 0.121834
-184 0 0.131422
-102 0 0.139876
-20 0 0.147166
61 0 0.153260
143 0 0.158143
225 0 0.161769
307 0 0.164107
388 0 0.165124
470 0 0.164751
552 0 0.162993
634 0 0.159819
716 0 0.155199
798 0 0.149101
880 0 0.141495
962 0 0.132348
1044 0 0.121631
1126 0 0.109311
1208 0 0.095357
1290 0 0.079739
1372 0 0.000000
1454 0 0.000000
1536 0 0.000000

HEART_RATE: 0 bpm
Correlation: 0.000000
Temperature: 0.000000
SpO2: skipped (weak correlation)

--- DEBUG SIGNAL DATA ---
0 0 1.000000
0 0 0.952809
0 0 0.903721
0 0 0.853002
0 0 0.800920
0 0 0.747743
0 0 0.693737
0 0 0.639171
0 0 0.584311
0 0 0.529426
0 0 0.474778
0 0 0.420637
0 0 0.367269
0 0 0.314941
0 0 0.263918
0 0 0.214467
0 0 0.166816
0 0 0.121268
0 0 0.078093
0 0 0.037558
0 0 -0.000127
0 0 -0.034640
0 0 -0.065711
0 0 -0.093073
0 0 -0.116457
0 0 -0.135597
0 0 -0.150226
0 0 -0.160075
0 0 -0.164877
0 0 -0.169560
0 0 -0.174119
0 0 -0.178550
0 0 -0.182848
0 0 -0.187010
0 0 -0.191031
0 0 -0.194908
0 0 -0.198635
0 0 -0.202209
0 0 -0.205626
0 0 -0.208881
0 0 -0.211986
0 0 -0.214921
0 0 -0.217682
0 0 -0.220266
0 0 -0.222667
0 0 -0.224883
0 0 -0.226907
0 0 -0.228738
0 0 -0.230369
0 0 -0.231838
0 0 -0.233103
0 0 -0.234159
0 0 -0.235002
0 0 -0.235627
0 0 -0.236028
0 0 -0.236200
0 0 -0.236140
0 0 -0.235842
0 0 -0.235303
0 0 -0.234518
0 0 -0.233484
0 0 -0.232196
0 0 -0.230650
0 0 -0.228845
0 0 -0.226777
0 0 -0.224441
0 0 -0.221834
0 0 -0.218952
0 0 -0.215789
0 0 -0.212343
0 0 -0.208608
0 0 -0.204581
0 0 -0.200258
0 0 -0.195633
0 0 -0.190704
0 0 -0.185466
0 0 -0.179914
0 0 -0.174045
0 0 -0.167854
0 0 -0.161338
0 0 -0.154491
0 0 -0.147352
0 0 -0.139876
0 0 -0.132060
0 0 -0.123900
0 0 -0.115392
0 0 -0.106531
0 0 -0.097310
0 0 -0.087725
0 0 -0.077771
0 0 -0.067389
0 0 -0.056628
0 0 -0.045483
0 0 -0.033950
0 0 -0.022026
0 0 -0.009704
0 0 0.003017
0 0 0.016143
0 0 0.029678
0 0 0.043625
0 0 0.057990
0 0 0.072776
0 0 0.086585
0 0 0.099385
0 0 0.111145
0 0 0.121834
0 0 0.131422
0 0 0.139876
0 0 0.147166
0 0 0.153260
0 0 0.158143
0 0 0.161769
0 0 0.164107
0 0 0.165124
0 0 0.164751
0 0 0.162993
0 0 0.159819
0 0 0.155199
0 0 0.149101
0 0 0.141495
0 0 0.132348
0 0 0.121631
0 0 0.109311
0 0 0.095357
0 0 0.079739
0 0 0.000000
0 0 0.000000
0 0 0.000000
