YWkï¿½ï¿½ï¿½ï¿½ v3.1
[0;32mI (36) ï¿½ets Jul 29 2019 12:21:46[0m

rst:0x1 (POWERON_RESET),boot:0x13 (SPI_FAST_FLASH_BOOT)
configsip: 0, SPIWP:0xee
clk_drv:0x00,q_drv:0x00,d_drv:0x00,cs0_drv:0x00,hd_drv:0x00,wp_drv:0x00
mode:DIO, clock div:2
load:0x3fff0030,len:6596
load:0x40078000,len:18036
load:0x40080400,len:4
ho 8 tail 4 room 4
load:0x40080404,len:4284
entry 0x400806e8
[0;32mI (31) boot: ESP-IDF v5.4-dirty 2nd stage bootloader[0m
[0;32mI (31) boot: compile time Sep 30 2025 22:23:40[0m
[0;32mI (31) boot: Multicore bootloader[0m
[0;32mI (33) boot: chip revision: v3.1[0m
[0;32mI (36) boot.esp32: SPI Speed      : 40MHz[0m
[0;32mI (39) boot.esp32: SPI Mode       : DIO[0m
[0;32mI (43) boot.esp32: SPI Flash Size : 4MB[0m
[0;32mI (47) boot: Enabling RNG early entropy source...[0m
[0;32mI (51) boot: Partition Table:[0m
[0;32mI (54) boot: ## Label            Usage          Type ST Offset   Length[0m
[0;32mI (60) boot:  0 nvs              WiFi data        01 02 00011000 00006000[0m
[0;32mI (66) boot:  1 phy_init         RF data          01 01 00017000 00001000[0m
[0;32mI (73) boot:  2 factory          factory app      00 00 00020000 00177000[0m
[0;32mI (80) boot: End of partition table[0m
[0;32mI (83) esp_image: segment 0: paddr=00020020 vaddr=3f400020 size=0b700h ( 46848) map[0m
[0;32mI (107) esp_image: segment 1: paddr=0002b728 vaddr=3ff80000 size=0001ch (    28) load[0m
[0;32mI (107) esp_image: segment 2: paddr=0002b74c vaddr=3ffb0000 size=02414h (  9236) load[0m
[0;32mI (114) esp_image: segment 3: paddr=0002db68 vaddr=40080000 size=024b0h (  9392) load[0m
[0;32mI (122) esp_image: segment 4: paddr=00030020 vaddr=400d0020 size=17ea8h ( 97960) map[0m
[0;32mI (160) esp_image: segment 5: paddr=00047ed0 vaddr=400824b0 size=0bc7ch ( 48252) load[0m
[0;32mI (188) boot: Loaded app from partition at offset 0x20000[0m
[0;32mI (188) boot: Disabling RNG early entropy source...[0m
[0;32mI (199) cpu_start: Multicore app[0m
[0;32mI (207) cpu_start: Pro cpu start user code[0m
[0;32mI (207) cpu_start: cpu freq: 240000000 Hz[0m
[0;32mI (207) app_init: Application information:[0m
[0;32mI (210) app_init: Project name:     oximetro-hr[0m
[0;32mI (215) app_init: App version:      1[0m
[0;32mI (220) app_init: Compile time:     Sep 30 2025 22:21:56[0m
[0;32mI (226) app_init: ELF file SHA256:  120adcb77...[0m
[0;32mI (231) app_init: ESP-IDF:          v5.4-dirty[0m
[0;32mI (236) efuse_init: Min chip rev:     v0.0[0m
[0;32mI (241) efuse_init: Max chip rev:     v3.99 [0m
[0;32mI (246) efuse_init: Chip rev:         v3.1[0m
[0;32mI (251) heap_init: Initializing. RAM available for dynamic allocation:[0m
[0;32mI (258) heap_init: At 3FFAE6E0 len 00001920 (6 KiB): DRAM[0m
[0;32mI (264) heap_init: At 3FFB3EA0 len 0002C160 (176 KiB): DRAM[0m
[0;32mI (270) heap_init: At 3FFE0440 len 00003AE0 (14 KiB): D/IRAM[0m
[0;32mI (276) heap_init: At 3FFE4350 len 0001BCB0 (111 KiB): D/IRAM[0m
[0;32mI (283) heap_init: At 4008E12C len 00011ED4 (71 KiB): IRAM[0m
[0;32mI (290) spi_flash: detected chip: generic[0m
[0;32mI (294) spi_flash: flash io: dio[0m
[0;33mW (298) i2c: This driver is an old driver, please migrate your application code to adapt `driver/i2c_master.h`[0m
[0;32mI (309) main_task: Started on CPU0[0m
[0;32mI (319) main_task: Calling app_main()[0m
[0;32mI (319) main_task: Returned from app_main()[0m
[0;32mI (319) Oximeter: Sensor task started[0m
[0;33mW (609) Oximeter: Timeout collecting samples: collected=0 (expected=128)[0m
[0;33mW (949) Oximeter: Timeout collecting samples: collected=0 (expected=128)[0m
[0;33mW (1289) Oximeter: Timeout collecting samples: collected=0 (expected=128)[0m
[0;33mW (1629) Oximeter: Timeout collecting samples: collected=0 (expected=128)[0m
[0;33mW (1969) Oximeter: Timeout collecting samples: collected=0 (expected=128)[0m
[0;33mW (2309) Oximeter: Timeout collecting samples: collected=0 (expected=128)[0m
[0;33mW (2649) Oximeter: Timeout collecting samples: collected=0 (expected=128)[0m
[0;33mW (2989) Oximeter: Timeout collecting samples: collected=0 (expected=128)[0m
[0;33mW (3329) Oximeter: Timeout collecting samples: collected=0 (expected=128)[0m
[0;33mW (3669) Oximeter: Timeout collecting samples: collected=0 (expected=128)[0m
[0;33mW (4009) Oximeter: Timeout collecting samples: collected=0 (expected=128)[0m
[0;33mW (4349) Oximeter: Timeout collecting samples: collected=0 (expected=128)[0m
[0;33mW (4689) Oximeter: Timeout collecting samples: collected=0 (expected=128)[0m
[0;33mW (5029) Oximeter: Timeout collecting samples: collected=0 (expected=128)[0m
[0;33mW (5369) Oximeter: Timeout collecting samples: collected=0 (expected=128)[0m
[0;33mW (5709) Oximeter: Timeout collecting samples: collected=0 (expected=128)[0m
[0;33mW (6049) Oximeter: Timeout collecting samples: collected=0 (expected=128)[0m
[0;33mW (6409) Oximeter: Timeout collecting samples: collected=32 (expected=128)[0m
[0;33mW (6749) Oximeter: Timeout collecting samples: collected=0 (expected=128)[0m
[0;33mW (7089) Oximeter: Timeout collecting samples: collected=0 (expected=128)[0m
[0;33mW (7429) Oximeter: Timeout collecting samples: collected=0 (expected=128)[0m
[0;33mW (7769) Oximeter: Timeout collecting samples: collected=0 (expected=128)[0m
[0;33mW (8129) Oximeter: Timeout collecting samples: collected=32 (expected=128)[0m
[0;33mW (8489) Oximeter: Timeout collecting samples: collected=32 (expected=128)[0m
[0;33mW (8829) Oximeter: Timeout collecting samples: collected=0 (expected=128)[0m
[0;33mW (9169) Oximeter: Timeout collecting samples: collected=0 (expected=128)[0m
[0;33mW (9509) Oximeter: Timeout collecting samples: collected=0 (expected=128)[0m
[0;33mW (9849) Oximeter: Timeout collecting samples: collected=0 (expected=128)[0m
[0;33mW (10189) Oximeter: Timeout collecting samples: collected=0 (expected=128)[0m
[0;33mW (10529) Oximeter: Timeout collecting samples: collected=0 (expected=128)[0m
[0;33mW (10889) Oximeter: Timeout collecting samples: collected=32 (expected=128)[0m
[0;33mW (11229) Oximeter: Timeout collecting samples: collected=0 (expected=128)[0m
[0;33mW (11569) Oximeter: Timeout collecting samples: collected=0 (expected=128)[0m
[0;33mW (11909) Oximeter: Timeout collecting samples: collected=0 (expected=128)[0m
[0;33mW (12249) Oximeter: Timeout collecting samples: collected=0 (expected=128)[0m
[0;33mW (12589) Oximeter: Timeout collecting samples: collected=0 (expected=128)[0m
[0;33mW (12929) Oximeter: Timeout collecting samples: collected=0 (expected=128)[0m
[0;33mW (13269) Oximeter: Timeout collecting samples: collected=0 (expected=128)[0m
[0;33mW (13609) Oximeter: Timeout collecting samples: collected=0 (expected=128)[0m
[0;33mW (13949) Oximeter: Timeout collecting samples: collected=0 (expected=128)[0m
[0;33mW (14289) Oximeter: Timeout collecting samples: collected=0 (expected=128)[0m
[0;33mW (14649) Oximeter: Timeout collecting samples: collected=32 (expected=128)[0m
[0;33mW (14989) Oximeter: Timeout collecting samples: collected=0 (expected=128)[0m
[0;33mW (15329) Oximeter: Timeout collecting samples: collected=0 (expected=128)[0m
[0;33mW (15669) Oximeter: Timeout collecting samples: collected=0 (expected=128)[0m
[0;33mW (16009) Oximeter: Timeout collecting samples: collected=0 (expected=128)[0m
