 revision: v3.1
[0;32mI (36) boot.esets Jul 29 2019 12:21:46[0m

rst:0x1 (POWERON_RESET),boot:0x13 (SPI_FAST_FLASH_BOOT)
configsip: 0, SPIWP:0xee
clk_drv:0x00,q_drv:0x00,d_drv:0x00,cs0_drv:0x00,hd_drv:0x00,wp_drv:0x00
mode:DIO, clock div:2
load:0x3fff0030,len:6596
load:0x40078000,len:18036
load:0x40080400,len:4
ho 8 tail 4 room 4
load:0x40080404,len:4284
entry 0x400806e8
[0;32mI (31) boot: ESP-IDF v5.4-dirty 2nd stage bootloader[0m
[0;32mI (31) boot: compile time Sep 30 2025 22:23:40[0m
[0;32mI (31) boot: Multicore bootloader[0m
[0;32mI (33) boot: chip revision: v3.1[0m
[0;32mI (36) boot.esp32: SPI Speed      : 40MHz[0m
[0;32mI (39) boot.esp32: SPI Mode       : DIO[0m
[0;32mI (43) boot.esp32: SPI Flash Size : 4MB[0m
[0;32mI (47) boot: Enabling RNG early entropy source...[0m
[0;32mI (51) boot: Partition Table:[0m
[0;32mI (54) boot: ## Label            Usage          Type ST Offset   Length[0m
[0;32mI (60) boot:  0 nvs              WiFi data        01 02 00011000 00006000[0m
[0;32mI (66) boot:  1 phy_init         RF data          01 01 00017000 00001000[0m
[0;32mI (73) boot:  2 factory          factory app      00 00 00020000 00177000[0m
[0;32mI (80) boot: End of partition table[0m
[0;32mI (83) esp_image: segment 0: paddr=00020020 vaddr=3f400020 size=0b4e0h ( 46304) map[0m
[0;32mI (107) esp_image: segment 1: paddr=0002b508 vaddr=3ff80000 size=0001ch (    28) load[0m
[0;32mI (107) esp_image: segment 2: paddr=0002b52c vaddr=3ffb0000 size=02414h (  9236) load[0m
[0;32mI (114) esp_image: segment 3: paddr=0002d948 vaddr=40080000 size=026d0h (  9936) load[0m
[0;32mI (122) esp_image: segment 4: paddr=00030020 vaddr=400d0020 size=179c8h ( 96712) map[0m
[0;32mI (159) esp_image: segment 5: paddr=000479f0 vaddr=400826d0 size=0ba5ch ( 47708) load[0m
[0;32mI (187) boot: Loaded app from partition at offset 0x20000[0m
[0;32mI (187) boot: Disabling RNG early entropy source...[0m
[0;32mI (198) cpu_start: Multicore app[0m
[0;32mI (206) cpu_start: Pro cpu start user code[0m
[0;32mI (206) cpu_start: cpu freq: 240000000 Hz[0m
[0;32mI (206) app_init: Application information:[0m
[0;32mI (209) app_init: Project name:     oximetro-hr[0m
[0;32mI (214) app_init: App version:      1[0m
[0;32mI (219) app_init: Compile time:     Sep 30 2025 22:21:56[0m
[0;32mI (225) app_init: ELF file SHA256:  1803df317...[0m
[0;32mI (230) app_init: ESP-IDF:          v5.4-dirty[0m
[0;32mI (235) efuse_init: Min chip rev:     v0.0[0m
[0;32mI (240) efuse_init: Max chip rev:     v3.99 [0m
[0;32mI (245) efuse_init: Chip rev:         v3.1[0m
[0;32mI (250) heap_init: Initializing. RAM available for dynamic allocation:[0m
[0;32mI (257) heap_init: At 3FFAE6E0 len 00001920 (6 KiB): DRAM[0m
[0;32mI (263) heap_init: At 3FFB3EA8 len 0002C158 (176 KiB): DRAM[0m
[0;32mI (269) heap_init: At 3FFE0440 len 00003AE0 (14 KiB): D/IRAM[0m
[0;32mI (276) heap_init: At 3FFE4350 len 0001BCB0 (111 KiB): D/IRAM[0m
[0;32mI (282) heap_init: At 4008E12C len 00011ED4 (71 KiB): IRAM[0m
[0;32mI (290) spi_flash: detected chip: generic[0m
[0;32mI (293) spi_flash: flash io: dio[0m
[0;33mW (297) i2c: This driver is an old driver, please migrate your application code to adapt `driver/i2c_master.h`[0m
[0;32mI (308) main_task: Started on CPU0[0m
[0;32mI (318) main_task: Calling app_main()[0m
[0;32mI (318) main_task: Returned from app_main()[0m
R0 452255698176.320312

HEART_RATE: 150 bpm
Correlation: 1.000000
Temperature: 0.000000
red_rms 4517945.913533
ir_rms 672499.589722
Z 0.999922
SpO2: 49.696146%

--- DEBUG SIGNAL DATA ---
-816466 -5484119 0.000000
-790125 -5307178 0.000000
-763783 -5130237 0.000000
-737442 -4953296 0.000000
-711100 -4776355 0.000000
-684759 -4599414 0.000000
-658417 -4422473 0.000000
-632076 -4245532 0.000000
-605734 -4068590 0.000000
-579393 -3891649 0.000000
-553051 -3714708 0.463328
-526710 -3537767 0.416357
-500369 -3360826 0.370651
-474027 -3183885 0.326223
-447686 -3006944 0.283082
-421344 -2830003 0.241242
-395003 -2653062 0.200712
-368661 -2476121 0.161507
-342320 -2299180 0.123637
-315978 -2122239 0.087115
-289637 -1945298 0.051953
-263295 -1768357 0.018162
-236954 -1591416 -0.014246
-210613 -1414475 -0.045258
-184271 -1237534 -0.074862
-157930 -1060593 -0.103047
-131588 -883652 -0.129801
-105247 -706710 -0.155111
-78905 -529769 -0.178966
-52564 -352828 -0.201354
-26222 -175887 -0.222262
118 1053 -0.241679
26460 177994 -0.259593
52801 354935 -0.275991
79142 531876 -0.290863
105484 708817 -0.304195
131825 885758 -0.315976
158167 1062699 -0.326194
184508 1239640 -0.334836
210850 1416581 -0.341892
237191 1593522 -0.347348
263533 1770463 -0.351193
289874 1947404 -0.353415
316216 2124345 -0.354003
342557 2301286 -0.352942
368898 2478227 -0.352963
395240 2655168 -0.352444
421581 2832110 -0.351374
447923 3009051 -0.349740
474264 3185992 -0.347532
500606 3362933 -0.344735
526947 3539874 -0.341340
553289 3716815 -0.337333
579630 3893756 -0.332703
605972 4070697 -0.327438
632313 4247638 -0.321525
658654 4424579 -0.314953
684996 4601520 -0.307710
711337 4778461 -0.299784
737679 4955402 -0.291162
764020 5132343 -0.281833
790362 5309284 -0.271785
816703 5486225 -0.261006
843045 5663166 -0.249484
869386 5840107 -0.237207
895728 6017048 -0.224162
922069 6193990 -0.210339
948410 6370931 -0.195724
974752 6547872 -0.180306
1001093 6724813 -0.164074
1027435 6901754 -0.147014
1053776 7078695 -0.129115
1080118 7255636 -0.110365
1106459 7432577 -0.090752
1132801 7609518 -0.070264
1159142 7786459 -0.048889
1185484 7963400 -0.026615
1211825 8140341 -0.003430
1238166 8317282 0.020678
1264508 8494223 0.045721
1290849 8671164 0.071710
1317191 8848105 0.098659
1343532 9025046 0.126578
1369874 9201987 0.155481
-1094188 -7353107 0.185378
-1067846 -7176166 0.180024
-1041505 -6999224 0.174556
-1015163 -6822283 0.168985
-988822 -6645342 0.163324
-962481 -6468401 0.157584
-936139 -6291460 0.151778
-909798 -6114519 0.145918
-883456 -5937578 0.140015
-857115 -5760637 0.134081
-830773 -5583696 0.128129
-804432 -5406755 0.122171
-778090 -5229814 0.116218
-751785 -5052873 0.110283
-725479 -4875932 0.104376
-699174 -4698991 0.098510
-672869 -4522050 0.092698
-646563 -4345109 0.086950
-620258 -4168168 0.081278
-593952 -3991227 0.075696
-567647 -3814286 0.070214
-541341 -3637345 0.064846
-515036 -3460403 0.059601
-488730 -3283462 0.054494
-462425 -3106521 0.049535
-436119 -2929580 0.044736
-409814 -2752639 0.040111
-383509 -2575698 0.035669
-357203 -2398757 0.031424
-330898 -2221816 0.027388
-304592 -2044875 0.023572
-278287 -1867934 0.019989
-251981 -1690993 0.016650
-225676 -1514052 0.013567
-199370 -1337111 0.010753
-173065 -1160170 0.008219
-146759 -983229 0.005977
-120454 -806288 0.004039
-94149 -629347 0.002418
-67843 -452406 0.001125
-41538 -275465 0.000172
-15232 -98523 0.000000
11072 78417 0.000000
37378 255358 0.000000
R0 0.000000

HEART_RATE: 0 bpm
Correlation: 0.000000
Temperature: 0.000000
SpO2: skipped (weak correlation)

--- DEBUG SIGNAL DATA ---
0 0 0.000000
0 0 0.000000
0 0 0.000000
0 0 0.000000
0 0 0.000000
0 0 0.000000
0 0 0.000000
0 0 0.000000
0 0 0.000000
0 0 0.000000
0 0 0.000000
0 0 0.000000
0 0 0.000000
0 0 0.000000
0 0 0.000000
0 0 0.000000
0 0 0.000000
0 0 0.000000
0 0 0.000000
0 0 0.000000
0 0 0.000000
0 0 0.000000
0 0 0.000000
0 0 0.000000
0 0 0.000000
0 0 0.000000
0 0 0.000000
0 0 0.000000
0 0 0.000000
0 0 0.000000
0 0 0.000000
0 0 0.000000
0 0 0.000000
0 0 0.000000
0 0 0.000000
0 0 0.000000
0 0 0.000000
0 0 0.000000
0 0 0.000000
0 0 0.000000
0 0 0.000000
0 0 0.000000
0 0 0.000000
0 0 0.000000
0 0 0.000000
0 0 0.000000
0 0 0.000000
0 0 0.000000
0 0 0.000000
0 0 0.000000
0 0 0.000000
0 0 0.000000
0 0 0.000000
0 0 0.000000
0 0 0.000000
0 0 0.000000
0 0 0.000000
0 0 0.000000
0 0 0.000000
0 0 0.000000
0 0 0.000000
0 0 0.000000
0 0 0.000000
0 0 0.000000
0 0 0.000000
0 0 0.000000
0 0 0.000000
0 0 0.000000
0 0 0.000000
0 0 0.000000
0 0 0.000000
0 0 0.000000
0 0 0.000000
0 0 0.000000
0 0 0.000000
0 0 0.000000
0 0 0.000000
0 0 0.000000
0 0 0.000000
0 0 0.000000
0 0 0.000000
0 0 0.000000
0 0 0.000000
0 0 0.000000
0 0 0.000000
0 0 0.000000
0 0 0.000000
0 0 0.000000
0 0 0.000000
0 0 0.000000
0 0 0.000000
0 0 0.000000
0 0 0.000000
0 0 0.000000
0 0 0.000000
0 0 0.000000
0 0 0.000000
0 0 0.000000
0 0 0.000000
0 0 0.000000
0 0 0.000000
0 0 0.000000
0 0 0.000000
0 0 0.000000
0 0 0.000000
0 0 0.000000
0 0 0.000000
0 0 0.000000
0 0 0.000000
0 0 0.000000
0 0 0.000000
0 0 0.000000
0 0 0.000000
0 0 0.000000
0 0 0.000000
0 0 0.000000
0 0 0.000000
0 0 0.000000
0 0 0.000000
0 0 0.000000
0 0 0.000000
0 0 0.000000
0 0 0.000000
0 0 0.000000
0 0 0.000000
0 0 0.000000
0 0 0.000000
0 0 0.000000
R0 0.000000

HEART_RATE: 0 bpm
Correlation: 0.000000
Temperature: 0.000000
SpO2: skipped (weak correlation)

--- DEBUG SIGNAL DATA ---
0 0 0.000000
0 0 0.000000
0 0 0.000000
0 0 0.000000
0 0 0.000000
0 0 0.000000
0 0 0.000000
0 0 0.000000
0 0 0.000000
0 0 0.000000
0 0 0.000000
0 0 0.000000
0 0 0.000000
0 0 0.000000
0 0 0.000000
0 0 0.000000
0 0 0.000000
0 0 0.000000
0 0 0.000000
0 0 0.000000
0 0 0.000000
0 0 0.000000
0 0 0.000000
0 0 0.000000
0 0 0.000000
0 0 0.000000
0 0 0.000000
0 0 0.000000
0 0 0.000000
0 0 0.000000
0 0 0.000000
0 0 0.000000
0 0 0.000000
0 0 0.000000
0 0 0.000000
0 0 0.000000
0 0 0.000000
0 0 0.000000
0 0 0.000000
0 0 0.000000
0 0 0.000000
0 0 0.000000
0 0 0.000000
0 0 0.000000
0 0 0.000000
0 0 0.000000
0 0 0.000000
0 0 0.000000
0 0 0.000000
0 0 0.000000
0 0 0.000000
0 0 0.000000
0 0 0.000000
0 0 0.000000
0 0 0.000000
0 0 0.000000
0 0 0.000000
0 0 0.000000
0 0 0.000000
0 0 0.000000
0 0 0.000000
0 0 0.000000
0 0 0.000000
0 0 0.000000
0 0 0.000000
0 0 0.000000
0 0 0.000000
0 0 0.000000
0 0 0.000000
0 0 0.000000
0 0 0.000000
0 0 0.000000
0 0 0.000000
0 0 0.000000
0 0 0.000000
0 0 0.000000
0 0 0.000000
0 0 0.000000
0 0 0.000000
0 0 0.000000
0 0 0.000000
0 0 0.000000
0 0 0.000000
0 0 0.000000
0 0 0.000000
0 0 0.000000
0 0 0.000000
0 0 0.000000
0 0 0.000000
0 0 0.000000
0 0 0.000000
0 0 0.000000
0 0 0.000000
0 0 0.000000
0 0 0.000000
0 0 0.000000
0 0 0.000000
0 0 0.000000
0 0 0.000000
0 0 0.000000
0 0 0.000000
0 0 0.000000
0 0 0.000000
0 0 0.000000
0 0 0.000000
0 0 0.000000
0 0 0.000000
0 0 0.000000
0 0 0.000000
0 0 0.000000
0 0 0.000000
0 0 0.000000
0 0 0.000000
0 0 0.000000
0 0 0.000000
0 0 0.000000
0 0 0.000000
0 0 0.000000
0 0 0.000000
0 0 0.000000
0 0 0.000000
0 0 0.000000
0 0 0.000000
0 0 0.000000
0 0 0.000000
0 0 0.000000
0 0 0.000000
0 0 0.000000
R0 0.000000

HEART_RATE: 0 bpm
Correlation: 0.000000
Temperature: 0.000000
SpO2: skipped (weak correlation)

--- DEBUG SIGNAL DATA ---
0 0 0.000000
0 0 0.000000
0 0 0.000000
0 0 0.000000
0 0 0.000000
0 0 0.000000
0 0 0.000000
0 0 0.000000
0 0 0.000000
0 0 0.000000
0 0 0.000000
0 0 0.000000
0 0 0.000000
0 0 0.000000
0 0 0.000000
0 0 0.000000
0 0 0.000000
0 0 0.000000
0 0 0.000000
0 0 0.000000
0 0 0.000000
0 0 0.000000
0 0 0.000000
0 0 0.000000
0 0 0.000000
0 0 0.000000
0 0 0.000000
0 0 0.000000
0 0 0.000000
0 0 0.000000
0 0 0.000000
0 0 0.000000
0 0 0.000000
0 0 0.000000
0 0 0.000000
0 0 0.000000
0 0 0.000000
0 0 0.000000
0 0 0.000000
0 0 0.000000
0 0 0.000000
0 0 0.000000
0 0 0.000000
0 0 0.000000
0 0 0.000000
0 0 0.000000
0 0 0.000000
0 0 0.000000
0 0 0.000000
0 0 0.000000
0 0 0.000000
0 0 0.000000
0 0 0.000000
0 0 0.000000
0 0 0.000000
0 0 0.000000
0 0 0.000000
0 0 0.000000
0 0 0.000000
0 0 0.000000
0 0 0.000000
0 0 0.000000
0 0 0.000000
0 0 0.000000
0 0 0.000000
0 0 0.000000
0 0 0.000000
0 0 0.000000
0 0 0.000000
0 0 0.000000
0 0 0.000000
0 0 0.000000
0 0 0.000000
0 0 0.000000
0 0 0.000000
0 0 0.000000
0 0 0.000000
0 0 0.000000
0 0 0.000000
0 0 0.000000
0 0 0.000000
0 0 0.000000
0 0 0.000000
0 0 0.000000
0 0 0.000000
0 0 0.000000
0 0 0.000000
0 0 0.000000
0 0 0.000000
0 0 0.000000
0 0 0.000000
0 0 0.000000
0 0 0.000000
0 0 0.000000
0 0 0.000000
0 0 0.000000
0 0 0.000000
0 0 0.000000
0 0 0.000000
0 0 0.000000
0 0 0.000000
0 0 0.000000
0 0 0.000000
0 0 0.000000
0 0 0.000000
0 0 0.000000
0 0 0.000000
0 0 0.000000
0 0 0.000000
0 0 0.000000
0 0 0.000000
0 0 0.000000
0 0 0.000000
0 0 0.000000
0 0 0.000000
0 0 0.000000
0 0 0.000000
0 0 0.000000
0 0 0.000000
0 0 0.000000
0 0 0.000000
0 0 0.000000
0 0 0.000000
0 0 0.000000
0 0 0.000000
0 0 0.000000
0 0 0.000000
0 0 0.000000
R0 0.000000

HEART_RATE: 0 bpm
Correlation: 0.000000
Temperature: 0.000000
SpO2: skipped (weak correlation)

--- DEBUG SIGNAL DATA ---
0 0 0.000000
0 0 0.000000
0 0 0.000000
0 0 0.000000
0 0 0.000000
0 0 0.000000
0 0 0.000000
0 0 0.000000
0 0 0.000000
0 0 0.000000
0 0 0.000000
0 0 0.000000
0 0 0.000000
0 0 0.000000
0 0 0.000000
0 0 0.000000
0 0 0.000000
0 0 0.000000
0 0 0.000000
0 0 0.000000
0 0 0.000000
0 0 0.000000
0 0 0.000000
0 0 0.000000
0 0 0.000000
0 0 0.000000
0 0 0.000000
0 0 0.000000
0 0 0.000000
0 0 0.000000
0 0 0.000000
0 0 0.000000
0 0 0.000000
0 0 0.000000
0 0 0.000000
0 0 0.000000
0 0 0.000000
0 0 0.000000
0 0 0.000000
0 0 0.000000
0 0 0.000000
0 0 0.000000
0 0 0.000000
0 0 0.000000
0 0 0.000000
0 0 0.000000
0 0 0.000000
0 0 0.000000
0 0 0.000000
0 0 0.000000
0 0 0.000000
0 0 0.000000
0 0 0.000000
0 0 0.000000
0 0 0.000000
0 0 0.000000
0 0 0.000000
0 0 0.000000
0 0 0.000000
0 0 0.000000
0 0 0.000000
0 0 0.000000
0 0 0.000000
0 0 0.000000
0 0 0.000000
0 0 0.000000
0 0 0.000000
0 0 0.000000
0 0 0.000000
0 0 0.000000
0 0 0.000000
0 0 0.000000
0 0 0.000000
0 0 0.000000
0 0 0.000000
0 0 0.000000
0 0 0.000000
0 0 0.000000
0 0 0.000000
0 0 0.000000
0 0 0.000000
0 0 0.000000
0 0 0.000000
0 0 0.000000
0 0 0.000000
0 0 0.000000
0 0 0.000000
0 0 0.000000
0 0 0.000000
0 0 0.000000
0 0 0.000000
0 0 0.000000
0 0 0.000000
0 0 0.000000
0 0 0.000000
0 0 0.000000
0 0 0.000000
0 0 0.000000
0 0 0.000000
0 0 0.000000
0 0 0.000000
0 0 0.000000
0 0 0.000000
0 0 0.000000
0 0 0.000000
0 0 0.000000
0 0 0.000000
0 0 0.000000
0 0 0.000000
0 0 0.000000
0 0 0.000000
0 0 0.000000
0 0 0.000000
0 0 0.000000
0 0 0.000000
0 0 0.000000
0 0 0.000000
0 0 0.000000
0 0 0.000000
0 0 0.000000
0 0 0.000000
0 0 0.000000
0 0 0.000000
0 0 0.000000
0 0 0.000000
0 0 0.000000
0 0 0.000000
0 0 0.000000
R0 0.000000

HEART_RATE: 0 bpm
Correlation: 0.000000
Temperature: 0.000000
SpO2: skipped (weak correlation)

--- DEBUG SIGNAL DATA ---
0 0 0.000000
0 0 0.000000
0 0 0.000000
0 0 0.000000
0 0 0.000000
0 0 0.000000
0 0 0.000000
0 0 0.000000
0 0 0.000000
0 0 0.000000
0 0 0.000000
0 0 0.000000
0 0 0.000000
0 0 0.000000
0 0 0.000000
0 0 0.000000
0 0 0.000000
0 0 0.000000
0 0 0.000000
0 0 0.000000
0 0 0.000000
0 0 0.000000
0 0 0.000000
0 0 0.000000
0 0 0.000000
0 0 0.000000
0 0 0.000000
0 0 0.000000
0 0 0.000000
0 0 0.000000
0 0 0.000000
0 0 0.000000
0 0 0.000000
0 0 0.000000
0 0 0.000000
0 0 0.000000
0 0 0.000000
0 0 0.000000
0 0 0.000000
0 0 0.000000
0 0 0.000000
0 0 0.000000
0 0 0.000000
0 0 0.000000
0 0 0.000000
0 0 0.000000
0 0 0.000000
0 0 0.000000
0 0 0.000000
0 0 0.000000
0 0 0.000000
0 0 0.000000
0 0 0.000000
0 0 0.000000
0 0 0.000000
0 0 0.000000
0 0 0.000000
0 0 0.000000
0 0 0.000000
0 0 0.000000
0 0 0.000000
0 0 0.000000
0 0 0.000000
0 0 0.000000
0 0 0.000000
0 0 0.000000
0 0 0.000000
0 0 0.000000
0 0 0.000000
0 0 0.000000
0 0 0.000000
0 0 0.000000
0 0 0.000000
0 0 0.000000
0 0 0.000000
0 0 0.000000
0 0 0.000000
0 0 0.000000
0 0 0.000000
0 0 0.000000
0 0 0.000000
0 0 0.000000
0 0 0.000000
0 0 0.000000
0 0 0.000000
0 0 0.000000
0 0 0.000000
0 0 0.000000
0 0 0.000000
0 0 0.000000
0 0 0.000000
0 0 0.000000
0 0 0.000000
0 0 0.000000
0 0 0.000000
0 0 0.000000
0 0 0.000000
0 0 0.000000
0 0 0.000000
0 0 0.000000
0 0 0.000000
0 0 0.000000
0 0 0.000000
0 0 0.000000
0 0 0.000000
0 0 0.000000
0 0 0.000000
0 0 0.000000
0 0 0.000000
0 0 0.000000
0 0 0.000000
0 0 0.000000
0 0 0.000000
0 0 0.000000
0 0 0.000000
0 0 0.000000
0 0 0.000000
0 0 0.000000
0 0 0.000000
0 0 0.000000
0 0 0.000000
0 0 0.000000
0 0 0.000000
0 0 0.000000
0 0 0.000000
0 0 0.000000
0 0 0.000000
0 0 0.000000
R0 0.000000

HEART_RATE: 0 bpm
Correlation: 0.000000
Temperature: 0.000000
SpO2: skipped (weak correlation)

--- DEBUG SIGNAL DATA ---
0 0 0.000000
0 0 0.000000
0 0 0.000000
0 0 0.000000
0 0 0.000000
0 0 0.000000
0 0 0.000000
0 0 0.000000
0 0 0.000000
0 0 0.000000
0 0 0.000000
0 0 0.000000
0 0 0.000000
0 0 0.000000
0 0 0.000000
0 0 0.000000
0 0 0.000000
0 0 0.000000
0 0 0.000000
0 0 0.000000
0 0 0.000000
0 0 0.000000
0 0 0.000000
0 0 0.000000
0 0 0.000000
0 0 0.000000
0 0 0.000000
0 0 0.000000
0 0 0.000000
0 0 0.000000
0 0 0.000000
0 0 0.000000
0 0 0.000000
0 0 0.000000
0 0 0.000000
0 0 0.000000
0 0 0.000000
0 0 0.000000
0 0 0.000000
0 0 0.000000
0 0 0.000000
0 0 0.000000
0 0 0.000000
0 0 0.000000
0 0 0.000000
0 0 0.000000
0 0 0.000000
0 0 0.000000
0 0 0.000000
0 0 0.000000
0 0 0.000000
0 0 0.000000
0 0 0.000000
0 0 0.000000
0 0 0.000000
0 0 0.000000
0 0 0.000000
0 0 0.000000
0 0 0.000000
0 0 0.000000
0 0 0.000000
0 0 0.000000
0 0 0.000000
0 0 0.000000
0 0 0.000000
0 0 0.000000
0 0 0.000000
0 0 0.000000
0 0 0.000000
0 0 0.000000
0 0 0.000000
0 0 0.000000
0 0 0.000000
0 0 0.000000
0 0 0.000000
0 0 0.000000
0 0 0.000000
0 0 0.000000
0 0 0.000000
0 0 0.000000
0 0 0.000000
0 0 0.000000
0 0 0.000000
0 0 0.000000
0 0 0.000000
0 0 0.000000
0 0 0.000000
0 0 0.000000
0 0 0.000000
0 0 0.000000
0 0 0.000000
0 0 0.000000
0 0 0.000000
0 0 0.000000
0 0 0.000000
0 0 0.000000
0 0 0.000000
0 0 0.000000
0 0 0.000000
0 0 0.000000
0 0 0.000000
0 0 0.000000
0 0 0.000000
0 0 0.000000
0 0 0.000000
0 0 0.000000
0 0 0.000000
0 0 0.000000
0 0 0.000000
0 0 0.000000
0 0 0.000000
0 0 0.000000
0 0 0.000000
0 0 0.000000
0 0 0.000000
0 0 0.000000
0 0 0.000000
0 0 0.000000
0 0 0.000000
0 0 0.000000
0 0 0.000000
0 0 0.000000
0 0 0.000000
0 0 0.000000
0 0 0.000000
0 0 0.000000
0 0 0.000000
0 0 0.000000
R0 0.000000

HEART_RATE: 0 bpm
Correlation: 0.000000
Temperature: 0.000000
SpO2: skipped (weak correlation)

--- DEBUG SIGNAL DATA ---
0 0 0.000000
0 0 0.000000
0 0 0.000000
0 0 0.000000
0 0 0.000000
0 0 0.000000
0 0 0.000000
0 0 0.000000
0 0 0.000000
0 0 0.000000
0 0 0.000000
0 0 0.000000
0 0 0.000000
0 0 0.000000
0 0 0.000000
0 0 0.000000
0 0 0.000000
0 0 0.000000
0 0 0.000000
0 0 0.000000
0 0 0.000000
0 0 0.000000
0 0 0.000000
0 0 0.000000
0 0 0.000000
0 0 0.000000
0 0 0.000000
0 0 0.000000
0 0 0.000000
0 0 0.000000
0 0 0.000000
0 0 0.000000
0 0 0.000000
0 0 0.000000
0 0 0.000000
0 0 0.000000
0 0 0.000000
0 0 0.000000
0 0 0.000000
0 0 0.000000
0 0 0.000000
0 0 0.000000
0 0 0.000000
0 0 0.000000
0 0 0.000000
0 0 0.000000
0 0 0.000000
0 0 0.000000
0 0 0.000000
0 0 0.000000
0 0 0.000000
0 0 0.000000
0 0 0.000000
0 0 0.000000
0 0 0.000000
0 0 0.000000
0 0 0.000000
0 0 0.000000
0 0 0.000000
0 0 0.000000
0 0 0.000000
0 0 0.000000
0 0 0.000000
0 0 0.000000
0 0 0.000000
0 0 0.000000
0 0 0.000000
0 0 0.000000
0 0 0.000000
0 0 0.000000
0 0 0.000000
0 0 0.000000
0 0 0.000000
0 0 0.000000
0 0 0.000000
0 0 0.000000
0 0 0.000000
0 0 0.000000
0 0 0.000000
0 0 0.000000
0 0 0.000000
0 0 0.000000
0 0 0.000000
0 0 0.000000
0 0 0.000000
0 0 0.000000
0 0 0.000000
0 0 0.000000
0 0 0.000000
0 0 0.000000
0 0 0.000000
0 0 0.000000
0 0 0.000000
0 0 0.000000
0 0 0.000000
0 0 0.000000
0 0 0.000000
0 0 0.000000
0 0 0.000000
0 0 0.000000
0 0 0.000000
0 0 0.000000
0 0 0.000000
0 0 0.000000
0 0 0.000000
0 0 0.000000
0 0 0.000000
0 0 0.000000
0 0 0.000000
0 0 0.000000
0 0 0.000000
0 0 0.000000
0 0 0.000000
0 0 0.000000
0 0 0.000000
0 0 0.000000
0 0 0.000000
0 0 0.000000
0 0 0.000000
0 0 0.000000
0 0 0.000000
0 0 0.000000
0 0 0.000000
0 0 0.000000
0 0 0.000000
0 0 0.000000
0 0 0.000000
0 0 0.000000
R0 0.000000

HEART_RATE: 0 bpm
Correlation: 0.000000
Temperature: 0.000000
SpO2: skipped (weak correlation)

--- DEBUG SIGNAL DATA ---
0 0 0.000000
0 0 0.000000
0 0 0.000000
0 0 0.000000
0 0 0.000000
0 0 0.000000
0 0 0.000000
0 0 0.000000
0 0 0.000000
0 0 0.000000
0 0 0.000000
0 0 0.000000
0 0 0.000000
0 0 0.000000
0 0 0.000000
0 0 0.000000
0 0 0.000000
0 0 0.000000
0 0 0.000000
0 0 0.000000
0 0 0.000000
0 0 0.000000
0 0 0.000000
0 0 0.000000
0 0 0.000000
0 0 0.000000
0 0 0.000000
0 0 0.000000
0 0 0.000000
0 0 0.000000
0 0 0.000000
0 0 0.000000
0 0 0.000000
0 0 0.000000
0 0 0.000000
0 0 0.000000
0 0 0.000000
0 0 0.000000
0 0 0.000000
0 0 0.000000
0 0 0.000000
0 0 0.000000
0 0 0.000000
0 0 0.000000
0 0 0.000000
0 0 0.000000
0 0 0.000000
0 0 0.000000
0 0 0.000000
0 0 0.000000
0 0 0.000000
0 0 0.000000
0 0 0.000000
0 0 0.000000
0 0 0.000000
0 0 0.000000
0 0 0.000000
0 0 0.000000
0 0 0.000000
0 0 0.000000
0 0 0.000000
0 0 0.000000
0 0 0.000000
0 0 0.000000
0 0 0.000000
0 0 0.000000
0 0 0.000000
0 0 0.000000
0 0 0.000000
0 0 0.000000
0 0 0.000000
0 0 0.000000
0 0 0.000000
0 0 0.000000
0 0 0.000000
0 0 0.000000
0 0 0.000000
0 0 0.000000
0 0 0.000000
0 0 0.000000
0 0 0.000000
0 0 0.000000
0 0 0.000000
0 0 0.000000
0 0 0.000000
0 0 0.000000
0 0 0.000000
0 0 0.000000
0 0 0.000000
0 0 0.000000
0 0 0.000000
0 0 0.000000
0 0 0.000000
0 0 0.000000
0 0 0.000000
0 0 0.000000
0 0 0.000000
0 0 0.000000
0 0 0.000000
0 0 0.000000
0 0 0.000000
0 0 0.000000
0 0 0.000000
0 0 0.000000
0 0 0.000000
0 0 0.000000
0 0 0.000000
0 0 0.000000
0 0 0.000000
0 0 0.000000
0 0 0.000000
0 0 0.000000
0 0 0.000000
0 0 0.000000
0 0 0.000000
0 0 0.000000
0 0 0.000000
0 0 0.000000
0 0 0.000000
0 0 0.000000
0 0 0.000000
0 0 0.000000
0 0 0.000000
0 0 0.000000
0 0 0.000000
0 0 0.000000
0 0 0.000000
0 0 0.000000
R0 3295681740241.617188

HEART_RATE: 150 bpm
Correlation: -1.000000
Temperature: 0.000000
SpO2: skipped (weak correlation)

--- DEBUG SIGNAL DATA ---
1600798 -4213440 0.000000
1558382 -4101798 0.000000
1515966 -3990156 0.000000
1473550 -3878514 0.000000
1431134 -3766871 0.000000
1388718 -3655229 0.000000
1346302 -3543587 0.000000
1303887 -3431945 0.000000
1261471 -3320302 0.000000
1219055 -3208660 0.000000
1176639 -3097018 0.445452
1134223 -2985376 0.393677
1091807 -2873734 0.342588
1049392 -2762091 0.292189
1006976 -2650449 0.242485
964560 -2538807 0.193480
922144 -2427165 0.145178
879728 -2315522 0.097583
837312 -2203880 0.050700
794896 -2092238 0.004533
752481 -1980596 -0.040914
710065 -1868954 -0.085636
667649 -1757311 -0.129629
625233 -1645669 -0.134786
582817 -1534027 -0.139844
540401 -1422385 -0.144800
497986 -1310742 -0.149650
455570 -1199100 -0.154389
413154 -1087458 -0.159012
370738 -975816 -0.163516
328322 -864174 -0.167896
285906 -752531 -0.172149
243490 -640889 -0.176269
201075 -529247 -0.180253
158659 -417605 -0.184096
116243 -305962 -0.187794
73827 -194320 -0.191342
31411 -82678 -0.194738
-11004 28963 -0.197975
-53419 140606 -0.201050
-95835 252248 -0.203959
-138251 363890 -0.206698
-180667 475532 -0.209261
-223083 587174 -0.211646
-265499 698817 -0.213847
-307915 810459 -0.215860
-350330 922101 -0.217681
-392746 1033743 -0.219307
-435162 1145386 -0.220732
-477578 1257028 -0.221952
-519994 1368670 -0.222963
-562410 1480312 -0.223761
-604825 1591954 -0.224341
-647241 1703597 -0.224700
-689657 1815239 -0.224832
-732073 1926881 -0.224735
-774489 2038523 -0.224402
-816905 2150166 -0.223831
-859321 2261808 -0.223017
-901736 2373450 -0.221956
-944152 2485092 -0.220642
-986568 2596734 -0.219073
-1028984 2708377 -0.217244
-1071400 2820019 -0.215150
-1113816 2931661 -0.212788
-1156231 3043303 -0.210153
-1198647 3154946 -0.207240
-1241063 3266588 -0.204046
-1283479 3378230 -0.200567
-1325895 3489872 -0.196797
-1368311 3601514 -0.192733
-1410727 3713157 -0.188370
-1453142 3824799 -0.183705
-1495558 3936441 -0.178733
-1537974 4048083 -0.173449
-1580390 4159726 -0.167850
-1622806 4271368 -0.161931
-1665222 4383010 -0.155687
-1707637 4494652 -0.149116
-1750053 4606294 -0.142211
-1792469 4717937 -0.134970
-1834885 4829579 -0.127387
-1877301 4941221 -0.119460
-1919717 5052863 -0.111182
-1962133 5164506 -0.102550
-2004548 5276148 -0.093560
-2046964 5387790 -0.084208
-2089380 5499432 -0.074489
-2131796 5611075 -0.064399
-2174212 5722717 -0.053933
-2216628 5834359 -0.043088
-2259043 5946001 -0.031859
-2301459 6057643 -0.020242
-2343875 6169286 -0.008233
-2386291 6280928 0.004173
-2428707 6392570 0.016980
-2471123 6504212 0.030192
-2513538 6615855 0.043813
-2555954 6727497 0.057848
-2598370 6839139 0.072301
-2640786 6950781 0.087177
-2683202 7062423 0.102479
-2725618 7174066 0.118211
-2768034 7285708 0.134379
-2810449 7397350 0.150986
-2852865 7508992 0.168036
3461711 -9111527 0.185534
3419295 -8999885 0.178722
3376879 -8888243 0.171727
3334463 -8776601 0.164554
3292048 -8664959 0.157206
3249632 -8553316 0.149688
3207216 -8441674 0.142005
3164800 -8330032 0.134159
3122384 -8218390 0.126157
3079968 -8106747 0.118002
3037552 -7995105 0.109698
2995137 -7883463 0.101249
2952721 -7771821 0.092660
2910305 -7660179 0.083936
2867889 -7548536 0.075079
2825473 -7436894 0.066095
2783057 -7325252 0.056989
2740642 -7213610 0.047763
2698226 -7101967 0.038422
2655810 -6990325 0.000000
2613394 -6878683 0.000000
2570978 -6767041 0.000000
R0 0.000000

HEART_RATE: 0 bpm
Correlation: 0.000000
Temperature: 0.000000
SpO2: skipped (weak correlation)

--- DEBUG SIGNAL DATA ---
0 0 0.000000
0 0 0.000000
0 0 0.000000
0 0 0.000000
0 0 0.000000
0 0 0.000000
0 0 0.000000
0 0 0.000000
0 0 0.000000
0 0 0.000000
0 0 0.000000
0 0 0.000000
0 0 0.000000
0 0 0.000000
0 0 0.000000
0 0 0.000000
0 0 0.000000
0 0 0.000000
0 0 0.000000
0 0 0.000000
0 0 0.000000
0 0 0.000000
0 0 0.000000
0 0 0.000000
0 0 0.000000
0 0 0.000000
0 0 0.000000
0 0 0.000000
0 0 0.000000
0 0 0.000000
0 0 0.000000
0 0 0.000000
0 0 0.000000
0 0 0.000000
0 0 0.000000
0 0 0.000000
0 0 0.000000
0 0 0.000000
0 0 0.000000
0 0 0.000000
0 0 0.000000
0 0 0.000000
0 0 0.000000
0 0 0.000000
0 0 0.000000
0 0 0.000000
0 0 0.000000
0 0 0.000000
0 0 0.000000
0 0 0.000000
0 0 0.000000
0 0 0.000000
0 0 0.000000
0 0 0.000000
0 0 0.000000
0 0 0.000000
0 0 0.000000
0 0 0.000000
0 0 0.000000
0 0 0.000000
0 0 0.000000
0 0 0.000000
0 0 0.000000
0 0 0.000000
0 0 0.000000
0 0 0.000000
0 0 0.000000
0 0 0.000000
0 0 0.000000
0 0 0.000000
0 0 0.000000
0 0 0.000000
0 0 0.000000
0 0 0.000000
0 0 0.000000
0 0 0.000000
0 0 0.000000
0 0 0.000000
0 0 0.000000
0 0 0.000000
0 0 0.000000
0 0 0.000000
0 0 0.000000
0 0 0.000000
0 0 0.000000
0 0 0.000000
0 0 0.000000
0 0 0.000000
0 0 0.000000
0 0 0.000000
0 0 0.000000
0 0 0.000000
0 0 0.000000
0 0 0.000000
0 0 0.000000
0 0 0.000000
0 0 0.000000
0 0 0.000000
0 0 0.000000
0 0 0.000000
0 0 0.000000
0 0 0.000000
0 0 0.000000
0 0 0.000000
0 0 0.000000
0 0 0.000000
0 0 0.000000
0 0 0.000000
0 0 0.000000
0 0 0.000000
0 0 0.000000
0 0 0.000000
0 0 0.000000
0 0 0.000000
0 0 0.000000
0 0 0.000000
0 0 0.000000
0 0 0.000000
0 0 0.000000
0 0 0.000000
0 0 0.000000
0 0 0.000000
0 0 0.000000
0 0 0.000000
0 0 0.000000
0 0 0.000000
0 0 0.000000
0 0 0.000000
R0 3650437354923.648438

HEART_RATE: 0 bpm
Correlation: -0.999158
Temperature: 0.000000
SpO2: skipped (weak correlation)

--- DEBUG SIGNAL DATA ---
-969406 2304320 0.000000
-1058610 2545940 0.000000
-1147814 2787560 0.000000
-1237018 3029181 0.000000
-1326222 3270801 0.000000
-1415426 3512421 0.000000
-1504630 3754041 0.000000
-1593834 3995661 0.000000
-1683038 4237282 0.000000
-1772242 4478902 0.000000
-1861446 4720522 0.290406
-1950650 4962142 0.233099
-2039854 5203762 0.178342
-2129058 5445383 0.126152
-2218262 5687003 0.076546
-2307466 5928623 0.029542
-2396670 6170243 -0.014845
-2485874 6411863 -0.056596
-2575078 6653484 -0.095694
-2664282 6895104 -0.132124
-2753486 7136724 -0.165867
3514302 -9353818 -0.196906
3425098 -9112198 -0.213250
3335894 -8870577 -0.228070
3246690 -8628957 -0.241347
3157486 -8387337 -0.253065
3068282 -8145717 -0.263208
2979078 -7904097 -0.271757
2889874 -7662476 -0.278696
2800671 -7420856 -0.283963
2711467 -7179236 -0.288736
2622263 -6937616 -0.292997
2533059 -6695996 -0.296731
2443855 -6454375 -0.299919
2354651 -6212755 -0.302544
2265447 -5971135 -0.304591
2176243 -5729515 -0.306041
2087039 -5487895 -0.306878
1997835 -5246274 -0.307084
1908631 -5004654 -0.306643
1819427 -4763034 -0.305538
1730223 -4521414 -0.303751
1641019 -4279794 -0.301266
1551815 -4038173 -0.298065
1462611 -3796553 -0.294132
1373407 -3554933 -0.289450
1284203 -3313313 -0.284001
1194999 -3071693 -0.277769
1105795 -2830072 -0.270736
1016591 -2588452 -0.262886
927387 -2346832 -0.254202
838183 -2105212 -0.244665
748979 -1863592 -0.234261
659775 -1621971 -0.222970
570571 -1380351 -0.210778
481367 -1138731 -0.197665
392163 -897111 -0.183616
302959 -655491 -0.168613
213756 -413870 -0.152640
124552 -172250 -0.135680
35348 69369 -0.117716
-53855 310989 -0.098733
-143059 552609 -0.078711
-232263 794230 -0.057635
-321467 1035850 -0.035488
-410671 1277470 -0.012251
-499875 1519090 0.012090
-589079 1760710 0.037555
-678283 2002331 0.064159
-767487 2243951 0.091920
-856691 2485571 0.120854
-945895 2727191 0.150980
-1035099 2968811 0.182313
-1124303 3210432 0.214871
-1213507 3452052 0.248671
-1302711 3693672 0.283730
-1391915 3935292 0.320065
-1481119 4176912 0.357693
-1570323 4418533 0.396631
-1659431 4660153 0.436895
-1748539 4901773 0.396477
-1837647 5143393 0.357420
-1926755 5385013 0.319742
-2015863 5626634 0.283459
-2104971 5868254 0.248588
-2194079 6109874 0.215146
-2283187 6351494 0.183151
-2372295 6593114 0.152619
-2461402 6834735 0.123567
-2550510 7076355 0.096012
-2639618 7317975 0.069972
-2728726 7559595 0.045464
-2817834 7801215 0.022503
-2906942 8042836 0.001109
-2996050 8284456 -0.018704
-3085158 8526076 -0.036917
-3174266 8767696 -0.053514
-3263374 9009316 -0.068477
-3352482 9250937 -0.081790
-3441590 9492557 -0.093435
2498518 -6997985 -0.103396
2409410 -6756365 -0.100297
2320302 -6514745 -0.096632
2231194 -6273124 -0.092381
2142086 -6031504 -0.087530
2052978 -5789884 -0.082059
1963870 -5548264 -0.075954
1874762 -5306644 -0.069195
1785654 -5065023 -0.061720
1696546 -4823403 -0.054771
1607438 -4581783 -0.048330
1518330 -4340163 -0.042381
1429222 -4098543 -0.036906
1340114 -3856922 -0.031890
1251006 -3615302 -0.027314
1161898 -3373682 -0.023162
1072790 -3132062 -0.019416
983683 -2890442 -0.016060
894575 -2648821 -0.013077
805467 -2407201 -0.010450
716359 -2165581 -0.008161
627251 -1923961 -0.006194
538143 -1682341 -0.004531
449035 -1440720 -0.003156
359927 -1199100 -0.002052
270819 -957480 0.000000
181711 -715860 0.000000
92603 -474240 0.000000
R0 0.000000

HEART_RATE: 0 bpm
Correlation: 0.000000
Temperature: 0.000000
SpO2: skipped (weak correlation)

--- DEBUG SIGNAL DATA ---
0 0 0.000000
0 0 0.000000
0 0 0.000000
0 0 0.000000
0 0 0.000000
0 0 0.000000
0 0 0.000000
0 0 0.000000
0 0 0.000000
0 0 0.000000
0 0 0.000000
0 0 0.000000
0 0 0.000000
0 0 0.000000
0 0 0.000000
0 0 0.000000
0 0 0.000000
0 0 0.000000
0 0 0.000000
0 0 0.000000
0 0 0.000000
0 0 0.000000
0 0 0.000000
0 0 0.000000
0 0 0.000000
0 0 0.000000
0 0 0.000000
0 0 0.000000
0 0 0.000000
0 0 0.000000
0 0 0.000000
0 0 0.000000
0 0 0.000000
0 0 0.000000
0 0 0.000000
0 0 0.000000
0 0 0.000000
0 0 0.000000
0 0 0.000000
0 0 0.000000
0 0 0.000000
0 0 0.000000
0 0 0.000000
0 0 0.000000
0 0 0.000000
0 0 0.000000
0 0 0.000000
0 0 0.000000
0 0 0.000000
0 0 0.000000
0 0 0.000000
0 0 0.000000
0 0 0.000000
0 0 0.000000
0 0 0.000000
0 0 0.000000
0 0 0.000000
0 0 0.000000
0 0 0.000000
0 0 0.000000
0 0 0.000000
0 0 0.000000
0 0 0.000000
0 0 0.000000
0 0 0.000000
0 0 0.000000
0 0 0.000000
0 0 0.000000
0 0 0.000000
0 0 0.000000
0 0 0.000000
0 0 0.000000
0 0 0.000000
0 0 0.000000
0 0 0.000000
0 0 0.000000
0 0 0.000000
0 0 0.000000
0 0 0.000000
0 0 0.000000
0 0 0.000000
0 0 0.000000
0 0 0.000000
0 0 0.000000
0 0 0.000000
0 0 0.000000
0 0 0.000000
0 0 0.000000
0 0 0.000000
0 0 0.000000
0 0 0.000000
0 0 0.000000
0 0 0.000000
0 0 0.000000
0 0 0.000000
0 0 0.000000
0 0 0.000000
0 0 0.000000
0 0 0.000000
0 0 0.000000
0 0 0.000000
0 0 0.000000
0 0 0.000000
0 0 0.000000
0 0 0.000000
0 0 0.000000
0 0 0.000000
0 0 0.000000
0 0 0.000000
0 0 0.000000
0 0 0.000000
0 0 0.000000
0 0 0.000000
0 0 0.000000
0 0 0.000000
0 0 0.000000
0 0 0.000000
0 0 0.000000
0 0 0.000000
0 0 0.000000
0 0 0.000000
0 0 0.000000
0 0 0.000000
0 0 0.000000
0 0 0.000000
0 0 0.000000
0 0 0.000000
0 0 0.000000
R0 0.000000

HEART_RATE: 0 bpm
Correlation: 0.000000
Temperature: 0.000000
SpO2: skipped (weak correlation)

--- DEBUG SIGNAL DATA ---
0 0 0.000000
0 0 0.000000
0 0 0.000000
0 0 0.000000
0 0 0.000000
0 0 0.000000
0 0 0.000000
0 0 0.000000
0 0 0.000000
0 0 0.000000
0 0 0.000000
0 0 0.000000
0 0 0.000000
0 0 0.000000
0 0 0.000000
0 0 0.000000
0 0 0.000000
0 0 0.000000
0 0 0.000000
0 0 0.000000
0 0 0.000000
0 0 0.000000
0 0 0.000000
0 0 0.000000
0 0 0.000000
0 0 0.000000
0 0 0.000000
0 0 0.000000
0 0 0.000000
0 0 0.000000
0 0 0.000000
0 0 0.000000
0 0 0.000000
0 0 0.000000
0 0 0.000000
0 0 0.000000
0 0 0.000000
0 0 0.000000
0 0 0.000000
0 0 0.000000
0 0 0.000000
0 0 0.000000
0 0 0.000000
0 0 0.000000
0 0 0.000000
0 0 0.000000
0 0 0.000000
0 0 0.000000
0 0 0.000000
0 0 0.000000
0 0 0.000000
0 0 0.000000
0 0 0.000000
0 0 0.000000
0 0 0.000000
0 0 0.000000
0 0 0.000000
0 0 0.000000
0 0 0.000000
0 0 0.000000
0 0 0.000000
0 0 0.000000
0 0 0.000000
0 0 0.000000
0 0 0.000000
0 0 0.000000
0 0 0.000000
0 0 0.000000
0 0 0.000000
0 0 0.000000
0 0 0.000000
0 0 0.000000
0 0 0.000000
0 0 0.000000
0 0 0.000000
0 0 0.000000
0 0 0.000000
0 0 0.000000
0 0 0.000000
0 0 0.000000
0 0 0.000000
0 0 0.000000
0 0 0.000000
0 0 0.000000
0 0 0.000000
0 0 0.000000
0 0 0.000000
0 0 0.000000
0 0 0.000000
0 0 0.000000
0 0 0.000000
0 0 0.000000
0 0 0.000000
0 0 0.000000
0 0 0.000000
0 0 0.000000
0 0 0.000000
0 0 0.000000
0 0 0.000000
0 0 0.000000
0 0 0.000000
0 0 0.000000
0 0 0.000000
0 0 0.000000
0 0 0.000000
0 0 0.000000
0 0 0.000000
0 0 0.000000
0 0 0.000000
0 0 0.000000
0 0 0.000000
0 0 0.000000
0 0 0.000000
0 0 0.000000
0 0 0.000000
0 0 0.000000
0 0 0.000000
0 0 0.000000
0 0 0.000000
0 0 0.000000
0 0 0.000000
0 0 0.000000
0 0 0.000000
0 0 0.000000
0 0 0.000000
0 0 0.000000
0 0 0.000000
0 0 0.000000
R0 2639113567262.906250

HEART_RATE: 150 bpm
Correlation: -1.000000
Temperature: 0.000000
SpO2: skipped (weak correlation)

--- DEBUG SIGNAL DATA ---
1661318 -4936960 0.000000
1615102 -4799514 0.000000
1568887 -4662068 0.000000
1522671 -4524621 0.000000
1476456 -4387175 0.000000
1430240 -4249729 0.000000
1384025 -4112282 0.000000
1337810 -3974836 0.000000
1291594 -3837390 0.000000
1245379 -3699943 0.000000
1199163 -3562497 0.498693
1152948 -3425051 0.453056
1106732 -3287604 0.408261
1060517 -3150158 0.364314
1014301 -3012712 0.321223
968086 -2875266 0.278993
921870 -2737819 0.237630
875655 -2600373 0.197142
829439 -2462927 0.157533
783224 -2325480 0.118812
737009 -2188034 0.080983
690793 -2050588 0.044054
644578 -1913141 0.008030
598362 -1775695 -0.027082
552147 -1638249 -0.061275
505931 -1500802 -0.094544
459716 -1363356 -0.126882
413500 -1225910 -0.158282
367285 -1088463 -0.188739
321069 -951017 -0.218245
274854 -813571 -0.223898
228542 -676124 -0.229360
182231 -538678 -0.234625
135920 -401232 -0.239688
89608 -263785 -0.244540
43297 -126339 -0.249177
-3014 11106 -0.253592
-49325 148553 -0.257778
-95637 285999 -0.261729
-141948 423445 -0.265439
-188260 560892 -0.268901
-234571 698338 -0.272110
-280883 835784 -0.275058
-327194 973231 -0.277739
-373505 1110677 -0.280147
-419817 1248123 -0.282276
-466128 1385570 -0.284120
-512440 1523016 -0.285671
-558751 1660462 -0.286924
-605063 1797908 -0.287872
-651374 1935355 -0.288509
-697686 2072801 -0.288828
-743997 2210247 -0.288824
-790309 2347694 -0.288489
-836620 2485140 -0.287818
-882932 2622586 -0.286805
-929243 2760033 -0.285442
-975554 2897479 -0.283723
-1021866 3034925 -0.281643
-1068177 3172372 -0.279194
-1114489 3309818 -0.276371
-1160800 3447264 -0.273167
-1207112 3584711 -0.269575
-1253423 3722157 -0.265590
-1299735 3859603 -0.261205
-1346046 3997050 -0.256413
-1392358 4134496 -0.251209
-1438669 4271942 -0.245586
-1484981 4409389 -0.239537
-1531292 4546835 -0.233057
-1577603 4684281 -0.226140
-1623915 4821728 -0.218781
-1670226 4959174 -0.210972
-1716538 5096620 -0.202708
-1762849 5234067 -0.193981
-1809161 5371513 -0.184787
-1855472 5508959 -0.175118
-1901784 5646406 -0.164968
-1948095 5783852 -0.154331
-1994407 5921298 -0.143200
-2040718 6058745 -0.131569
-2087030 6196191 -0.119432
-2133341 6333637 -0.106782
-2179652 6471083 -0.093613
-2225964 6608530 -0.079919
-2272275 6745976 -0.065693
-2318587 6883422 -0.050929
-2364898 7020869 -0.035621
-2411210 7158315 -0.019762
-2457521 7295761 -0.003345
-2503833 7433208 0.013634
-2550144 7570654 0.031184
-2596456 7708100 0.049310
-2642767 7845547 0.068018
-2689079 7982993 0.087315
-2735390 8120439 0.107207
-2781701 8257886 0.127701
-2828013 8395332 0.148803
-2874324 8532778 0.170519
2715460 -8061937 0.192856
2669149 -7924491 0.187331
2622837 -7787045 0.181669
2576526 -7649598 0.175876
2530214 -7512152 0.169958
2483903 -7374706 0.163921
2437591 -7237259 0.157773
2391280 -7099813 0.151519
2344968 -6962367 0.145165
2298657 -6824920 0.138718
2252346 -6687474 0.132185
2206034 -6550028 0.125571
2159723 -6412581 0.118883
2113411 -6275135 0.112128
2067100 -6137689 0.105311
2020788 -6000242 0.098439
1974477 -5862796 0.091518
1928165 -5725350 0.084555
1881854 -5587903 0.077556
1835542 -5450457 0.070527
1789231 -5313011 0.063475
1742919 -5175565 0.056406
1696608 -5038118 0.049326
1650297 -4900672 0.042242
1603985 -4763226 0.035160
1557674 -4625779 0.028086
1511362 -4488333 0.000000
1465051 -4350887 0.000000
1418739 -4213440 0.000000
R0 0.000000

HEART_RATE: 0 bpm
Correlation: 0.000000
Temperature: 0.000000
SpO2: skipped (weak correlation)

--- DEBUG SIGNAL DATA ---
0 0 0.000000
0 0 0.000000
0 0 0.000000
0 0 0.000000
0 0 0.000000
0 0 0.000000
0 0 0.000000
0 0 0.000000
0 0 0.000000
0 0 0.000000
0 0 0.000000
0 0 0.000000
0 0 0.000000
0 0 0.000000
0 0 0.000000
0 0 0.000000
0 0 0.000000
0 0 0.000000
0 0 0.000000
0 0 0.000000
0 0 0.000000
0 0 0.000000
0 0 0.000000
0 0 0.000000
0 0 0.000000
0 0 0.000000
0 0 0.000000
0 0 0.000000
0 0 0.000000
0 0 0.000000
0 0 0.000000
0 0 0.000000
0 0 0.000000
0 0 0.000000
0 0 0.000000
0 0 0.000000
0 0 0.000000
0 0 0.000000
0 0 0.000000
0 0 0.000000
0 0 0.000000
0 0 0.000000
0 0 0.000000
0 0 0.000000
0 0 0.000000
0 0 0.000000
0 0 0.000000
0 0 0.000000
0 0 0.000000
0 0 0.000000
0 0 0.000000
0 0 0.000000
0 0 0.000000
0 0 0.000000
0 0 0.000000
0 0 0.000000
0 0 0.000000
0 0 0.000000
0 0 0.000000
0 0 0.000000
0 0 0.000000
0 0 0.000000
0 0 0.000000
0 0 0.000000
0 0 0.000000
0 0 0.000000
0 0 0.000000
0 0 0.000000
0 0 0.000000
0 0 0.000000
0 0 0.000000
0 0 0.000000
0 0 0.000000
0 0 0.000000
0 0 0.000000
0 0 0.000000
0 0 0.000000
0 0 0.000000
0 0 0.000000
0 0 0.000000
0 0 0.000000
0 0 0.000000
0 0 0.000000
0 0 0.000000
0 0 0.000000
0 0 0.000000
0 0 0.000000
0 0 0.000000
0 0 0.000000
0 0 0.000000
0 0 0.000000
0 0 0.000000
0 0 0.000000
0 0 0.000000
0 0 0.000000
0 0 0.000000
0 0 0.000000
0 0 0.000000
0 0 0.000000
0 0 0.000000
0 0 0.000000
0 0 0.000000
0 0 0.000000
0 0 0.000000
0 0 0.000000
0 0 0.000000
0 0 0.000000
0 0 0.000000
0 0 0.000000
0 0 0.000000
0 0 0.000000
0 0 0.000000
0 0 0.000000
0 0 0.000000
0 0 0.000000
0 0 0.000000
0 0 0.000000
0 0 0.000000
0 0 0.000000
0 0 0.000000
0 0 0.000000
0 0 0.000000
0 0 0.000000
0 0 0.000000
0 0 0.000000
0 0 0.000000
0 0 0.000000
0 0 0.000000
R0 68.750000

HEART_RATE: 0 bpm
Correlation: 0.000000
Temperature: 0.000000
SpO2: skipped (weak correlation)

--- DEBUG SIGNAL DATA ---
1 0 0.000000
1 0 0.000000
1 0 0.000000
1 0 0.000000
1 0 0.000000
1 0 0.000000
1 0 0.000000
1 0 0.000000
1 0 0.000000
1 0 0.000000
1 0 -0.008523
1 0 -0.008977
1 0 -0.009432
1 0 -0.009886
0 0 -0.010341
0 0 -0.010682
0 0 -0.011023
0 0 -0.011364
0 0 -0.011705
0 0 -0.012045
0 0 -0.012386
0 0 -0.012727
0 0 -0.013068
0 0 -0.013409
0 0 -0.013750
0 0 -0.014091
0 0 -0.014432
0 0 -0.014773
0 0 -0.004318
0 0 -0.004432
0 0 -0.004659
0 0 -0.004886
0 0 -0.005114
0 0 -0.005341
0 0 -0.005568
0 0 -0.005795
0 0 -0.006023
0 0 -0.006250
0 0 -0.006477
0 0 -0.006705
0 0 -0.006932
0 0 -0.007159
0 0 -0.007386
0 0 -0.007614
0 0 -0.007841
0 0 -0.008068
0 0 -0.008295
0 0 -0.008523
0 0 -0.008750
0 0 -0.008977
0 0 -0.009205
0 0 -0.009432
0 0 -0.009659
0 0 -0.009886
0 0 -0.010114
0 0 -0.010341
0 0 -0.010568
0 0 0.000000
0 0 -0.000114
0 0 -0.000227
0 0 -0.000341
0 0 -0.000455
0 0 -0.000568
0 0 -0.000682
0 0 -0.000795
0 0 -0.000909
0 0 -0.001023
0 0 -0.001136
0 0 -0.001250
0 0 -0.001364
0 0 -0.001477
-1 0 -0.001591
-1 0 -0.001591
-1 0 -0.001591
-1 0 -0.001591
-1 0 -0.001591
-1 0 -0.001591
-1 0 -0.001591
-1 0 -0.001591
-1 0 -0.001591
-1 0 -0.001591
-1 0 -0.001591
-1 0 -0.001591
-1 0 -0.001591
-1 0 -0.001591
-1 0 -0.001591
-1 0 -0.001591
-1 0 -0.001705
-1 0 -0.001818
-1 0 -0.001932
-1 0 -0.002045
-1 0 -0.002159
-1 0 -0.002273
-1 0 -0.002386
-1 0 -0.002500
-1 0 -0.002614
-1 0 -0.002727
-1 0 -0.002841
-1 0 -0.002955
-1 0 -0.003068
-2 0 -0.003182
-2 0 -0.003182
-2 0 -0.003182
-2 0 -0.003182
-2 0 -0.003182
-2 0 -0.003182
-2 0 -0.003182
-2 0 -0.003182
-2 0 -0.003182
-2 0 -0.003182
-2 0 -0.003182
-2 0 -0.003182
-2 0 -0.003182
-2 0 -0.003182
-2 0 0.007614
-2 0 0.007841
-2 0 0.008068
-2 0 0.008295
-2 0 0.008523
-2 0 0.008750
-2 0 0.008977
-2 0 0.009205
-2 0 0.009432
-2 0 0.009659
-2 0 0.009886
-2 0 0.000000
-2 0 0.000000
93 0 0.000000
R0 0.000000

HEART_RATE: 0 bpm
Correlation: 0.000000
Temperature: 0.000000
SpO2: skipped (weak correlation)

--- DEBUG SIGNAL DATA ---
0 0 0.000000
0 0 0.000000
0 0 0.000000
0 0 0.000000
0 0 0.000000
0 0 0.000000
0 0 0.000000
0 0 0.000000
0 0 0.000000
0 0 0.000000
0 0 0.000000
0 0 0.000000
0 0 0.000000
0 0 0.000000
0 0 0.000000
0 0 0.000000
0 0 0.000000
0 0 0.000000
0 0 0.000000
0 0 0.000000
0 0 0.000000
0 0 0.000000
0 0 0.000000
0 0 0.000000
0 0 0.000000
0 0 0.000000
0 0 0.000000
0 0 0.000000
0 0 0.000000
0 0 0.000000
0 0 0.000000
0 0 0.000000
0 0 0.000000
0 0 0.000000
0 0 0.000000
0 0 0.000000
0 0 0.000000
0 0 0.000000
0 0 0.000000
0 0 0.000000
0 0 0.000000
0 0 0.000000
0 0 0.000000
0 0 0.000000
0 0 0.000000
0 0 0.000000
0 0 0.000000
0 0 0.000000
0 0 0.000000
0 0 0.000000
0 0 0.000000
0 0 0.000000
0 0 0.000000
0 0 0.000000
0 0 0.000000
0 0 0.000000
0 0 0.000000
0 0 0.000000
0 0 0.000000
0 0 0.000000
0 0 0.000000
0 0 0.000000
0 0 0.000000
0 0 0.000000
0 0 0.000000
0 0 0.000000
0 0 0.000000
0 0 0.000000
0 0 0.000000
0 0 0.000000
0 0 0.000000
0 0 0.000000
0 0 0.000000
0 0 0.000000
0 0 0.000000
0 0 0.000000
0 0 0.000000
0 0 0.000000
0 0 0.000000
0 0 0.000000
0 0 0.000000
0 0 0.000000
0 0 0.000000
0 0 0.000000
0 0 0.000000
0 0 0.000000
0 0 0.000000
0 0 0.000000
0 0 0.000000
0 0 0.000000
0 0 0.000000
0 0 0.000000
0 0 0.000000
0 0 0.000000
0 0 0.000000
0 0 0.000000
0 0 0.000000
0 0 0.000000
0 0 0.000000
0 0 0.000000
0 0 0.000000
0 0 0.000000
0 0 0.000000
0 0 0.000000
0 0 0.000000
0 0 0.000000
0 0 0.000000
0 0 0.000000
0 0 0.000000
0 0 0.000000
0 0 0.000000
0 0 0.000000
0 0 0.000000
0 0 0.000000
0 0 0.000000
0 0 0.000000
0 0 0.000000
0 0 0.000000
0 0 0.000000
0 0 0.000000
0 0 0.000000
0 0 0.000000
0 0 0.000000
0 0 0.000000
0 0 0.000000
0 0 0.000000
0 0 0.000000
0 0 0.000000
R0 0.000000

HEART_RATE: 0 bpm
Correlation: 0.000000
Temperature: 0.000000
SpO2: skipped (weak correlation)

--- DEBUG SIGNAL DATA ---
0 0 0.000000
0 0 0.000000
0 0 0.000000
0 0 0.000000
0 0 0.000000
0 0 0.000000
0 0 0.000000
0 0 0.000000
0 0 0.000000
0 0 0.000000
0 0 0.000000
0 0 0.000000
0 0 0.000000
0 0 0.000000
0 0 0.000000
0 0 0.000000
0 0 0.000000
0 0 0.000000
0 0 0.000000
0 0 0.000000
0 0 0.000000
0 0 0.000000
0 0 0.000000
0 0 0.000000
0 0 0.000000
0 0 0.000000
0 0 0.000000
0 0 0.000000
0 0 0.000000
0 0 0.000000
0 0 0.000000
0 0 0.000000
0 0 0.000000
0 0 0.000000
0 0 0.000000
0 0 0.000000
0 0 0.000000
0 0 0.000000
0 0 0.000000
0 0 0.000000
0 0 0.000000
0 0 0.000000
0 0 0.000000
0 0 0.000000
0 0 0.000000
0 0 0.000000
0 0 0.000000
0 0 0.000000
0 0 0.000000
0 0 0.000000
0 0 0.000000
0 0 0.000000
0 0 0.000000
0 0 0.000000
0 0 0.000000
0 0 0.000000
0 0 0.000000
0 0 0.000000
0 0 0.000000
0 0 0.000000
0 0 0.000000
0 0 0.000000
0 0 0.000000
0 0 0.000000
0 0 0.000000
0 0 0.000000
0 0 0.000000
0 0 0.000000
0 0 0.000000
0 0 0.000000
0 0 0.000000
0 0 0.000000
0 0 0.000000
0 0 0.000000
0 0 0.000000
0 0 0.000000
0 0 0.000000
0 0 0.000000
0 0 0.000000
0 0 0.000000
0 0 0.000000
0 0 0.000000
0 0 0.000000
0 0 0.000000
0 0 0.000000
0 0 0.000000
0 0 0.000000
0 0 0.000000
0 0 0.000000
0 0 0.000000
0 0 0.000000
0 0 0.000000
0 0 0.000000
0 0 0.000000
0 0 0.000000
0 0 0.000000
0 0 0.000000
0 0 0.000000
0 0 0.000000
0 0 0.000000
0 0 0.000000
0 0 0.000000
0 0 0.000000
0 0 0.000000
0 0 0.000000
0 0 0.000000
0 0 0.000000
0 0 0.000000
0 0 0.000000
0 0 0.000000
0 0 0.000000
0 0 0.000000
0 0 0.000000
0 0 0.000000
0 0 0.000000
0 0 0.000000
0 0 0.000000
0 0 0.000000
0 0 0.000000
0 0 0.000000
0 0 0.000000
0 0 0.000000
0 0 0.000000
0 0 0.000000
0 0 0.000000
0 0 0.000000
0 0 0.000000
0 0 0.000000
R0 39.125000

HEART_RATE: 150 bpm
Correlation: 0.000000
Temperature: 0.000000
SpO2: skipped (weak correlation)

--- DEBUG SIGNAL DATA ---
7 0 0.000000
6 0 0.000000
6 0 0.000000
6 0 0.000000
6 0 0.000000
6 0 0.000000
5 0 0.000000
5 0 0.000000
5 0 0.000000
5 0 0.000000
5 0 0.566693
4 0 0.518770
4 0 0.470847
4 0 0.424321
4 0 0.379193
4 0 0.335663
4 0 0.293730
3 0 0.246406
3 0 0.202476
3 0 0.160743
3 0 0.121406
3 0 0.084665
2 0 0.044329
2 0 0.007188
2 0 -0.030551
2 0 -0.065096
2 0 -0.096446
1 0 -0.129593
1 0 -0.159944
1 0 -0.186701
1 0 -0.209465
1 0 -0.228235
1 0 -0.243211
0 0 -0.260383
0 0 -0.271765
0 0 -0.278355
0 0 -0.280152
0 0 -0.280551
0 0 -0.285743
0 0 -0.290335
0 0 -0.293530
0 0 -0.295327
0 0 -0.295927
-1 0 -0.300319
-1 0 -0.303714
-1 0 -0.305911
-1 0 -0.306709
-1 0 -0.306310
-2 0 -0.305112
-2 0 -0.307109
-2 0 -0.307907
-2 0 -0.307308
-2 0 -0.305511
-2 0 -0.302316
-3 0 -0.303714
-3 0 -0.302915
-3 0 -0.300919
-3 0 -0.297724
-3 0 -0.293530
-4 0 -0.293131
-4 0 -0.291534
-4 0 -0.288738
-4 0 -0.284744
-4 0 -0.279752
-5 0 -0.274161
-5 0 -0.271366
-5 0 -0.267572
-5 0 -0.262580
-5 0 -0.256390
-5 0 -0.249002
-6 0 -0.246006
-6 0 -0.240815
-6 0 -0.234425
-6 0 -0.227037
-6 0 -0.218450
-7 0 -0.213458
-7 0 -0.206869
-7 0 -0.199081
-7 0 -0.190096
-7 0 -0.180112
-8 0 -0.169529
-8 0 -0.161142
-8 0 -0.151757
-8 0 -0.141174
-8 0 -0.129593
-8 0 -0.116813
-9 0 -0.108027
-9 0 -0.096845
-9 0 -0.084465
-9 0 -0.071086
-9 0 -0.056510
-10 0 -0.041733
-10 0 -0.024760
-9 0 -0.006390
-8 0 0.011981
-7 0 0.030152
-7 0 0.044129
-6 0 0.058506
-5 0 0.072684
-4 0 0.086661
-3 0 0.100240
-2 0 0.113618
-2 0 0.122005
-1 0 0.131390
0 0 0.140375
0 0 0.148762
1 0 0.158147
1 0 0.162740
2 0 0.167931
3 0 0.172524
4 0 0.176518
5 0 0.179912
5 0 0.178714
6 0 0.177716
7 0 0.175919
8 0 0.173323
9 0 0.169928
10 0 0.165735
10 0 0.156550
11 0 0.147764
12 0 0.137979
13 0 0.127196
14 0 0.115415
14 0 0.098642
15 0 0.082069
16 0 0.000000
17 0 0.000000
18 0 0.000000
R0 0.000000

HEART_RATE: 0 bpm
Correlation: 0.000000
Temperature: 0.000000
SpO2: skipped (weak correlation)

--- DEBUG SIGNAL DATA ---
0 0 0.000000
0 0 0.000000
0 0 0.000000
0 0 0.000000
0 0 0.000000
0 0 0.000000
0 0 0.000000
0 0 0.000000
0 0 0.000000
0 0 0.000000
0 0 0.000000
0 0 0.000000
0 0 0.000000
0 0 0.000000
0 0 0.000000
0 0 0.000000
0 0 0.000000
0 0 0.000000
0 0 0.000000
0 0 0.000000
0 0 0.000000
0 0 0.000000
0 0 0.000000
0 0 0.000000
0 0 0.000000
0 0 0.000000
0 0 0.000000
0 0 0.000000
0 0 0.000000
0 0 0.000000
0 0 0.000000
0 0 0.000000
0 0 0.000000
0 0 0.000000
0 0 0.000000
0 0 0.000000
0 0 0.000000
0 0 0.000000
0 0 0.000000
0 0 0.000000
0 0 0.000000
0 0 0.000000
0 0 0.000000
0 0 0.000000
0 0 0.000000
0 0 0.000000
0 0 0.000000
0 0 0.000000
0 0 0.000000
0 0 0.000000
0 0 0.000000
0 0 0.000000
0 0 0.000000
0 0 0.000000
0 0 0.000000
0 0 0.000000
0 0 0.000000
0 0 0.000000
0 0 0.000000
0 0 0.000000
0 0 0.000000
0 0 0.000000
0 0 0.000000
0 0 0.000000
0 0 0.000000
0 0 0.000000
0 0 0.000000
0 0 0.000000
0 0 0.000000
0 0 0.000000
0 0 0.000000
0 0 0.000000
0 0 0.000000
0 0 0.000000
0 0 0.000000
0 0 0.000000
0 0 0.000000
0 0 0.000000
0 0 0.000000
0 0 0.000000
0 0 0.000000
0 0 0.000000
0 0 0.000000
0 0 0.000000
0 0 0.000000
0 0 0.000000
0 0 0.000000
0 0 0.000000
0 0 0.000000
0 0 0.000000
0 0 0.000000
0 0 0.000000
0 0 0.000000
0 0 0.000000
0 0 0.000000
0 0 0.000000
0 0 0.000000
0 0 0.000000
0 0 0.000000
0 0 0.000000
0 0 0.000000
0 0 0.000000
0 0 0.000000
0 0 0.000000
0 0 0.000000
0 0 0.000000
0 0 0.000000
0 0 0.000000
0 0 0.000000
0 0 0.000000
0 0 0.000000
0 0 0.000000
0 0 0.000000
0 0 0.000000
0 0 0.000000
0 0 0.000000
0 0 0.000000
0 0 0.000000
0 0 0.000000
0 0 0.000000
0 0 0.000000
0 0 0.000000
0 0 0.000000
0 0 0.000000
0 0 0.000000
0 0 0.000000
0 0 0.000000
0 0 0.000000
R0 0.000000

HEART_RATE: 0 bpm
Correlation: 0.000000
Temperature: 0.000000
SpO2: skipped (weak correlation)

--- DEBUG SIGNAL DATA ---
0 0 0.000000
0 0 0.000000
0 0 0.000000
0 0 0.000000
0 0 0.000000
0 0 0.000000
0 0 0.000000
0 0 0.000000
0 0 0.000000
0 0 0.000000
0 0 0.000000
0 0 0.000000
0 0 0.000000
0 0 0.000000
0 0 0.000000
0 0 0.000000
0 0 0.000000
0 0 0.000000
0 0 0.000000
0 0 0.000000
0 0 0.000000
0 0 0.000000
0 0 0.000000
0 0 0.000000
0 0 0.000000
0 0 0.000000
0 0 0.000000
0 0 0.000000
0 0 0.000000
0 0 0.000000
0 0 0.000000
0 0 0.000000
0 0 0.000000
0 0 0.000000
0 0 0.000000
0 0 0.000000
0 0 0.000000
0 0 0.000000
0 0 0.000000
0 0 0.000000
0 0 0.000000
0 0 0.000000
0 0 0.000000
0 0 0.000000
0 0 0.000000
0 0 0.000000
0 0 0.000000
0 0 0.000000
0 0 0.000000
0 0 0.000000
0 0 0.000000
0 0 0.000000
0 0 0.000000
0 0 0.000000
0 0 0.000000
0 0 0.000000
0 0 0.000000
0 0 0.000000
0 0 0.000000
0 0 0.000000
0 0 0.000000
0 0 0.000000
0 0 0.000000
0 0 0.000000
0 0 0.000000
0 0 0.000000
0 0 0.000000
0 0 0.000000
0 0 0.000000
0 0 0.000000
0 0 0.000000
0 0 0.000000
0 0 0.000000
0 0 0.000000
0 0 0.000000
0 0 0.000000
0 0 0.000000
0 0 0.000000
0 0 0.000000
0 0 0.000000
0 0 0.000000
0 0 0.000000
0 0 0.000000
0 0 0.000000
0 0 0.000000
0 0 0.000000
0 0 0.000000
0 0 0.000000
0 0 0.000000
0 0 0.000000
0 0 0.000000
0 0 0.000000
0 0 0.000000
0 0 0.000000
0 0 0.000000
0 0 0.000000
0 0 0.000000
0 0 0.000000
0 0 0.000000
0 0 0.000000
0 0 0.000000
0 0 0.000000
0 0 0.000000
0 0 0.000000
0 0 0.000000
0 0 0.000000
0 0 0.000000
0 0 0.000000
0 0 0.000000
0 0 0.000000
0 0 0.000000
0 0 0.000000
0 0 0.000000
0 0 0.000000
0 0 0.000000
0 0 0.000000
0 0 0.000000
0 0 0.000000
0 0 0.000000
0 0 0.000000
0 0 0.000000
0 0 0.000000
0 0 0.000000
0 0 0.000000
0 0 0.000000
0 0 0.000000
0 0 0.000000
0 0 0.000000
R0 0.000000

HEART_RATE: 0 bpm
Correlation: 0.000000
Temperature: 0.000000
SpO2: skipped (weak correlation)

--- DEBUG SIGNAL DATA ---
0 0 0.000000
0 0 0.000000
0 0 0.000000
0 0 0.000000
0 0 0.000000
0 0 0.000000
0 0 0.000000
0 0 0.000000
0 0 0.000000
0 0 0.000000
0 0 0.000000
0 0 0.000000
0 0 0.000000
0 0 0.000000
0 0 0.000000
0 0 0.000000
0 0 0.000000
0 0 0.000000
0 0 0.000000
0 0 0.000000
0 0 0.000000
0 0 0.000000
0 0 0.000000
0 0 0.000000
0 0 0.000000
0 0 0.000000
0 0 0.000000
0 0 0.000000
0 0 0.000000
0 0 0.000000
0 0 0.000000
0 0 0.000000
0 0 0.000000
0 0 0.000000
0 0 0.000000
0 0 0.000000
0 0 0.000000
0 0 0.000000
0 0 0.000000
0 0 0.000000
0 0 0.000000
0 0 0.000000
0 0 0.000000
0 0 0.000000
0 0 0.000000
0 0 0.000000
0 0 0.000000
0 0 0.000000
0 0 0.000000
0 0 0.000000
0 0 0.000000
0 0 0.000000
0 0 0.000000
0 0 0.000000
0 0 0.000000
0 0 0.000000
0 0 0.000000
0 0 0.000000
0 0 0.000000
0 0 0.000000
0 0 0.000000
0 0 0.000000
0 0 0.000000
0 0 0.000000
0 0 0.000000
0 0 0.000000
0 0 0.000000
0 0 0.000000
0 0 0.000000
0 0 0.000000
0 0 0.000000
0 0 0.000000
0 0 0.000000
0 0 0.000000
0 0 0.000000
0 0 0.000000
0 0 0.000000
0 0 0.000000
0 0 0.000000
0 0 0.000000
0 0 0.000000
0 0 0.000000
0 0 0.000000
0 0 0.000000
0 0 0.000000
0 0 0.000000
0 0 0.000000
0 0 0.000000
0 0 0.000000
0 0 0.000000
0 0 0.000000
0 0 0.000000
0 0 0.000000
0 0 0.000000
0 0 0.000000
0 0 0.000000
0 0 0.000000
0 0 0.000000
0 0 0.000000
0 0 0.000000
0 0 0.000000
0 0 0.000000
0 0 0.000000
0 0 0.000000
0 0 0.000000
0 0 0.000000
0 0 0.000000
0 0 0.000000
0 0 0.000000
0 0 0.000000
0 0 0.000000
0 0 0.000000
0 0 0.000000
0 0 0.000000
0 0 0.000000
0 0 0.000000
0 0 0.000000
0 0 0.000000
0 0 0.000000
0 0 0.000000
0 0 0.000000
0 0 0.000000
0 0 0.000000
0 0 0.000000
0 0 0.000000
0 0 0.000000
0 0 0.000000
0 0 0.000000
R0 0.000000

HEART_RATE: 0 bpm
Correlation: 0.000000
Temperature: 0.000000
SpO2: skipped (weak correlation)

--- DEBUG SIGNAL DATA ---
0 0 0.000000
0 0 0.000000
0 0 0.000000
0 0 0.000000
0 0 0.000000
0 0 0.000000
0 0 0.000000
0 0 0.000000
0 0 0.000000
0 0 0.000000
0 0 0.000000
0 0 0.000000
0 0 0.000000
0 0 0.000000
0 0 0.000000
0 0 0.000000
0 0 0.000000
0 0 0.000000
0 0 0.000000
0 0 0.000000
0 0 0.000000
0 0 0.000000
0 0 0.000000
0 0 0.000000
0 0 0.000000
0 0 0.000000
0 0 0.000000
0 0 0.000000
0 0 0.000000
0 0 0.000000
0 0 0.000000
0 0 0.000000
0 0 0.000000
0 0 0.000000
0 0 0.000000
0 0 0.000000
0 0 0.000000
0 0 0.000000
0 0 0.000000
0 0 0.000000
0 0 0.000000
0 0 0.000000
0 0 0.000000
0 0 0.000000
0 0 0.000000
0 0 0.000000
0 0 0.000000
0 0 0.000000
0 0 0.000000
0 0 0.000000
0 0 0.000000
0 0 0.000000
0 0 0.000000
0 0 0.000000
0 0 0.000000
0 0 0.000000
0 0 0.000000
0 0 0.000000
0 0 0.000000
0 0 0.000000
0 0 0.000000
0 0 0.000000
0 0 0.000000
0 0 0.000000
0 0 0.000000
0 0 0.000000
0 0 0.000000
0 0 0.000000
0 0 0.000000
0 0 0.000000
0 0 0.000000
0 0 0.000000
0 0 0.000000
0 0 0.000000
0 0 0.000000
0 0 0.000000
0 0 0.000000
0 0 0.000000
0 0 0.000000
0 0 0.000000
0 0 0.000000
0 0 0.000000
0 0 0.000000
0 0 0.000000
0 0 0.000000
0 0 0.000000
0 0 0.000000
0 0 0.000000
0 0 0.000000
0 0 0.000000
0 0 0.000000
0 0 0.000000
0 0 0.000000
0 0 0.000000
0 0 0.000000
0 0 0.000000
0 0 0.000000
0 0 0.000000
0 0 0.000000
0 0 0.000000
0 0 0.000000
0 0 0.000000
0 0 0.000000
0 0 0.000000
0 0 0.000000
0 0 0.000000
0 0 0.000000
0 0 0.000000
0 0 0.000000
0 0 0.000000
0 0 0.000000
0 0 0.000000
0 0 0.000000
0 0 0.000000
0 0 0.000000
0 0 0.000000
0 0 0.000000
0 0 0.000000
0 0 0.000000
0 0 0.000000
0 0 0.000000
0 0 0.000000
0 0 0.000000
0 0 0.000000
0 0 0.000000
0 0 0.000000
0 0 0.000000
0 0 0.000000
R0 0.000000

HEART_RATE: 0 bpm
Correlation: 0.000000
Temperature: 0.000000
SpO2: skipped (weak correlation)

--- DEBUG SIGNAL DATA ---
0 0 0.000000
0 0 0.000000
0 0 0.000000
0 0 0.000000
0 0 0.000000
0 0 0.000000
0 0 0.000000
0 0 0.000000
0 0 0.000000
0 0 0.000000
0 0 0.000000
0 0 0.000000
0 0 0.000000
0 0 0.000000
0 0 0.000000
0 0 0.000000
0 0 0.000000
0 0 0.000000
0 0 0.000000
0 0 0.000000
0 0 0.000000
0 0 0.000000
0 0 0.000000
0 0 0.000000
0 0 0.000000
0 0 0.000000
0 0 0.000000
0 0 0.000000
0 0 0.000000
0 0 0.000000
0 0 0.000000
0 0 0.000000
0 0 0.000000
0 0 0.000000
0 0 0.000000
0 0 0.000000
0 0 0.000000
0 0 0.000000
0 0 0.000000
0 0 0.000000
0 0 0.000000
0 0 0.000000
0 0 0.000000
0 0 0.000000
0 0 0.000000
0 0 0.000000
0 0 0.000000
0 0 0.000000
0 0 0.000000
0 0 0.000000
0 0 0.000000
0 0 0.000000
0 0 0.000000
0 0 0.000000
0 0 0.000000
0 0 0.000000
0 0 0.000000
0 0 0.000000
0 0 0.000000
0 0 0.000000
0 0 0.000000
0 0 0.000000
0 0 0.000000
0 0 0.000000
0 0 0.000000
0 0 0.000000
0 0 0.000000
0 0 0.000000
0 0 0.000000
0 0 0.000000
0 0 0.000000
0 0 0.000000
0 0 0.000000
0 0 0.000000
0 0 0.000000
0 0 0.000000
0 0 0.000000
0 0 0.000000
0 0 0.000000
0 0 0.000000
0 0 0.000000
0 0 0.000000
0 0 0.000000
0 0 0.000000
0 0 0.000000
0 0 0.000000
0 0 0.000000
0 0 0.000000
0 0 0.000000
0 0 0.000000
0 0 0.000000
0 0 0.000000
0 0 0.000000
0 0 0.000000
0 0 0.000000
0 0 0.000000
0 0 0.000000
0 0 0.000000
0 0 0.000000
0 0 0.000000
0 0 0.000000
0 0 0.000000
0 0 0.000000
0 0 0.000000
0 0 0.000000
0 0 0.000000
0 0 0.000000
0 0 0.000000
0 0 0.000000
0 0 0.000000
0 0 0.000000
0 0 0.000000
0 0 0.000000
0 0 0.000000
0 0 0.000000
0 0 0.000000
0 0 0.000000
0 0 0.000000
0 0 0.000000
0 0 0.000000
0 0 0.000000
0 0 0.000000
0 0 0.000000
0 0 0.000000
0 0 0.000000
0 0 0.000000
0 0 0.000000
0 0 0.000000
R0 20.796875

HEART_RATE: 150 bpm
Correlation: 0.000000
Temperature: 0.000000
SpO2: skipped (weak correlation)

--- DEBUG SIGNAL DATA ---
16 0 0.000000
15 0 0.000000
14 0 0.000000
13 0 0.000000
12 0 0.000000
11 0 0.000000
10 0 0.000000
9 0 0.000000
9 0 0.000000
8 0 0.000000
7 0 0.428625
6 0 0.369647
5 0 0.312547
4 0 0.259579
3 0 0.209617
2 0 0.163035
1 0 0.120210
1 0 0.081142
0 0 0.040195
0 0 0.000376
-1 0 -0.040947
-2 0 -0.077385
-3 0 -0.107062
-4 0 -0.131104
-5 0 -0.149136
-6 0 -0.160781
-6 0 -0.166041
-6 0 -0.170548
-6 0 -0.177310
-6 0 -0.182945
-6 0 -0.187453
-6 0 -0.189331
-6 0 -0.190083
-6 0 -0.189707
-6 0 -0.188204
-5 0 -0.185950
-5 0 -0.188956
-5 0 -0.193839
-5 0 -0.197596
-5 0 -0.200225
-5 0 -0.201728
-5 0 -0.202104
-5 0 -0.201352
-5 0 -0.199474
-4 0 -0.196844
-4 0 -0.199474
-4 0 -0.203982
-4 0 -0.207363
-4 0 -0.209617
-4 0 -0.209241
-4 0 -0.207739
-4 0 -0.205109
-4 0 -0.201352
-3 0 -0.196844
-3 0 -0.197596
-3 0 -0.199850
-3 0 -0.200977
-3 0 -0.200977
-3 0 -0.198347
-3 0 -0.194591
-3 0 -0.189707
-3 0 -0.183696
-2 0 -0.176935
-2 0 -0.175432
-2 0 -0.175432
-2 0 -0.174681
-2 0 -0.173178
-2 0 -0.169421
-2 0 -0.164914
-2 0 -0.159654
-2 0 -0.153644
-1 0 -0.146882
-1 0 -0.145755
-1 0 -0.145755
-1 0 -0.145004
-1 0 -0.143501
-1 0 -0.139745
-1 0 -0.135237
-1 0 -0.129977
-1 0 -0.123967
0 0 -0.117581
0 0 -0.116829
0 0 -0.116829
0 0 -0.116078
0 0 -0.114576
0 0 -0.110819
0 0 -0.106311
0 0 -0.101052
0 0 -0.095041
0 0 -0.088655
0 0 -0.081518
0 0 -0.074756
0 0 -0.066867
0 0 -0.057851
0 0 -0.046206
0 0 -0.033434
0 0 -0.019534
0 0 -0.004508
1 0 0.011270
1 0 0.021788
1 0 0.032307
1 0 0.043952
1 0 0.056724
1 0 0.070624
1 0 0.084147
1 0 0.097295
1 0 0.110068
2 0 0.122089
2 0 0.127348
2 0 0.131104
2 0 0.135612
2 0 0.139369
2 0 0.143877
2 0 0.147633
2 0 0.150639
2 0 0.152893
3 0 0.154395
3 0 0.148760
3 0 0.141623
3 0 0.133358
3 0 0.123967
3 0 0.114951
3 0 0.104808
3 0 0.093539
3 0 0.081142
4 0 0.000000
4 0 0.000000
4 0 0.000000
R0 0.000000

HEART_RATE: 0 bpm
Correlation: 0.000000
Temperature: 0.000000
SpO2: skipped (weak correlation)

--- DEBUG SIGNAL DATA ---
0 0 0.000000
0 0 0.000000
0 0 0.000000
0 0 0.000000
0 0 0.000000
0 0 0.000000
0 0 0.000000
0 0 0.000000
0 0 0.000000
0 0 0.000000
0 0 0.000000
0 0 0.000000
0 0 0.000000
0 0 0.000000
0 0 0.000000
0 0 0.000000
0 0 0.000000
0 0 0.000000
0 0 0.000000
0 0 0.000000
0 0 0.000000
0 0 0.000000
0 0 0.000000
0 0 0.000000
0 0 0.000000
0 0 0.000000
0 0 0.000000
0 0 0.000000
0 0 0.000000
0 0 0.000000
0 0 0.000000
0 0 0.000000
0 0 0.000000
0 0 0.000000
0 0 0.000000
0 0 0.000000
0 0 0.000000
0 0 0.000000
0 0 0.000000
0 0 0.000000
0 0 0.000000
0 0 0.000000
0 0 0.000000
0 0 0.000000
0 0 0.000000
0 0 0.000000
0 0 0.000000
0 0 0.000000
0 0 0.000000
0 0 0.000000
0 0 0.000000
0 0 0.000000
0 0 0.000000
0 0 0.000000
0 0 0.000000
0 0 0.000000
0 0 0.000000
0 0 0.000000
0 0 0.000000
0 0 0.000000
0 0 0.000000
0 0 0.000000
0 0 0.000000
0 0 0.000000
0 0 0.000000
0 0 0.000000
0 0 0.000000
0 0 0.000000
0 0 0.000000
0 0 0.000000
0 0 0.000000
0 0 0.000000
0 0 0.000000
0 0 0.000000
0 0 0.000000
0 0 0.000000
0 0 0.000000
0 0 0.000000
0 0 0.000000
0 0 0.000000
0 0 0.000000
0 0 0.000000
0 0 0.000000
0 0 0.000000
0 0 0.000000
0 0 0.000000
0 0 0.000000
0 0 0.000000
0 0 0.000000
0 0 0.000000
0 0 0.000000
0 0 0.000000
0 0 0.000000
0 0 0.000000
0 0 0.000000
0 0 0.000000
0 0 0.000000
0 0 0.000000
0 0 0.000000
0 0 0.000000
0 0 0.000000
0 0 0.000000
0 0 0.000000
0 0 0.000000
0 0 0.000000
0 0 0.000000
0 0 0.000000
0 0 0.000000
0 0 0.000000
0 0 0.000000
0 0 0.000000
0 0 0.000000
0 0 0.000000
0 0 0.000000
0 0 0.000000
0 0 0.000000
0 0 0.000000
0 0 0.000000
0 0 0.000000
0 0 0.000000
0 0 0.000000
0 0 0.000000
0 0 0.000000
0 0 0.000000
0 0 0.000000
0 0 0.000000
0 0 0.000000
0 0 0.000000
R0 0.000000

HEART_RATE: 0 bpm
Correlation: 0.000000
Temperature: 0.000000
SpO2: skipped (weak correlation)

--- DEBUG SIGNAL DATA ---
0 0 0.000000
0 0 0.000000
0 0 0.000000
0 0 0.000000
0 0 0.000000
0 0 0.000000
0 0 0.000000
0 0 0.000000
0 0 0.000000
0 0 0.000000
0 0 0.000000
0 0 0.000000
0 0 0.000000
0 0 0.000000
0 0 0.000000
0 0 0.000000
0 0 0.000000
0 0 0.000000
0 0 0.000000
0 0 0.000000
0 0 0.000000
0 0 0.000000
0 0 0.000000
0 0 0.000000
0 0 0.000000
0 0 0.000000
0 0 0.000000
0 0 0.000000
0 0 0.000000
0 0 0.000000
0 0 0.000000
0 0 0.000000
0 0 0.000000
0 0 0.000000
0 0 0.000000
0 0 0.000000
0 0 0.000000
0 0 0.000000
0 0 0.000000
0 0 0.000000
0 0 0.000000
0 0 0.000000
0 0 0.000000
0 0 0.000000
0 0 0.000000
0 0 0.000000
0 0 0.000000
0 0 0.000000
0 0 0.000000
0 0 0.000000
0 0 0.000000
0 0 0.000000
0 0 0.000000
0 0 0.000000
0 0 0.000000
0 0 0.000000
0 0 0.000000
0 0 0.000000
0 0 0.000000
0 0 0.000000
0 0 0.000000
0 0 0.000000
0 0 0.000000
0 0 0.000000
0 0 0.000000
0 0 0.000000
0 0 0.000000
0 0 0.000000
0 0 0.000000
0 0 0.000000
0 0 0.000000
0 0 0.000000
0 0 0.000000
0 0 0.000000
0 0 0.000000
0 0 0.000000
0 0 0.000000
0 0 0.000000
0 0 0.000000
0 0 0.000000
0 0 0.000000
0 0 0.000000
0 0 0.000000
0 0 0.000000
0 0 0.000000
0 0 0.000000
0 0 0.000000
0 0 0.000000
0 0 0.000000
0 0 0.000000
0 0 0.000000
0 0 0.000000
0 0 0.000000
0 0 0.000000
0 0 0.000000
0 0 0.000000
0 0 0.000000
0 0 0.000000
0 0 0.000000
0 0 0.000000
0 0 0.000000
0 0 0.000000
0 0 0.000000
0 0 0.000000
0 0 0.000000
0 0 0.000000
0 0 0.000000
0 0 0.000000
0 0 0.000000
0 0 0.000000
0 0 0.000000
0 0 0.000000
0 0 0.000000
0 0 0.000000
0 0 0.000000
0 0 0.000000
0 0 0.000000
0 0 0.000000
0 0 0.000000
0 0 0.000000
0 0 0.000000
0 0 0.000000
0 0 0.000000
0 0 0.000000
0 0 0.000000
0 0 0.000000
0 0 0.000000
0 0 0.000000
R0 0.000000

HEART_RATE: 0 bpm
Correlation: 0.000000
Temperature: 0.000000
SpO2: skipped (weak correlation)

--- DEBUG SIGNAL DATA ---
0 0 0.000000
0 0 0.000000
0 0 0.000000
0 0 0.000000
0 0 0.000000
0 0 0.000000
0 0 0.000000
0 0 0.000000
0 0 0.000000
0 0 0.000000
0 0 0.000000
0 0 0.000000
0 0 0.000000
0 0 0.000000
0 0 0.000000
0 0 0.000000
0 0 0.000000
0 0 0.000000
0 0 0.000000
0 0 0.000000
0 0 0.000000
0 0 0.000000
0 0 0.000000
0 0 0.000000
0 0 0.000000
0 0 0.000000
0 0 0.000000
0 0 0.000000
0 0 0.000000
0 0 0.000000
0 0 0.000000
0 0 0.000000
0 0 0.000000
0 0 0.000000
0 0 0.000000
0 0 0.000000
0 0 0.000000
0 0 0.000000
0 0 0.000000
0 0 0.000000
0 0 0.000000
0 0 0.000000
0 0 0.000000
0 0 0.000000
0 0 0.000000
0 0 0.000000
0 0 0.000000
0 0 0.000000
0 0 0.000000
0 0 0.000000
0 0 0.000000
0 0 0.000000
0 0 0.000000
0 0 0.000000
0 0 0.000000
0 0 0.000000
0 0 0.000000
0 0 0.000000
0 0 0.000000
0 0 0.000000
0 0 0.000000
0 0 0.000000
0 0 0.000000
0 0 0.000000
0 0 0.000000
0 0 0.000000
0 0 0.000000
0 0 0.000000
0 0 0.000000
0 0 0.000000
0 0 0.000000
0 0 0.000000
0 0 0.000000
0 0 0.000000
0 0 0.000000
0 0 0.000000
0 0 0.000000
0 0 0.000000
0 0 0.000000
0 0 0.000000
0 0 0.000000
0 0 0.000000
0 0 0.000000
0 0 0.000000
0 0 0.000000
0 0 0.000000
0 0 0.000000
0 0 0.000000
0 0 0.000000
0 0 0.000000
0 0 0.000000
0 0 0.000000
0 0 0.000000
0 0 0.000000
0 0 0.000000
0 0 0.000000
0 0 0.000000
0 0 0.000000
0 0 0.000000
0 0 0.000000
0 0 0.000000
0 0 0.000000
0 0 0.000000
0 0 0.000000
0 0 0.000000
0 0 0.000000
0 0 0.000000
0 0 0.000000
0 0 0.000000
0 0 0.000000
0 0 0.000000
0 0 0.000000
0 0 0.000000
0 0 0.000000
0 0 0.000000
0 0 0.000000
0 0 0.000000
0 0 0.000000
0 0 0.000000
0 0 0.000000
0 0 0.000000
0 0 0.000000
0 0 0.000000
0 0 0.000000
0 0 0.000000
0 0 0.000000
0 0 0.000000
0 0 0.000000
R0 0.000000

HEART_RATE: 0 bpm
Correlation: 0.000000
Temperature: 0.000000
SpO2: skipped (weak correlation)

--- DEBUG SIGNAL DATA ---
0 0 0.000000
0 0 0.000000
0 0 0.000000
0 0 0.000000
0 0 0.000000
0 0 0.000000
0 0 0.000000
0 0 0.000000
0 0 0.000000
0 0 0.000000
0 0 0.000000
0 0 0.000000
0 0 0.000000
0 0 0.000000
0 0 0.000000
0 0 0.000000
0 0 0.000000
0 0 0.000000
0 0 0.000000
0 0 0.000000
0 0 0.000000
0 0 0.000000
0 0 0.000000
0 0 0.000000
0 0 0.000000
0 0 0.000000
0 0 0.000000
0 0 0.000000
0 0 0.000000
0 0 0.000000
0 0 0.000000
0 0 0.000000
0 0 0.000000
0 0 0.000000
0 0 0.000000
0 0 0.000000
0 0 0.000000
0 0 0.000000
0 0 0.000000
0 0 0.000000
0 0 0.000000
0 0 0.000000
0 0 0.000000
0 0 0.000000
0 0 0.000000
0 0 0.000000
0 0 0.000000
0 0 0.000000
0 0 0.000000
0 0 0.000000
0 0 0.000000
0 0 0.000000
0 0 0.000000
0 0 0.000000
0 0 0.000000
0 0 0.000000
0 0 0.000000
0 0 0.000000
0 0 0.000000
0 0 0.000000
0 0 0.000000
0 0 0.000000
0 0 0.000000
0 0 0.000000
0 0 0.000000
0 0 0.000000
0 0 0.000000
0 0 0.000000
0 0 0.000000
0 0 0.000000
0 0 0.000000
0 0 0.000000
0 0 0.000000
0 0 0.000000
0 0 0.000000
0 0 0.000000
0 0 0.000000
0 0 0.000000
0 0 0.000000
0 0 0.000000
0 0 0.000000
0 0 0.000000
0 0 0.000000
0 0 0.000000
0 0 0.000000
0 0 0.000000
0 0 0.000000
0 0 0.000000
0 0 0.000000
0 0 0.000000
0 0 0.000000
0 0 0.000000
0 0 0.000000
0 0 0.000000
0 0 0.000000
0 0 0.000000
0 0 0.000000
0 0 0.000000
0 0 0.000000
0 0 0.000000
0 0 0.000000
0 0 0.000000
0 0 0.000000
0 0 0.000000
0 0 0.000000
0 0 0.000000
0 0 0.000000
0 0 0.000000
0 0 0.000000
0 0 0.000000
0 0 0.000000
0 0 0.000000
0 0 0.000000
0 0 0.000000
0 0 0.000000
0 0 0.000000
0 0 0.000000
0 0 0.000000
0 0 0.000000
0 0 0.000000
0 0 0.000000
0 0 0.000000
0 0 0.000000
0 0 0.000000
0 0 0.000000
0 0 0.000000
0 0 0.000000
0 0 0.000000
R0 17.093750

HEART_RATE: 150 bpm
Correlation: 0.000000
Temperature: 0.000000
SpO2: skipped (weak correlation)

--- DEBUG SIGNAL DATA ---
3 0 0.000000
3 0 0.000000
3 0 0.000000
3 0 0.000000
3 0 0.000000
3 0 0.000000
3 0 0.000000
3 0 0.000000
2 0 0.000000
2 0 0.000000
2 0 0.381627
2 0 0.323126
2 0 0.265539
2 0 0.211609
2 0 0.161335
2 0 0.115631
2 0 0.067642
2 0 0.024680
2 0 -0.012797
1 0 -0.052102
1 0 -0.084095
1 0 -0.110146
1 0 -0.133455
1 0 -0.149909
1 0 -0.158592
1 0 -0.159049
1 0 -0.158135
1 0 -0.163163
1 0 -0.167276
0 0 -0.170475
0 0 -0.171846
0 0 -0.172303
0 0 -0.174132
0 0 -0.175960
0 0 -0.176417
0 0 -0.175503
0 0 -0.173218
0 0 -0.176874
0 0 -0.179616
0 0 -0.181444
0 0 -0.182815
0 0 -0.183272
0 0 -0.183272
0 0 -0.185101
0 0 -0.186015
0 0 -0.185558
0 0 -0.183729
0 0 -0.180530
0 0 -0.183272
0 0 -0.185101
-1 0 -0.186015
-1 0 -0.185101
-1 0 -0.183272
-1 0 -0.182815
-1 0 -0.181901
-1 0 -0.179616
-1 0 -0.175960
-1 0 -0.170932
-1 0 -0.171846
-1 0 -0.171846
-2 0 -0.170932
-2 0 -0.168190
-2 0 -0.164534
-2 0 -0.160420
-2 0 -0.157221
-2 0 -0.153108
-2 0 -0.148080
-2 0 -0.142139
-2 0 -0.135283
-2 0 -0.134826
-2 0 -0.133912
-3 0 -0.132541
-3 0 -0.129342
-3 0 -0.125686
-3 0 -0.123400
-3 0 -0.120658
-3 0 -0.117002
-3 0 -0.112431
-3 0 -0.106947
-3 0 -0.107861
-3 0 -0.108318
-4 0 -0.108318
-4 0 -0.106947
-4 0 -0.105119
-4 0 -0.103291
-4 0 -0.101920
-4 0 -0.099634
-4 0 -0.096435
-4 0 -0.092322
-4 0 -0.087294
-4 0 -0.081353
-4 0 -0.074497
-5 0 -0.067185
-5 0 -0.057587
-5 0 -0.047075
-5 0 -0.037020
-5 0 -0.026051
-5 0 -0.013711
-5 0 0.000000
-5 0 0.015082
-5 0 0.024223
-5 0 0.034278
-6 0 0.045247
-6 0 0.058044
-5 0 0.071755
-4 0 0.084552
-3 0 0.096435
-2 0 0.107861
-1 0 0.118830
0 0 0.129342
0 0 0.132084
1 0 0.135283
2 0 0.137569
2 0 0.138940
3 0 0.140768
4 0 0.141682
5 0 0.141225
6 0 0.139854
7 0 0.137569
8 0 0.134369
9 0 0.130256
10 0 0.117916
11 0 0.104205
11 0 0.089122
12 0 0.074040
13 0 0.000000
14 0 0.000000
15 0 0.000000
R0 0.000000

HEART_RATE: 0 bpm
Correlation: 0.000000
Temperature: 0.000000
SpO2: skipped (weak correlation)

--- DEBUG SIGNAL DATA ---
0 0 0.000000
0 0 0.000000
0 0 0.000000
0 0 0.000000
0 0 0.000000
0 0 0.000000
0 0 0.000000
0 0 0.000000
0 0 0.000000
0 0 0.000000
0 0 0.000000
0 0 0.000000
0 0 0.000000
0 0 0.000000
0 0 0.000000
0 0 0.000000
0 0 0.000000
0 0 0.000000
0 0 0.000000
0 0 0.000000
0 0 0.000000
0 0 0.000000
0 0 0.000000
0 0 0.000000
0 0 0.000000
0 0 0.000000
0 0 0.000000
0 0 0.000000
0 0 0.000000
0 0 0.000000
0 0 0.000000
0 0 0.000000
0 0 0.000000
0 0 0.000000
0 0 0.000000
0 0 0.000000
0 0 0.000000
0 0 0.000000
0 0 0.000000
0 0 0.000000
0 0 0.000000
0 0 0.000000
0 0 0.000000
0 0 0.000000
0 0 0.000000
0 0 0.000000
0 0 0.000000
0 0 0.000000
0 0 0.000000
0 0 0.000000
0 0 0.000000
0 0 0.000000
0 0 0.000000
0 0 0.000000
0 0 0.000000
0 0 0.000000
0 0 0.000000
0 0 0.000000
0 0 0.000000
0 0 0.000000
0 0 0.000000
0 0 0.000000
0 0 0.000000
0 0 0.000000
0 0 0.000000
0 0 0.000000
0 0 0.000000
0 0 0.000000
0 0 0.000000
0 0 0.000000
0 0 0.000000
0 0 0.000000
0 0 0.000000
0 0 0.000000
0 0 0.000000
0 0 0.000000
0 0 0.000000
0 0 0.000000
0 0 0.000000
0 0 0.000000
0 0 0.000000
0 0 0.000000
0 0 0.000000
0 0 0.000000
0 0 0.000000
0 0 0.000000
0 0 0.000000
0 0 0.000000
0 0 0.000000
0 0 0.000000
0 0 0.000000
0 0 0.000000
0 0 0.000000
0 0 0.000000
0 0 0.000000
0 0 0.000000
0 0 0.000000
0 0 0.000000
0 0 0.000000
0 0 0.000000
0 0 0.000000
0 0 0.000000
0 0 0.000000
0 0 0.000000
0 0 0.000000
0 0 0.000000
0 0 0.000000
0 0 0.000000
0 0 0.000000
0 0 0.000000
0 0 0.000000
0 0 0.000000
0 0 0.000000
0 0 0.000000
0 0 0.000000
0 0 0.000000
0 0 0.000000
0 0 0.000000
0 0 0.000000
0 0 0.000000
0 0 0.000000
0 0 0.000000
0 0 0.000000
0 0 0.000000
0 0 0.000000
0 0 0.000000
0 0 0.000000
0 0 0.000000
R0 0.000000

HEART_RATE: 0 bpm
Correlation: 0.000000
Temperature: 0.000000
SpO2: skipped (weak correlation)

--- DEBUG SIGNAL DATA ---
0 0 0.000000
0 0 0.000000
0 0 0.000000
0 0 0.000000
0 0 0.000000
0 0 0.000000
0 0 0.000000
0 0 0.000000
0 0 0.000000
0 0 0.000000
0 0 0.000000
0 0 0.000000
0 0 0.000000
0 0 0.000000
0 0 0.000000
0 0 0.000000
0 0 0.000000
0 0 0.000000
0 0 0.000000
0 0 0.000000
0 0 0.000000
0 0 0.000000
0 0 0.000000
0 0 0.000000
0 0 0.000000
0 0 0.000000
0 0 0.000000
0 0 0.000000
0 0 0.000000
0 0 0.000000
0 0 0.000000
0 0 0.000000
0 0 0.000000
0 0 0.000000
0 0 0.000000
0 0 0.000000
0 0 0.000000
0 0 0.000000
0 0 0.000000
0 0 0.000000
0 0 0.000000
0 0 0.000000
0 0 0.000000
0 0 0.000000
0 0 0.000000
0 0 0.000000
0 0 0.000000
0 0 0.000000
0 0 0.000000
0 0 0.000000
0 0 0.000000
0 0 0.000000
0 0 0.000000
0 0 0.000000
0 0 0.000000
0 0 0.000000
0 0 0.000000
0 0 0.000000
0 0 0.000000
0 0 0.000000
0 0 0.000000
0 0 0.000000
0 0 0.000000
0 0 0.000000
0 0 0.000000
0 0 0.000000
0 0 0.000000
0 0 0.000000
0 0 0.000000
0 0 0.000000
0 0 0.000000
0 0 0.000000
0 0 0.000000
0 0 0.000000
0 0 0.000000
0 0 0.000000
0 0 0.000000
0 0 0.000000
0 0 0.000000
0 0 0.000000
0 0 0.000000
0 0 0.000000
0 0 0.000000
0 0 0.000000
0 0 0.000000
0 0 0.000000
0 0 0.000000
0 0 0.000000
0 0 0.000000
0 0 0.000000
0 0 0.000000
0 0 0.000000
0 0 0.000000
0 0 0.000000
0 0 0.000000
0 0 0.000000
0 0 0.000000
0 0 0.000000
0 0 0.000000
0 0 0.000000
0 0 0.000000
0 0 0.000000
0 0 0.000000
0 0 0.000000
0 0 0.000000
0 0 0.000000
0 0 0.000000
0 0 0.000000
0 0 0.000000
0 0 0.000000
0 0 0.000000
0 0 0.000000
0 0 0.000000
0 0 0.000000
0 0 0.000000
0 0 0.000000
0 0 0.000000
0 0 0.000000
0 0 0.000000
0 0 0.000000
0 0 0.000000
0 0 0.000000
0 0 0.000000
0 0 0.000000
0 0 0.000000
0 0 0.000000
0 0 0.000000
0 0 0.000000
R0 817271.343750

HEART_RATE: 150 bpm
Correlation: 0.000000
Temperature: 0.000000
SpO2: skipped (weak correlation)

--- DEBUG SIGNAL DATA ---
-1415 0 0.000000
-1372 0 0.000000
-1329 0 0.000000
-1286 0 0.000000
-1243 0 0.000000
-1200 0 0.000000
-1156 0 0.000000
-1113 0 0.000000
-1070 0 0.000000
-1027 0 0.000000
-984 0 0.700004
-941 0 0.664616
-898 0 0.628512
-854 0 0.591781
-811 0 0.554507
-768 0 0.516748
-725 0 0.478573
-682 0 0.440055
-639 0 0.401262
-596 0 0.362249
-552 0 0.323103
-509 0 0.283908
-466 0 0.244722
-423 0 0.205615
-380 0 0.166659
-337 0 0.127924
-294 0 0.089480
-251 0 0.051381
-207 0 0.013714
-164 0 -0.023436
-121 0 -0.060013
-78 0 -0.095947
-35 0 -0.131182
7 0 -0.165633
50 0 -0.199260
94 0 -0.231962
137 0 -0.263655
180 0 -0.294281
223 0 -0.323771
266 0 -0.352053
309 0 -0.379058
352 0 -0.404714
395 0 -0.428968
439 0 -0.451732
482 0 -0.472923
525 0 -0.492483
568 0 -0.510340
611 0 -0.526426
654 0 -0.540668
697 0 -0.553014
741 0 -0.563376
784 0 -0.571671
827 0 -0.577839
870 0 -0.581811
913 0 -0.583516
956 0 -0.582883
999 0 -0.579859
1042 0 -0.574357
1086 0 -0.566305
1129 0 -0.555620
1172 0 -0.543886
1215 0 -0.531085
1258 0 -0.517199
1301 0 -0.502212
1344 0 -0.486122
1388 0 -0.468893
1431 0 -0.450495
1474 0 -0.430924
1517 0 -0.410161
1560 0 -0.388190
1504 0 -0.364992
1448 0 -0.341946
1392 0 -0.319059
1337 0 -0.296354
1281 0 -0.273840
1225 0 -0.251554
1169 0 -0.229519
1113 0 -0.207757
1057 0 -0.186293
1001 0 -0.165164
946 0 -0.144379
890 0 -0.123947
834 0 -0.103903
778 0 -0.084272
722 0 -0.065075
666 0 -0.046336
610 0 -0.028096
555 0 -0.010359
499 0 0.006863
443 0 0.023536
387 0 0.039635
331 0 0.055138
275 0 0.070022
219 0 0.084263
163 0 0.097822
108 0 0.110693
52 0 0.122882
-3 0 0.134337
-59 0 0.145049
-115 0 0.154982
-171 0 0.164112
-227 0 0.172400
-282 0 0.179838
-338 0 0.186418
-394 0 0.192104
-450 0 0.196872
-506 0 0.200698
-562 0 0.203561
-618 0 0.205437
-674 0 0.206287
-729 0 0.206103
-785 0 0.204877
-841 0 0.202571
-897 0 0.199164
-953 0 0.194631
-1009 0 0.188950
-1065 0 0.182082
-1120 0 0.174018
-1176 0 0.164751
-1232 0 0.154244
-1288 0 0.142473
-1344 0 0.129416
-1400 0 0.115050
-1456 0 0.099334
-1512 0 0.082263
-1567 0 0.000000
-1623 0 0.000000
-1679 0 0.000000
R0 0.000000

HEART_RATE: 0 bpm
Correlation: 0.000000
Temperature: 0.000000
SpO2: skipped (weak correlation)

--- DEBUG SIGNAL DATA ---
0 0 0.000000
0 0 0.000000
0 0 0.000000
0 0 0.000000
0 0 0.000000
0 0 0.000000
0 0 0.000000
0 0 0.000000
0 0 0.000000
0 0 0.000000
0 0 0.000000
0 0 0.000000
0 0 0.000000
0 0 0.000000
0 0 0.000000
0 0 0.000000
0 0 0.000000
0 0 0.000000
0 0 0.000000
0 0 0.000000
0 0 0.000000
0 0 0.000000
0 0 0.000000
0 0 0.000000
0 0 0.000000
0 0 0.000000
0 0 0.000000
0 0 0.000000
0 0 0.000000
0 0 0.000000
0 0 0.000000
0 0 0.000000
0 0 0.000000
0 0 0.000000
0 0 0.000000
0 0 0.000000
0 0 0.000000
0 0 0.000000
0 0 0.000000
0 0 0.000000
0 0 0.000000
0 0 0.000000
0 0 0.000000
0 0 0.000000
0 0 0.000000
0 0 0.000000
0 0 0.000000
0 0 0.000000
0 0 0.000000
0 0 0.000000
0 0 0.000000
0 0 0.000000
0 0 0.000000
0 0 0.000000
0 0 0.000000
0 0 0.000000
0 0 0.000000
0 0 0.000000
0 0 0.000000
0 0 0.000000
0 0 0.000000
0 0 0.000000
0 0 0.000000
0 0 0.000000
0 0 0.000000
0 0 0.000000
0 0 0.000000
0 0 0.000000
0 0 0.000000
0 0 0.000000
0 0 0.000000
0 0 0.000000
0 0 0.000000
0 0 0.000000
0 0 0.000000
0 0 0.000000
0 0 0.000000
0 0 0.000000
0 0 0.000000
0 0 0.000000
0 0 0.000000
0 0 0.000000
0 0 0.000000
0 0 0.000000
0 0 0.000000
0 0 0.000000
0 0 0.000000
0 0 0.000000
0 0 0.000000
0 0 0.000000
0 0 0.000000
0 0 0.000000
0 0 0.000000
0 0 0.000000
0 0 0.000000
0 0 0.000000
0 0 0.000000
0 0 0.000000
0 0 0.000000
0 0 0.000000
0 0 0.000000
0 0 0.000000
0 0 0.000000
0 0 0.000000
0 0 0.000000
0 0 0.000000
0 0 0.000000
0 0 0.000000
0 0 0.000000
0 0 0.000000
0 0 0.000000
0 0 0.000000
0 0 0.000000
0 0 0.000000
0 0 0.000000
0 0 0.000000
0 0 0.000000
0 0 0.000000
0 0 0.000000
0 0 0.000000
0 0 0.000000
0 0 0.000000
0 0 0.000000
0 0 0.000000
0 0 0.000000
0 0 0.000000
0 0 0.000000
0 0 0.000000
R0 0.000000

HEART_RATE: 0 bpm
Correlation: 0.000000
Temperature: 0.000000
SpO2: skipped (weak correlation)

--- DEBUG SIGNAL DATA ---
0 0 0.000000
0 0 0.000000
0 0 0.000000
0 0 0.000000
0 0 0.000000
0 0 0.000000
0 0 0.000000
0 0 0.000000
0 0 0.000000
0 0 0.000000
0 0 0.000000
0 0 0.000000
0 0 0.000000
0 0 0.000000
0 0 0.000000
0 0 0.000000
0 0 0.000000
0 0 0.000000
0 0 0.000000
0 0 0.000000
0 0 0.000000
0 0 0.000000
0 0 0.000000
0 0 0.000000
0 0 0.000000
0 0 0.000000
0 0 0.000000
0 0 0.000000
0 0 0.000000
0 0 0.000000
0 0 0.000000
0 0 0.000000
0 0 0.000000
0 0 0.000000
0 0 0.000000
0 0 0.000000
0 0 0.000000
0 0 0.000000
0 0 0.000000
0 0 0.000000
0 0 0.000000
0 0 0.000000
0 0 0.000000
0 0 0.000000
0 0 0.000000
0 0 0.000000
0 0 0.000000
0 0 0.000000
0 0 0.000000
0 0 0.000000
0 0 0.000000
0 0 0.000000
0 0 0.000000
0 0 0.000000
0 0 0.000000
0 0 0.000000
0 0 0.000000
0 0 0.000000
0 0 0.000000
0 0 0.000000
0 0 0.000000
0 0 0.000000
0 0 0.000000
0 0 0.000000
0 0 0.000000
0 0 0.000000
0 0 0.000000
0 0 0.000000
0 0 0.000000
0 0 0.000000
0 0 0.000000
0 0 0.000000
0 0 0.000000
0 0 0.000000
0 0 0.000000
0 0 0.000000
0 0 0.000000
0 0 0.000000
0 0 0.000000
0 0 0.000000
0 0 0.000000
0 0 0.000000
0 0 0.000000
0 0 0.000000
0 0 0.000000
0 0 0.000000
0 0 0.000000
0 0 0.000000
0 0 0.000000
0 0 0.000000
0 0 0.000000
0 0 0.000000
0 0 0.000000
0 0 0.000000
0 0 0.000000
0 0 0.000000
0 0 0.000000
0 0 0.000000
0 0 0.000000
0 0 0.000000
0 0 0.000000
0 0 0.000000
0 0 0.000000
0 0 0.000000
0 0 0.000000
0 0 0.000000
0 0 0.000000
0 0 0.000000
0 0 0.000000
0 0 0.000000
0 0 0.000000
0 0 0.000000
0 0 0.000000
0 0 0.000000
0 0 0.000000
0 0 0.000000
0 0 0.000000
0 0 0.000000
0 0 0.000000
0 0 0.000000
0 0 0.000000
0 0 0.000000
0 0 0.000000
0 0 0.000000
0 0 0.000000
0 0 0.000000
0 0 0.000000
0 0 0.000000
R0 0.000000

HEART_RATE: 0 bpm
Correlation: 0.000000
Temperature: 0.000000
SpO2: skipped (weak correlation)

--- DEBUG SIGNAL DATA ---
0 0 0.000000
0 0 0.000000
0 0 0.000000
0 0 0.000000
0 0 0.000000
0 0 0.000000
0 0 0.000000
0 0 0.000000
0 0 0.000000
0 0 0.000000
0 0 0.000000
0 0 0.000000
0 0 0.000000
0 0 0.000000
0 0 0.000000
0 0 0.000000
0 0 0.000000
0 0 0.000000
0 0 0.000000
0 0 0.000000
0 0 0.000000
0 0 0.000000
0 0 0.000000
0 0 0.000000
0 0 0.000000
0 0 0.000000
0 0 0.000000
0 0 0.000000
0 0 0.000000
0 0 0.000000
0 0 0.000000
0 0 0.000000
0 0 0.000000
0 0 0.000000
0 0 0.000000
0 0 0.000000
0 0 0.000000
0 0 0.000000
0 0 0.000000
0 0 0.000000
0 0 0.000000
0 0 0.000000
0 0 0.000000
0 0 0.000000
0 0 0.000000
0 0 0.000000
0 0 0.000000
0 0 0.000000
0 0 0.000000
0 0 0.000000
0 0 0.000000
0 0 0.000000
0 0 0.000000
0 0 0.000000
0 0 0.000000
0 0 0.000000
0 0 0.000000
0 0 0.000000
0 0 0.000000
0 0 0.000000
0 0 0.000000
0 0 0.000000
0 0 0.000000
0 0 0.000000
0 0 0.000000
0 0 0.000000
0 0 0.000000
0 0 0.000000
0 0 0.000000
0 0 0.000000
0 0 0.000000
0 0 0.000000
0 0 0.000000
0 0 0.000000
0 0 0.000000
0 0 0.000000
0 0 0.000000
0 0 0.000000
0 0 0.000000
0 0 0.000000
0 0 0.000000
0 0 0.000000
0 0 0.000000
0 0 0.000000
0 0 0.000000
0 0 0.000000
0 0 0.000000
0 0 0.000000
0 0 0.000000
0 0 0.000000
0 0 0.000000
0 0 0.000000
0 0 0.000000
0 0 0.000000
0 0 0.000000
0 0 0.000000
0 0 0.000000
0 0 0.000000
0 0 0.000000
0 0 0.000000
0 0 0.000000
0 0 0.000000
0 0 0.000000
0 0 0.000000
0 0 0.000000
0 0 0.000000
0 0 0.000000
0 0 0.000000
0 0 0.000000
0 0 0.000000
0 0 0.000000
0 0 0.000000
0 0 0.000000
0 0 0.000000
0 0 0.000000
0 0 0.000000
0 0 0.000000
0 0 0.000000
0 0 0.000000
0 0 0.000000
0 0 0.000000
0 0 0.000000
0 0 0.000000
0 0 0.000000
0 0 0.000000
0 0 0.000000
0 0 0.000000
0 0 0.000000
R0 0.000000

HEART_RATE: 0 bpm
Correlation: 0.000000
Temperature: 0.000000
SpO2: skipped (weak correlation)

--- DEBUG SIGNAL DATA ---
0 0 0.000000
0 0 0.000000
0 0 0.000000
0 0 0.000000
0 0 0.000000
0 0 0.000000
0 0 0.000000
0 0 0.000000
0 0 0.000000
0 0 0.000000
0 0 0.000000
0 0 0.000000
0 0 0.000000
0 0 0.000000
0 0 0.000000
0 0 0.000000
0 0 0.000000
0 0 0.000000
0 0 0.000000
0 0 0.000000
0 0 0.000000
0 0 0.000000
0 0 0.000000
0 0 0.000000
0 0 0.000000
0 0 0.000000
0 0 0.000000
0 0 0.000000
0 0 0.000000
0 0 0.000000
0 0 0.000000
0 0 0.000000
0 0 0.000000
0 0 0.000000
0 0 0.000000
0 0 0.000000
0 0 0.000000
0 0 0.000000
0 0 0.000000
0 0 0.000000
0 0 0.000000
0 0 0.000000
0 0 0.000000
0 0 0.000000
0 0 0.000000
0 0 0.000000
0 0 0.000000
0 0 0.000000
0 0 0.000000
0 0 0.000000
0 0 0.000000
0 0 0.000000
0 0 0.000000
0 0 0.000000
0 0 0.000000
0 0 0.000000
0 0 0.000000
0 0 0.000000
0 0 0.000000
0 0 0.000000
0 0 0.000000
0 0 0.000000
0 0 0.000000
0 0 0.000000
0 0 0.000000
0 0 0.000000
0 0 0.000000
0 0 0.000000
0 0 0.000000
0 0 0.000000
0 0 0.000000
0 0 0.000000
0 0 0.000000
0 0 0.000000
0 0 0.000000
0 0 0.000000
0 0 0.000000
0 0 0.000000
0 0 0.000000
0 0 0.000000
0 0 0.000000
0 0 0.000000
0 0 0.000000
0 0 0.000000
0 0 0.000000
0 0 0.000000
0 0 0.000000
0 0 0.000000
0 0 0.000000
0 0 0.000000
0 0 0.000000
0 0 0.000000
0 0 0.000000
0 0 0.000000
0 0 0.000000
0 0 0.000000
0 0 0.000000
0 0 0.000000
0 0 0.000000
0 0 0.000000
0 0 0.000000
0 0 0.000000
0 0 0.000000
0 0 0.000000
0 0 0.000000
0 0 0.000000
0 0 0.000000
0 0 0.000000
0 0 0.000000
0 0 0.000000
0 0 0.000000
0 0 0.000000
0 0 0.000000
0 0 0.000000
0 0 0.000000
0 0 0.000000
0 0 0.000000
0 0 0.000000
0 0 0.000000
0 0 0.000000
0 0 0.000000
0 0 0.000000
0 0 0.000000
0 0 0.000000
0 0 0.000000
0 0 0.000000
0 0 0.000000
0 0 0.000000
R0 0.000000

HEART_RATE: 0 bpm
Correlation: 0.000000
Temperature: 0.000000
SpO2: skipped (weak correlation)

--- DEBUG SIGNAL DATA ---
0 0 0.000000
0 0 0.000000
0 0 0.000000
0 0 0.000000
0 0 0.000000
0 0 0.000000
0 0 0.000000
0 0 0.000000
0 0 0.000000
0 0 0.000000
0 0 0.000000
0 0 0.000000
0 0 0.000000
0 0 0.000000
0 0 0.000000
0 0 0.000000
0 0 0.000000
0 0 0.000000
0 0 0.000000
0 0 0.000000
0 0 0.000000
0 0 0.000000
0 0 0.000000
0 0 0.000000
0 0 0.000000
0 0 0.000000
0 0 0.000000
0 0 0.000000
0 0 0.000000
0 0 0.000000
0 0 0.000000
0 0 0.000000
0 0 0.000000
0 0 0.000000
0 0 0.000000
0 0 0.000000
0 0 0.000000
0 0 0.000000
0 0 0.000000
0 0 0.000000
0 0 0.000000
0 0 0.000000
0 0 0.000000
0 0 0.000000
0 0 0.000000
0 0 0.000000
0 0 0.000000
0 0 0.000000
0 0 0.000000
0 0 0.000000
0 0 0.000000
0 0 0.000000
0 0 0.000000
0 0 0.000000
0 0 0.000000
0 0 0.000000
0 0 0.000000
0 0 0.000000
0 0 0.000000
0 0 0.000000
0 0 0.000000
0 0 0.000000
0 0 0.000000
0 0 0.000000
0 0 0.000000
0 0 0.000000
0 0 0.000000
0 0 0.000000
0 0 0.000000
0 0 0.000000
0 0 0.000000
0 0 0.000000
0 0 0.000000
0 0 0.000000
0 0 0.000000
0 0 0.000000
0 0 0.000000
0 0 0.000000
0 0 0.000000
0 0 0.000000
0 0 0.000000
0 0 0.000000
0 0 0.000000
0 0 0.000000
0 0 0.000000
0 0 0.000000
0 0 0.000000
0 0 0.000000
0 0 0.000000
0 0 0.000000
0 0 0.000000
0 0 0.000000
0 0 0.000000
0 0 0.000000
0 0 0.000000
0 0 0.000000
0 0 0.000000
0 0 0.000000
0 0 0.000000
0 0 0.000000
0 0 0.000000
0 0 0.000000
0 0 0.000000
0 0 0.000000
0 0 0.000000
0 0 0.000000
0 0 0.000000
0 0 0.000000
0 0 0.000000
0 0 0.000000
0 0 0.000000
0 0 0.000000
0 0 0.000000
0 0 0.000000
0 0 0.000000
0 0 0.000000
0 0 0.000000
0 0 0.000000
0 0 0.000000
0 0 0.000000
0 0 0.000000
0 0 0.000000
0 0 0.000000
0 0 0.000000
0 0 0.000000
0 0 0.000000
0 0 0.000000
0 0 0.000000
R0 1863036003046.593750

HEART_RATE: 0 bpm
Correlation: -1.000000
Temperature: 0.000000
SpO2: skipped (weak correlation)

--- DEBUG SIGNAL DATA ---
823829 -2474560 0.000000
803316 -2412946 0.000000
782804 -2351332 0.000000
762292 -2289718 0.000000
741779 -2228104 0.000000
721267 -2166491 0.000000
700754 -2104877 0.000000
680242 -2043263 0.000000
659729 -1981649 0.000000
639217 -1920035 0.000000
618704 -1858421 0.059635
598192 -1796807 -0.031698
577679 -1735194 -0.034499
557167 -1673580 -0.037278
536654 -1611966 -0.040034
516142 -1550352 -0.042766
495630 -1488738 -0.045471
475117 -1427124 -0.048148
454605 -1365510 -0.050795
434092 -1303896 -0.053410
413580 -1242283 -0.055992
393067 -1180669 -0.058538
372555 -1119055 -0.061047
352042 -1057441 -0.063518
331530 -995827 -0.065948
311017 -934213 -0.068336
290505 -872599 -0.070679
269993 -810985 -0.072977
249480 -749372 -0.075227
228968 -687758 -0.077427
208455 -626144 -0.079576
187943 -564530 -0.081673
167430 -502916 -0.083715
146918 -441302 -0.085700
126405 -379688 -0.087627
105893 -318075 -0.089494
85380 -256461 -0.091299
64868 -194847 -0.093041
44355 -133233 -0.094718
23843 -71619 -0.096327
3331 -10005 -0.097868
-17181 51608 -0.099338
-37693 113222 -0.100736
-58206 174835 -0.102059
-78718 236449 -0.103307
-99231 298063 -0.104477
-119743 359677 -0.105568
-140256 421291 -0.106578
-160768 482905 -0.107504
-181281 544519 -0.108346
-201793 606133 -0.109102
-222305 667746 -0.109769
-242818 729360 -0.110346
-263330 790974 -0.110832
-283843 852588 -0.111224
-304355 914202 -0.111520
-324868 975816 -0.111720
-345380 1037430 -0.111821
-365893 1099043 -0.111821
-386405 1160657 -0.111719
-406918 1222271 -0.111513
-427430 1283885 -0.111201
-447942 1345499 -0.110782
-468455 1407113 -0.110253
-488967 1468727 -0.109612
-509480 1530341 -0.108859
-529992 1591954 -0.107991
-550505 1653568 -0.107007
-571017 1715182 -0.105905
-591530 1776796 -0.104682
-612042 1838410 -0.103338
-632555 1900024 -0.101871
-653067 1961638 -0.100278
-673580 2023252 -0.098558
-694092 2084865 -0.096709
-714604 2146479 -0.094729
-735117 2208093 -0.092618
-755629 2269707 -0.090372
-776142 2331321 -0.087990
-796654 2392935 -0.085471
-817167 2454549 -0.082812
-837679 2516162 -0.080012
-858192 2577776 -0.077070
-878704 2639390 -0.073982
-899217 2701004 -0.070748
-919729 2762618 -0.067366
-940241 2824232 -0.063834
-960754 2885846 -0.060151
-981266 2947460 -0.056313
-1001779 3009073 -0.052321
-1022291 3070687 -0.048171
-1042804 3132301 -0.043863
-1063316 3193915 -0.039394
-1083829 3255529 -0.034762
-1104341 3317143 -0.029967
-1124854 3378757 -0.025006
-1145366 3440371 -0.019877
-1165878 3501984 -0.014579
-1186391 3563598 -0.009109
-1206903 3625212 -0.003467
-1227416 3686826 0.002350
-1247928 3748440 0.008344
-1268441 3810054 0.014515
-1288953 3871668 0.020867
-1309466 3933281 0.027400
-1329978 3994895 0.034117
-1350491 4056509 0.041019
-1371003 4118123 0.048108
-1391516 4179737 0.055386
-1412028 4241351 0.062855
-1432540 4302965 0.070516
-1453053 4364579 0.078371
-1473565 4426192 0.086421
-1494078 4487806 0.094670
-1514590 4549420 0.103117
-1535103 4611034 0.111766
-1555615 4672648 0.120618
3994334 -11997900 0.129675
3973822 -11936286 0.119214
3953309 -11874672 0.108483
3932797 -11813059 0.097483
3912285 -11751445 0.086215
3891772 -11689831 0.074681
3871260 -11628217 0.062884
3850747 -11566603 0.050824
3830235 -11504989 0.000000
3809722 -11443375 0.000000
3789210 -11381762 0.000000
R0 0.000000

HEART_RATE: 0 bpm
Correlation: 0.000000
Temperature: 0.000000
SpO2: skipped (weak correlation)

--- DEBUG SIGNAL DATA ---
0 0 0.000000
0 0 0.000000
0 0 0.000000
0 0 0.000000
0 0 0.000000
0 0 0.000000
0 0 0.000000
0 0 0.000000
0 0 0.000000
0 0 0.000000
0 0 0.000000
0 0 0.000000
0 0 0.000000
0 0 0.000000
0 0 0.000000
0 0 0.000000
0 0 0.000000
0 0 0.000000
0 0 0.000000
0 0 0.000000
0 0 0.000000
0 0 0.000000
0 0 0.000000
0 0 0.000000
0 0 0.000000
0 0 0.000000
0 0 0.000000
0 0 0.000000
0 0 0.000000
0 0 0.000000
0 0 0.000000
0 0 0.000000
0 0 0.000000
0 0 0.000000
0 0 0.000000
0 0 0.000000
0 0 0.000000
0 0 0.000000
0 0 0.000000
0 0 0.000000
0 0 0.000000
0 0 0.000000
0 0 0.000000
0 0 0.000000
0 0 0.000000
0 0 0.000000
0 0 0.000000
0 0 0.000000
0 0 0.000000
0 0 0.000000
0 0 0.000000
0 0 0.000000
0 0 0.000000
0 0 0.000000
0 0 0.000000
0 0 0.000000
0 0 0.000000
0 0 0.000000
0 0 0.000000
0 0 0.000000
0 0 0.000000
0 0 0.000000
0 0 0.000000
0 0 0.000000
0 0 0.000000
0 0 0.000000
0 0 0.000000
0 0 0.000000
0 0 0.000000
0 0 0.000000
0 0 0.000000
0 0 0.000000
0 0 0.000000
0 0 0.000000
0 0 0.000000
0 0 0.000000
0 0 0.000000
0 0 0.000000
0 0 0.000000
0 0 0.000000
0 0 0.000000
0 0 0.000000
0 0 0.000000
0 0 0.000000
0 0 0.000000
0 0 0.000000
0 0 0.000000
0 0 0.000000
0 0 0.000000
0 0 0.000000
0 0 0.000000
0 0 0.000000
0 0 0.000000
0 0 0.000000
0 0 0.000000
0 0 0.000000
0 0 0.000000
0 0 0.000000
0 0 0.000000
0 0 0.000000
0 0 0.000000
0 0 0.000000
0 0 0.000000
0 0 0.000000
0 0 0.000000
0 0 0.000000
0 0 0.000000
0 0 0.000000
0 0 0.000000
0 0 0.000000
0 0 0.000000
0 0 0.000000
0 0 0.000000
0 0 0.000000
0 0 0.000000
0 0 0.000000
0 0 0.000000
0 0 0.000000
0 0 0.000000
0 0 0.000000
0 0 0.000000
0 0 0.000000
0 0 0.000000
0 0 0.000000
0 0 0.000000
0 0 0.000000
0 0 0.000000
0 0 0.000000
R0 30.460938

HEART_RATE: 150 bpm
Correlation: 0.000000
Temperature: 0.000000
SpO2: skipped (weak correlation)

--- DEBUG SIGNAL DATA ---
-5 0 0.000000
-5 0 0.000000
-5 0 0.000000
-5 0 0.000000
-5 0 0.000000
-5 0 0.000000
-4 0 0.000000
-4 0 0.000000
-4 0 0.000000
-4 0 0.000000
-4 0 0.516286
-4 0 0.463965
-3 0 0.412670
-3 0 0.364452
-3 0 0.314953
-3 0 0.267248
-3 0 0.221852
-3 0 0.178764
-3 0 0.133624
-2 0 0.091305
-2 0 0.052834
-2 0 0.015132
-2 0 -0.023339
-2 0 -0.058477
-2 0 -0.089767
-1 0 -0.121570
-1 0 -0.147987
-1 0 -0.172095
-1 0 -0.192357
-1 0 -0.207746
-1 0 -0.218261
-1 0 -0.228007
0 0 -0.232367
0 0 -0.234163
0 0 -0.237753
0 0 -0.240062
0 0 -0.241087
0 0 -0.241087
0 0 -0.244422
0 0 -0.246730
0 0 -0.249295
0 0 -0.252116
0 0 -0.253655
0 0 -0.254168
0 0 -0.258015
1 0 -0.260836
1 0 -0.261093
1 0 -0.262631
1 0 -0.263144
1 0 -0.262375
1 0 -0.260580
1 0 -0.262118
2 0 -0.262631
2 0 -0.261349
2 0 -0.260580
2 0 -0.258528
2 0 -0.255450
2 0 -0.251090
3 0 -0.250064
3 0 -0.246730
3 0 -0.244165
3 0 -0.241087
3 0 -0.236984
3 0 -0.232111
3 0 -0.230828
4 0 -0.228777
4 0 -0.224673
4 0 -0.221339
4 0 -0.216979
4 0 -0.211593
4 0 -0.205181
5 0 -0.202360
5 0 -0.197487
5 0 -0.192613
5 0 -0.187484
5 0 -0.181329
5 0 -0.174404
5 0 -0.171070
6 0 -0.166966
6 0 -0.160554
6 0 -0.154655
6 0 -0.147730
6 0 -0.139779
6 0 -0.131059
6 0 -0.125930
7 0 -0.120031
7 0 -0.112336
7 0 -0.104386
7 0 -0.095409
7 0 -0.085663
7 0 -0.074891
8 0 -0.063093
8 0 -0.048730
8 0 -0.034111
8 0 -0.018466
8 0 -0.001539
8 0 0.016414
7 0 0.031034
7 0 0.045396
6 0 0.060528
5 0 0.074635
4 0 0.088484
3 0 0.101821
2 0 0.114901
2 0 0.123108
1 0 0.132085
0 0 0.140036
0 0 0.147217
-1 0 0.155168
-2 0 0.162606
-3 0 0.164914
-3 0 0.166453
-4 0 0.168505
-5 0 0.169274
-6 0 0.169274
-7 0 0.168505
-8 0 0.166966
-9 0 0.160041
-9 0 0.152090
-10 0 0.144140
-11 0 0.135163
-12 0 0.125160
-13 0 0.114132
-14 0 0.097461
-14 0 0.079508
-15 0 0.000000
-16 0 0.000000
-17 0 0.000000
R0 0.000000

HEART_RATE: 0 bpm
Correlation: 0.000000
Temperature: 0.000000
SpO2: skipped (weak correlation)

--- DEBUG SIGNAL DATA ---
0 0 0.000000
0 0 0.000000
0 0 0.000000
0 0 0.000000
0 0 0.000000
0 0 0.000000
0 0 0.000000
0 0 0.000000
0 0 0.000000
0 0 0.000000
0 0 0.000000
0 0 0.000000
0 0 0.000000
0 0 0.000000
0 0 0.000000
0 0 0.000000
0 0 0.000000
0 0 0.000000
0 0 0.000000
0 0 0.000000
0 0 0.000000
0 0 0.000000
0 0 0.000000
0 0 0.000000
0 0 0.000000
0 0 0.000000
0 0 0.000000
0 0 0.000000
0 0 0.000000
0 0 0.000000
0 0 0.000000
0 0 0.000000
0 0 0.000000
0 0 0.000000
0 0 0.000000
0 0 0.000000
0 0 0.000000
0 0 0.000000
0 0 0.000000
0 0 0.000000
0 0 0.000000
0 0 0.000000
0 0 0.000000
0 0 0.000000
0 0 0.000000
0 0 0.000000
0 0 0.000000
0 0 0.000000
0 0 0.000000
0 0 0.000000
0 0 0.000000
0 0 0.000000
0 0 0.000000
0 0 0.000000
0 0 0.000000
0 0 0.000000
0 0 0.000000
0 0 0.000000
0 0 0.000000
0 0 0.000000
0 0 0.000000
0 0 0.000000
0 0 0.000000
0 0 0.000000
0 0 0.000000
0 0 0.000000
0 0 0.000000
0 0 0.000000
0 0 0.000000
0 0 0.000000
0 0 0.000000
0 0 0.000000
0 0 0.000000
0 0 0.000000
0 0 0.000000
0 0 0.000000
0 0 0.000000
0 0 0.000000
0 0 0.000000
0 0 0.000000
0 0 0.000000
0 0 0.000000
0 0 0.000000
0 0 0.000000
0 0 0.000000
0 0 0.000000
0 0 0.000000
0 0 0.000000
0 0 0.000000
0 0 0.000000
0 0 0.000000
0 0 0.000000
0 0 0.000000
0 0 0.000000
0 0 0.000000
0 0 0.000000
0 0 0.000000
0 0 0.000000
0 0 0.000000
0 0 0.000000
0 0 0.000000
0 0 0.000000
0 0 0.000000
0 0 0.000000
0 0 0.000000
0 0 0.000000
0 0 0.000000
0 0 0.000000
0 0 0.000000
0 0 0.000000
0 0 0.000000
0 0 0.000000
0 0 0.000000
0 0 0.000000
0 0 0.000000
0 0 0.000000
0 0 0.000000
0 0 0.000000
0 0 0.000000
0 0 0.000000
0 0 0.000000
0 0 0.000000
0 0 0.000000
0 0 0.000000
0 0 0.000000
0 0 0.000000
0 0 0.000000
0 0 0.000000
R0 0.000000

HEART_RATE: 0 bpm
Correlation: 0.000000
Temperature: 0.000000
SpO2: skipped (weak correlation)

--- DEBUG SIGNAL DATA ---
0 0 0.000000
0 0 0.000000
0 0 0.000000
0 0 0.000000
0 0 0.000000
0 0 0.000000
0 0 0.000000
0 0 0.000000
0 0 0.000000
0 0 0.000000
0 0 0.000000
0 0 0.000000
0 0 0.000000
0 0 0.000000
0 0 0.000000
0 0 0.000000
0 0 0.000000
0 0 0.000000
0 0 0.000000
0 0 0.000000
0 0 0.000000
0 0 0.000000
0 0 0.000000
0 0 0.000000
0 0 0.000000
0 0 0.000000
0 0 0.000000
0 0 0.000000
0 0 0.000000
0 0 0.000000
0 0 0.000000
0 0 0.000000
0 0 0.000000
0 0 0.000000
0 0 0.000000
0 0 0.000000
0 0 0.000000
0 0 0.000000
0 0 0.000000
0 0 0.000000
0 0 0.000000
0 0 0.000000
0 0 0.000000
0 0 0.000000
0 0 0.000000
0 0 0.000000
0 0 0.000000
0 0 0.000000
0 0 0.000000
0 0 0.000000
0 0 0.000000
0 0 0.000000
0 0 0.000000
0 0 0.000000
0 0 0.000000
0 0 0.000000
0 0 0.000000
0 0 0.000000
0 0 0.000000
0 0 0.000000
0 0 0.000000
0 0 0.000000
0 0 0.000000
0 0 0.000000
0 0 0.000000
0 0 0.000000
0 0 0.000000
0 0 0.000000
0 0 0.000000
0 0 0.000000
0 0 0.000000
0 0 0.000000
0 0 0.000000
0 0 0.000000
0 0 0.000000
0 0 0.000000
0 0 0.000000
0 0 0.000000
0 0 0.000000
0 0 0.000000
0 0 0.000000
0 0 0.000000
0 0 0.000000
0 0 0.000000
0 0 0.000000
0 0 0.000000
0 0 0.000000
0 0 0.000000
0 0 0.000000
0 0 0.000000
0 0 0.000000
0 0 0.000000
0 0 0.000000
0 0 0.000000
0 0 0.000000
0 0 0.000000
0 0 0.000000
0 0 0.000000
0 0 0.000000
0 0 0.000000
0 0 0.000000
0 0 0.000000
0 0 0.000000
0 0 0.000000
0 0 0.000000
0 0 0.000000
0 0 0.000000
0 0 0.000000
0 0 0.000000
0 0 0.000000
0 0 0.000000
0 0 0.000000
0 0 0.000000
0 0 0.000000
0 0 0.000000
0 0 0.000000
0 0 0.000000
0 0 0.000000
0 0 0.000000
0 0 0.000000
0 0 0.000000
0 0 0.000000
0 0 0.000000
0 0 0.000000
0 0 0.000000
0 0 0.000000
0 0 0.000000
0 0 0.000000
R0 800893.875000

HEART_RATE: 150 bpm
Correlation: 0.000000
Temperature: 0.000000
SpO2: skipped (weak correlation)

--- DEBUG SIGNAL DATA ---
-1562 0 0.000000
-1512 0 0.000000
-1462 0 0.000000
-1411 0 0.000000
-1361 0 0.000000
-1311 0 0.000000
-1261 0 0.000000
-1211 0 0.000000
-1160 0 0.000000
-1110 0 0.000000
-1060 0 0.703440
-1010 0 0.668374
-960 0 0.632602
-909 0 0.596190
-859 0 0.559210
-809 0 0.521727
-759 0 0.483811
-709 0 0.445532
-658 0 0.406958
-608 0 0.368160
-558 0 0.329204
-508 0 0.290159
-457 0 0.251095
-407 0 0.212096
-357 0 0.173202
-307 0 0.134495
-257 0 0.096042
-206 0 0.057916
-156 0 0.020184
-106 0 -0.017085
-56 0 -0.053823
-6 0 -0.089961
44 0 -0.125430
94 0 -0.160192
144 0 -0.194148
194 0 -0.227232
244 0 -0.259374
295 0 -0.290505
345 0 -0.320556
395 0 -0.349458
445 0 -0.377143
495 0 -0.403542
546 0 -0.428586
596 0 -0.452205
646 0 -0.474331
696 0 -0.494897
746 0 -0.513831
797 0 -0.531066
847 0 -0.546531
897 0 -0.560160
947 0 -0.571883
997 0 -0.581632
1048 0 -0.589336
1098 0 -0.594926
1148 0 -0.598335
1198 0 -0.599495
1248 0 -0.598335
1299 0 -0.594787
1349 0 -0.588780
1399 0 -0.580249
1449 0 -0.569123
1499 0 -0.555334
1550 0 -0.538812
1503 0 -0.519487
1456 0 -0.498818
1409 0 -0.476783
1363 0 -0.453361
1316 0 -0.429985
1269 0 -0.406678
1222 0 -0.383463
1175 0 -0.360363
1129 0 -0.337401
1082 0 -0.314599
1035 0 -0.291982
988 0 -0.269571
941 0 -0.247389
895 0 -0.225461
848 0 -0.203807
801 0 -0.182451
754 0 -0.161417
707 0 -0.140727
661 0 -0.120405
614 0 -0.100471
567 0 -0.080951
520 0 -0.061867
473 0 -0.043241
427 0 -0.025098
380 0 -0.007458
333 0 0.009654
286 0 0.026216
239 0 0.042204
193 0 0.057596
146 0 0.072369
99 0 0.086500
52 0 0.099966
5 0 0.112743
-40 0 0.124810
-87 0 0.136175
-134 0 0.146783
-181 0 0.156613
-228 0 0.165642
-274 0 0.173845
-321 0 0.181202
-368 0 0.187688
-415 0 0.193281
-461 0 0.197958
-508 0 0.201711
-555 0 0.204488
-602 0 0.206280
-649 0 0.207064
-695 0 0.206817
-742 0 0.205516
-789 0 0.203140
-836 0 0.199663
-883 0 0.195064
-929 0 0.189320
-976 0 0.182408
-1023 0 0.174305
-1070 0 0.164988
-1117 0 0.154433
-1163 0 0.142619
-1210 0 0.129522
-1257 0 0.115119
-1304 0 0.099388
-1351 0 0.082305
-1397 0 0.000000
-1444 0 0.000000
-1491 0 0.000000
R0 0.000000

HEART_RATE: 0 bpm
Correlation: 0.000000
Temperature: 0.000000
SpO2: skipped (weak correlation)

--- DEBUG SIGNAL DATA ---
0 0 0.000000
0 0 0.000000
0 0 0.000000
0 0 0.000000
0 0 0.000000
0 0 0.000000
0 0 0.000000
0 0 0.000000
0 0 0.000000
0 0 0.000000
0 0 0.000000
0 0 0.000000
0 0 0.000000
0 0 0.000000
0 0 0.000000
0 0 0.000000
0 0 0.000000
0 0 0.000000
0 0 0.000000
0 0 0.000000
0 0 0.000000
0 0 0.000000
0 0 0.000000
0 0 0.000000
0 0 0.000000
0 0 0.000000
0 0 0.000000
0 0 0.000000
0 0 0.000000
0 0 0.000000
0 0 0.000000
0 0 0.000000
0 0 0.000000
0 0 0.000000
0 0 0.000000
0 0 0.000000
0 0 0.000000
0 0 0.000000
0 0 0.000000
0 0 0.000000
0 0 0.000000
0 0 0.000000
0 0 0.000000
0 0 0.000000
0 0 0.000000
0 0 0.000000
0 0 0.000000
0 0 0.000000
0 0 0.000000
0 0 0.000000
0 0 0.000000
0 0 0.000000
0 0 0.000000
0 0 0.000000
0 0 0.000000
0 0 0.000000
0 0 0.000000
0 0 0.000000
0 0 0.000000
0 0 0.000000
0 0 0.000000
0 0 0.000000
0 0 0.000000
0 0 0.000000
0 0 0.000000
0 0 0.000000
0 0 0.000000
0 0 0.000000
0 0 0.000000
0 0 0.000000
0 0 0.000000
0 0 0.000000
0 0 0.000000
0 0 0.000000
0 0 0.000000
0 0 0.000000
0 0 0.000000
0 0 0.000000
0 0 0.000000
0 0 0.000000
0 0 0.000000
0 0 0.000000
0 0 0.000000
0 0 0.000000
0 0 0.000000
0 0 0.000000
0 0 0.000000
0 0 0.000000
0 0 0.000000
0 0 0.000000
0 0 0.000000
0 0 0.000000
0 0 0.000000
0 0 0.000000
0 0 0.000000
0 0 0.000000
0 0 0.000000
0 0 0.000000
0 0 0.000000
0 0 0.000000
0 0 0.000000
0 0 0.000000
0 0 0.000000
0 0 0.000000
0 0 0.000000
0 0 0.000000
0 0 0.000000
0 0 0.000000
0 0 0.000000
0 0 0.000000
0 0 0.000000
0 0 0.000000
0 0 0.000000
0 0 0.000000
0 0 0.000000
0 0 0.000000
0 0 0.000000
0 0 0.000000
0 0 0.000000
0 0 0.000000
0 0 0.000000
0 0 0.000000
0 0 0.000000
0 0 0.000000
0 0 0.000000
0 0 0.000000
0 0 0.000000
0 0 0.000000
R0 0.000000

HEART_RATE: 0 bpm
Correlation: 0.000000
Temperature: 0.000000
SpO2: skipped (weak correlation)

--- DEBUG SIGNAL DATA ---
0 0 0.000000
0 0 0.000000
0 0 0.000000
0 0 0.000000
0 0 0.000000
0 0 0.000000
0 0 0.000000
0 0 0.000000
0 0 0.000000
0 0 0.000000
0 0 0.000000
0 0 0.000000
0 0 0.000000
0 0 0.000000
0 0 0.000000
0 0 0.000000
0 0 0.000000
0 0 0.000000
0 0 0.000000
0 0 0.000000
0 0 0.000000
0 0 0.000000
0 0 0.000000
0 0 0.000000
0 0 0.000000
0 0 0.000000
0 0 0.000000
0 0 0.000000
0 0 0.000000
0 0 0.000000
0 0 0.000000
0 0 0.000000
0 0 0.000000
0 0 0.000000
0 0 0.000000
0 0 0.000000
0 0 0.000000
0 0 0.000000
0 0 0.000000
0 0 0.000000
0 0 0.000000
0 0 0.000000
0 0 0.000000
0 0 0.000000
0 0 0.000000
0 0 0.000000
0 0 0.000000
0 0 0.000000
0 0 0.000000
0 0 0.000000
0 0 0.000000
0 0 0.000000
0 0 0.000000
0 0 0.000000
0 0 0.000000
0 0 0.000000
0 0 0.000000
0 0 0.000000
0 0 0.000000
0 0 0.000000
0 0 0.000000
0 0 0.000000
0 0 0.000000
0 0 0.000000
0 0 0.000000
0 0 0.000000
0 0 0.000000
0 0 0.000000
0 0 0.000000
0 0 0.000000
0 0 0.000000
0 0 0.000000
0 0 0.000000
0 0 0.000000
0 0 0.000000
0 0 0.000000
0 0 0.000000
0 0 0.000000
0 0 0.000000
0 0 0.000000
0 0 0.000000
0 0 0.000000
0 0 0.000000
0 0 0.000000
0 0 0.000000
0 0 0.000000
0 0 0.000000
0 0 0.000000
0 0 0.000000
0 0 0.000000
0 0 0.000000
0 0 0.000000
0 0 0.000000
0 0 0.000000
0 0 0.000000
0 0 0.000000
0 0 0.000000
0 0 0.000000
0 0 0.000000
0 0 0.000000
0 0 0.000000
0 0 0.000000
0 0 0.000000
0 0 0.000000
0 0 0.000000
0 0 0.000000
0 0 0.000000
0 0 0.000000
0 0 0.000000
0 0 0.000000
0 0 0.000000
0 0 0.000000
0 0 0.000000
0 0 0.000000
0 0 0.000000
0 0 0.000000
0 0 0.000000
0 0 0.000000
0 0 0.000000
0 0 0.000000
0 0 0.000000
0 0 0.000000
0 0 0.000000
0 0 0.000000
0 0 0.000000
0 0 0.000000
0 0 0.000000
0 0 0.000000
R0 212590.382812

HEART_RATE: 150 bpm
Correlation: 0.000000
Temperature: 0.000000
SpO2: skipped (weak correlation)

--- DEBUG SIGNAL DATA ---
1558 0 0.000000
1470 0 0.000000
1383 0 0.000000
1295 0 0.000000
1207 0 0.000000
1119 0 0.000000
1031 0 0.000000
943 0 0.000000
855 0 0.000000
767 0 0.000000
680 0 0.437716
592 0 0.381158
504 0 0.325832
416 0 0.272058
328 0 0.220171
240 0 0.170479
152 0 0.123301
64 0 0.078954
-23 0 0.037759
-110 0 -0.000024
-198 0 -0.034077
-286 0 -0.064020
-374 0 -0.089530
-462 0 -0.110274
-550 0 -0.125945
-638 0 -0.136226
-628 0 -0.140795
-618 0 -0.145262
-607 0 -0.149622
-597 0 -0.153931
-587 0 -0.158126
-577 0 -0.162202
-567 0 -0.166142
-557 0 -0.169955
-547 0 -0.173638
-537 0 -0.177188
-526 0 -0.180600
-516 0 -0.183933
-506 0 -0.187124
-496 0 -0.190166
-486 0 -0.193056
-476 0 -0.195790
-466 0 -0.198365
-456 0 -0.200776
-446 0 -0.203021
-435 0 -0.205094
-425 0 -0.207055
-415 0 -0.208836
-405 0 -0.210436
-395 0 -0.211835
-385 0 -0.213044
-375 0 -0.214060
-365 0 -0.214879
-355 0 -0.215497
-344 0 -0.215911
-334 0 -0.216177
-324 0 -0.216231
-314 0 -0.216069
-304 0 -0.215673
-294 0 -0.215053
-284 0 -0.214206
-274 0 -0.213128
-264 0 -0.211816
-253 0 -0.210265
-243 0 -0.208533
-233 0 -0.206559
-223 0 -0.204323
-213 0 -0.201838
-203 0 -0.199099
-193 0 -0.196102
-183 0 -0.192844
-172 0 -0.189322
-162 0 -0.185592
-152 0 -0.181589
-142 0 -0.177309
-132 0 -0.172736
-122 0 -0.167878
-112 0 -0.162732
-102 0 -0.157296
-92 0 -0.151564
-81 0 -0.145534
-71 0 -0.139262
-61 0 -0.132684
-51 0 -0.125796
-41 0 -0.118579
-31 0 -0.111045
-21 0 -0.103189
-11 0 -0.095008
-1 0 -0.086499
9 0 -0.077657
19 0 -0.068479
29 0 -0.058957
39 0 -0.049089
49 0 -0.038855
59 0 -0.028266
69 0 -0.017319
79 0 -0.006010
90 0 0.005665
100 0 0.017649
110 0 0.030007
120 0 0.042741
130 0 0.055872
140 0 0.069387
150 0 0.083291
160 0 0.096135
170 0 0.107889
181 0 0.118518
191 0 0.127931
201 0 0.136152
211 0 0.143149
221 0 0.148904
231 0 0.153386
241 0 0.156548
251 0 0.158356
261 0 0.158780
272 0 0.157787
282 0 0.155283
292 0 0.151294
302 0 0.145788
312 0 0.138746
322 0 0.130122
