ÔøΩrevision: v3.1
[0;32mI (36) boot.ÔøΩets Jul 29 2019 12:21:46[0m

rst:0x1 (POWERON_RESET),boot:0x13 (SPI_FAST_FLASH_BOOT)
configsip: 0, SPIWP:0xee
clk_drv:0x00,q_drv:0x00,d_drv:0x00,cs0_drv:0x00,hd_drv:0x00,wp_drv:0x00
mode:DIO, clock div:2
load:0x3fff0030,len:6596
load:0x40078000,len:18036
load:0x40080400,len:4
ho 8 tail 4 room 4
load:0x40080404,len:4284
entry 0x400806e8
[0;32mI (31) boot: ESP-IDF v5.4-dirty 2nd stage bootloader[0m
[0;32mI (31) boot: compile time Sep 30 2025 22:23:40[0m
[0;32mI (31) boot: Multicore bootloader[0m
[0;32mI (33) boot: chip revision: v3.1[0m
[0;32mI (36) boot.esp32: SPI Speed      : 40MHz[0m
[0;32mI (39) boot.esp32: SPI Mode       : DIO[0m
[0;32mI (43) boot.esp32: SPI Flash Size : 4MB[0m
[0;32mI (47) boot: Enabling RNG early entropy source...[0m
[0;32mI (51) boot: Partition Table:[0m
[0;32mI (54) boot: ## Label            Usage          Type ST Offset   Length[0m
[0;32mI (60) boot:  0 nvs              WiFi data        01 02 00011000 00006000[0m
[0;32mI (66) boot:  1 phy_init         RF data          01 01 00017000 00001000[0m
[0;32mI (73) boot:  2 factory          factory app      00 00 00020000 00177000[0m
[0;32mI (80) boot: End of partition table[0m
[0;32mI (83) esp_image: segment 0: paddr=00020020 vaddr=3f400020 size=0b4a0h ( 46240) map[0m
[0;32mI (106) esp_image: segment 1: paddr=0002b4c8 vaddr=3ff80000 size=0001ch (    28) load[0m
[0;32mI (107) esp_image: segment 2: paddr=0002b4ec vaddr=3ffb0000 size=02414h (  9236) load[0m
[0;32mI (114) esp_image: segment 3: paddr=0002d908 vaddr=40080000 size=02710h ( 10000) load[0m
[0;32mI (122) esp_image: segment 4: paddr=00030020 vaddr=400d0020 size=17718h ( 96024) map[0m
[0;32mI (159) esp_image: segment 5: paddr=00047740 vaddr=40082710 size=0ba1ch ( 47644) load[0m
[0;32mI (187) boot: Loaded app from partition at offset 0x20000[0m
[0;32mI (187) boot: Disabling RNG early entropy source...[0m
[0;32mI (198) cpu_start: Multicore app[0m
[0;32mI (206) cpu_start: Pro cpu start user code[0m
[0;32mI (206) cpu_start: cpu freq: 240000000 Hz[0m
[0;32mI (206) app_init: Application information:[0m
[0;32mI (209) app_init: Project name:     oximetro-hr[0m
[0;32mI (214) app_init: App version:      1[0m
[0;32mI (218) app_init: Compile time:     Sep 30 2025 22:21:56[0m
[0;32mI (224) app_init: ELF file SHA256:  43e420434...[0m
[0;32mI (230) app_init: ESP-IDF:          v5.4-dirty[0m
[0;32mI (235) efuse_init: Min chip rev:     v0.0[0m
[0;32mI (240) efuse_init: Max chip rev:     v3.99 [0m
[0;32mI (245) efuse_init: Chip rev:         v3.1[0m
[0;32mI (250) heap_init: Initializing. RAM available for dynamic allocation:[0m
[0;32mI (257) heap_init: At 3FFAE6E0 len 00001920 (6 KiB): DRAM[0m
[0;32mI (263) heap_init: At 3FFB3EA8 len 0002C158 (176 KiB): DRAM[0m
[0;32mI (269) heap_init: At 3FFE0440 len 00003AE0 (14 KiB): D/IRAM[0m
[0;32mI (275) heap_init: At 3FFE4350 len 0001BCB0 (111 KiB): D/IRAM[0m
[0;32mI (282) heap_init: At 4008E12C len 00011ED4 (71 KiB): IRAM[0m
[0;32mI (289) spi_flash: detected chip: generic[0m
[0;32mI (292) spi_flash: flash io: dio[0m
[0;33mW (296) i2c: This driver is an old driver, please migrate your application code to adapt `driver/i2c_master.h`[0m
[0;32mI (308) main_task: Started on CPU0[0m
[0;32mI (318) main_task: Calling app_main()[0m
[0;32mI (318) main_task: Returned from app_main()[0m
R0 229.304688

HEART_RATE 333
correla√ß√£o nan
Temperature 0.000000

17 0 1.000000
16 0 0.929338
15 0 0.859903
14 0 0.791694
14 0 0.726449
13 0 0.662805
12 0 0.600422
11 0 0.539402
11 0 0.481006
10 0 0.422643
9 0 0.367688
9 0 0.314027
8 0 0.261831
7 0 0.211066
6 0 0.161698
6 0 0.115396
5 0 0.071037
4 0 0.028108
3 0 -0.013287
3 0 -0.052366
2 0 -0.091138
1 0 -0.126367
1 0 -0.160233
0 0 -0.192293
0 0 -0.222786
-1 0 -0.252325
-1 0 -0.278730
-2 0 -0.302920
-3 0 -0.325543
-3 0 -0.346530
-4 0 -0.365677
-5 0 -0.383292
-6 0 -0.397193
-6 0 -0.409628
-7 0 -0.419986
-8 0 -0.428640
-9 0 -0.435590
-9 0 -0.439235
-10 0 -0.440394
-11 0 -0.439815
-11 0 -0.437430
-12 0 -0.433001
-13 0 -0.426800
-14 0 -0.418793
-14 0 -0.411264
-15 0 -0.401349
-16 0 -0.389595
-17 0 -0.375933
-17 0 -0.358795
-18 0 -0.340976
-19 0 -0.319171
-19 0 -0.295458
-20 0 -0.269395
-21 0 -0.241355
-22 0 -0.211339
-22 0 -0.177507
-23 0 -0.140983
-24 0 -0.102450
-25 0 -0.061838
-25 0 -0.017580
-26 0 0.027631
-27 0 0.076999
-27 0 0.101359
-28 0 0.126333
-29 0 0.151375
-30 0 0.178563
-30 0 0.207625
30 0 0.237607
29 0 0.232360
29 0 0.227284
28 0 0.220844
27 0 0.214507
26 0 0.208340
26 0 0.202276
25 0 0.195019
24 0 0.188000
23 0 0.181220
23 0 0.174440
22 0 0.166740
21 0 0.159313
21 0 0.152226
20 0 0.144016
19 0 0.136111
18 0 0.128548
18 0 0.121257
17 0 0.113046
16 0 0.105209
15 0 0.097782
15 0 0.090559
14 0 0.082655
13 0 0.075193
13 0 0.068209
12 0 0.060373
11 0 0.053048
10 0 0.046234
10 0 0.039862
9 0 0.032844
8 0 0.026370
7 0 0.020510
7 0 0.015059
6 0 0.009165
5 0 0.003884
5 0 -0.000784
4 0 -0.005996
3 0 -0.010528
2 0 -0.014821
2 0 -0.018534
1 0 -0.022657
0 0 -0.026064
0 0 -0.028721
0 0 -0.031822
-1 0 -0.034786
-2 0 -0.037000
-2 0 -0.038465
-3 0 -0.040271
-4 0 -0.041293
-5 0 -0.041498
-5 0 -0.040919
-6 0 -0.040544
-7 0 -0.039317
-7 0 -0.037205
-8 0 -0.035297
-9 0 -0.032503
-10 0 -0.028789
-10 0 -0.024122
-11 0 0.000000
-12 0 0.000000
-13 0 0.000000
R0 0.000000

HEART_RATE 333
correla√ß√£o nan
Temperature 0.000000

0 0 nan
0 0 nan
0 0 nan
0 0 nan
0 0 nan
0 0 nan
0 0 nan
0 0 nan
0 0 nan
0 0 nan
0 0 nan
0 0 nan
0 0 nan
0 0 nan
0 0 nan
0 0 nan
0 0 nan
0 0 nan
0 0 nan
0 0 nan
0 0 nan
0 0 nan
0 0 nan
0 0 nan
0 0 nan
0 0 nan
0 0 nan
0 0 nan
0 0 nan
0 0 nan
0 0 nan
0 0 nan
0 0 nan
0 0 nan
0 0 nan
0 0 nan
0 0 nan
0 0 nan
0 0 nan
0 0 nan
0 0 nan
0 0 nan
0 0 nan
0 0 nan
0 0 nan
0 0 nan
0 0 nan
0 0 nan
0 0 nan
0 0 nan
0 0 nan
0 0 nan
0 0 nan
0 0 nan
0 0 nan
0 0 nan
0 0 nan
0 0 nan
0 0 nan
0 0 nan
0 0 nan
0 0 nan
0 0 nan
0 0 nan
0 0 nan
0 0 nan
0 0 nan
0 0 nan
0 0 nan
0 0 nan
0 0 nan
0 0 nan
0 0 nan
0 0 nan
0 0 nan
0 0 nan
0 0 nan
0 0 nan
0 0 nan
0 0 nan
0 0 nan
0 0 nan
0 0 nan
0 0 nan
0 0 nan
0 0 nan
0 0 nan
0 0 nan
0 0 nan
0 0 nan
0 0 nan
0 0 nan
0 0 nan
0 0 nan
0 0 nan
0 0 nan
0 0 nan
0 0 nan
0 0 nan
0 0 nan
0 0 nan
0 0 nan
0 0 nan
0 0 nan
0 0 nan
0 0 nan
0 0 nan
0 0 nan
0 0 nan
0 0 nan
0 0 nan
0 0 nan
0 0 nan
0 0 nan
0 0 nan
0 0 nan
0 0 nan
0 0 nan
0 0 nan
0 0 nan
0 0 nan
0 0 nan
0 0 nan
0 0 nan
0 0 nan
0 0 0.000000
0 0 0.000000
0 0 0.000000
R0 178433954.328125

HEART_RATE 27
correla√ß√£o -1.000000
Temperature 0.000000

-68582 364802 1.000000
-67889 361115 0.914151
-67196 357429 0.989652
-66503 353743 0.877146
-65810 350056 0.952753
-65117 346370 0.840394
-64424 342684 0.916189
-63731 338997 0.804062
-63038 335311 1.068180
-62345 331625 0.768318
-61652 327938 1.032656
-60959 324252 0.733194
-60266 320566 0.998111
-59573 316880 0.699132
-58880 313193 0.776525
-58187 309507 0.478113
-57493 305821 0.744166
-56800 302134 0.446410
-56107 298448 0.713160
-55414 294762 0.604190
-54721 291075 0.683669
-54028 287389 0.575518
-53335 283703 0.655859
-52642 280016 0.548751
-51949 276330 0.630038
3094375 -16459518 0.523779
-50563 268957 0.744680
-49870 265271 0.546889
-49177 261585 0.725765
-48484 257898 0.529131
-47791 254212 0.709204
-47098 250526 0.701859
-46405 246839 0.695165
-45712 243153 0.689145
-45019 239467 0.871867
-44326 235781 0.679206
-43633 232094 0.863379
-42940 228408 0.672210
-42247 224722 0.857918
-41554 221035 0.856376
-40861 217349 0.855654
-40168 213663 0.855772
-39475 209976 1.044803
-38782 206290 0.858617
-38089 202604 1.049434
-37396 198917 1.053127
-36703 195231 1.057767
-36010 191545 1.063373
-35316 187858 1.258017
-34623 184172 1.077575
-33930 180486 1.274263
-33237 176799 1.283952
-32544 173113 1.294714
-31851 169427 1.306569
-31158 165741 1.507589
-30465 162054 1.333782
-29772 158368 1.349043
-29079 154682 1.177433
-28386 150995 1.195071
-27693 147309 1.025878
-27000 143623 1.045976
-26307 139936 0.879286
-25614 136250 0.901928
-24921 132564 0.737824
-24228 128877 0.763095
-23535 125191 0.601661
-22842 121505 0.629644
-22149 117818 0.470966
-21456 114132 0.501745
-20763 110446 0.345905
-20070 106759 0.379565
-19377 103073 0.226648
-18684 99387 0.263273
-17991 95700 0.113362
-17298 92014 0.152899
-16605 88328 0.006079
-15912 84642 0.048886
-15219 80955 -0.094758
-14526 77269 -0.048734
-13833 73583 -0.189257
-13139 69896 -0.139932
-12446 66210 -0.276970
-11753 62524 -0.224255
-11060 58837 -0.357865
-10367 55151 -0.301681
-9674 51465 -0.431780
-8981 47778 -0.372042
-8288 44092 -0.498407
-7595 40406 -0.435031
-6902 36719 -0.557854
-6209 33033 -0.490757
-5516 29347 -0.609816
-4823 25660 -0.538912
-4130 21974 -0.654123
-3437 18288 -0.579329
-2744 14602 -0.690608
-2051 10915 -0.611840
-1358 7229 -0.719103
-665 3543 -0.636276
27 -143 -0.739439
720 -3829 -0.652473
1413 -7515 -0.751454
2106 -11202 -0.660261
2799 -14888 -0.705855
3491 -18574 -0.705797
4184 -22261 -0.703556
4877 -25947 -0.699106
5570 -29633 -0.692427
6263 -33320 -0.683499
6956 -37006 -0.672300
7649 -40692 -0.658808
8342 -44379 -0.643004
9036 -48065 -0.624866
9729 -51751 -0.604368
10422 -55438 -0.581495
11115 -59124 -0.556225
11808 -62810 -0.528536
12501 -66496 -0.498408
13194 -70183 -0.465820
13887 -73869 -0.430750
14580 -77555 -0.393179
15273 -81242 -0.353084
15966 -84928 -0.310444
16659 -88614 -0.265240
17352 -92301 -0.217449
18045 -95987 0.000000
18738 -99673 0.000000
19431 -103360 0.000000
