ï¿½ï¿½revision: v3.1
[0;32mI (36) bootets Jul 29 2019 12:21:46[0m

rst:0x1 (POWERON_RESET),boot:0x13 (SPI_FAST_FLASH_BOOT)
configsip: 0, SPIWP:0xee
clk_drv:0x00,q_drv:0x00,d_drv:0x00,cs0_drv:0x00,hd_drv:0x00,wp_drv:0x00
mode:DIO, clock div:2
load:0x3fff0030,len:6596
load:0x40078000,len:18036
load:0x40080400,len:4
ho 8 tail 4 room 4
load:0x40080404,len:4284
entry 0x400806e8
[0;32mI (31) boot: ESP-IDF v5.4-dirty 2nd stage bootloader[0m
[0;32mI (31) boot: compile time Sep 30 2025 22:23:40[0m
[0;32mI (31) boot: Multicore bootloader[0m
[0;32mI (33) boot: chip revision: v3.1[0m
[0;32mI (36) boot.esp32: SPI Speed      : 40MHz[0m
[0;32mI (39) boot.esp32: SPI Mode       : DIO[0m
[0;32mI (43) boot.esp32: SPI Flash Size : 4MB[0m
[0;32mI (47) boot: Enabling RNG early entropy source...[0m
[0;32mI (51) boot: Partition Table:[0m
[0;32mI (54) boot: ## Label            Usage          Type ST Offset   Length[0m
[0;32mI (60) boot:  0 nvs              WiFi data        01 02 00011000 00006000[0m
[0;32mI (66) boot:  1 phy_init         RF data          01 01 00017000 00001000[0m
[0;32mI (73) boot:  2 factory          factory app      00 00 00020000 00177000[0m
[0;32mI (80) boot: End of partition table[0m
[0;32mI (83) esp_image: segment 0: paddr=00020020 vaddr=3f400020 size=0b4f0h ( 46320) map[0m
[0;32mI (107) esp_image: segment 1: paddr=0002b518 vaddr=3ff80000 size=0001ch (    28) load[0m
[0;32mI (107) esp_image: segment 2: paddr=0002b53c vaddr=3ffb0000 size=02414h (  9236) load[0m
[0;32mI (114) esp_image: segment 3: paddr=0002d958 vaddr=40080000 size=026c0h (  9920) load[0m
[0;32mI (122) esp_image: segment 4: paddr=00030020 vaddr=400d0020 size=1785ch ( 96348) map[0m
[0;32mI (159) esp_image: segment 5: paddr=00047884 vaddr=400826c0 size=0ba6ch ( 47724) load[0m
[0;32mI (187) boot: Loaded app from partition at offset 0x20000[0m
[0;32mI (187) boot: Disabling RNG early entropy source...[0m
[0;32mI (198) cpu_start: Multicore app[0m
[0;32mI (206) cpu_start: Pro cpu start user code[0m
[0;32mI (206) cpu_start: cpu freq: 240000000 Hz[0m
[0;32mI (206) app_init: Application information:[0m
[0;32mI (209) app_init: Project name:     oximetro-hr[0m
[0;32mI (214) app_init: App version:      1[0m
[0;32mI (219) app_init: Compile time:     Sep 30 2025 22:21:56[0m
[0;32mI (225) app_init: ELF file SHA256:  edcd83ea5...[0m
[0;32mI (230) app_init: ESP-IDF:          v5.4-dirty[0m
[0;32mI (235) efuse_init: Min chip rev:     v0.0[0m
[0;32mI (240) efuse_init: Max chip rev:     v3.99 [0m
[0;32mI (245) efuse_init: Chip rev:         v3.1[0m
[0;32mI (250) heap_init: Initializing. RAM available for dynamic allocation:[0m
[0;32mI (257) heap_init: At 3FFAE6E0 len 00001920 (6 KiB): DRAM[0m
[0;32mI (263) heap_init: At 3FFB3EA8 len 0002C158 (176 KiB): DRAM[0m
[0;32mI (269) heap_init: At 3FFE0440 len 00003AE0 (14 KiB): D/IRAM[0m
[0;32mI (275) heap_init: At 3FFE4350 len 0001BCB0 (111 KiB): D/IRAM[0m
[0;32mI (282) heap_init: At 4008E12C len 00011ED4 (71 KiB): IRAM[0m
[0;32mI (289) spi_flash: detected chip: generic[0m
[0;32mI (293) spi_flash: flash io: dio[0m
[0;33mW (297) i2c: This driver is an old driver, please migrate your application code to adapt `driver/i2c_master.h`[0m
[0;32mI (308) main_task: Started on CPU0[0m
[0;32mI (318) main_task: Calling app_main()[0m
[0;32mI (318) main_task: Returned from app_main()[0m

HEART_RATE: 0 bpm
Correlation: 0.000000
Temperature: 0.000000
SpO2: skipped (weak correlation)

--- DEBUG SIGNAL DATA ---
0 0 0.000000
0 0 0.000000
0 0 0.000000
0 0 0.000000
0 0 0.000000
0 0 0.000000
0 0 0.000000
0 0 0.000000
0 0 0.000000
0 0 0.000000
0 0 0.000000
0 0 0.000000
0 0 0.000000
0 0 0.000000
0 0 0.000000
0 0 0.000000
0 0 0.000000
0 0 0.000000
0 0 0.000000
0 0 0.000000
0 0 0.000000
0 0 0.000000
0 0 0.000000
0 0 0.000000
0 0 0.000000
0 0 0.000000
0 0 0.000000
0 0 0.000000
0 0 0.000000
0 0 0.000000
0 0 0.000000
0 0 0.000000
0 0 0.000000
0 0 0.000000
0 0 0.000000
0 0 0.000000
0 0 0.000000
0 0 0.000000
0 0 0.000000
0 0 0.000000
0 0 0.000000
0 0 0.000000
0 0 0.000000
0 0 0.000000
0 0 0.000000
0 0 0.000000
0 0 0.000000
0 0 0.000000
0 0 0.000000
0 0 0.000000
0 0 0.000000
0 0 0.000000
0 0 0.000000
0 0 0.000000
0 0 0.000000
0 0 0.000000
0 0 0.000000
0 0 0.000000
0 0 0.000000
0 0 0.000000
0 0 0.000000
0 0 0.000000
0 0 0.000000
0 0 0.000000
0 0 0.000000
0 0 0.000000
0 0 0.000000
0 0 0.000000
0 0 0.000000
0 0 0.000000
0 0 0.000000
0 0 0.000000
0 0 0.000000
0 0 0.000000
0 0 0.000000
0 0 0.000000
0 0 0.000000
0 0 0.000000
0 0 0.000000
0 0 0.000000
0 0 0.000000
0 0 0.000000
0 0 0.000000
0 0 0.000000
0 0 0.000000
0 0 0.000000
0 0 0.000000
0 0 0.000000
0 0 0.000000
0 0 0.000000
0 0 0.000000
0 0 0.000000
0 0 0.000000
0 0 0.000000
0 0 0.000000
0 0 0.000000
0 0 0.000000
0 0 0.000000
0 0 0.000000
0 0 0.000000
0 0 0.000000
0 0 0.000000
0 0 0.000000
0 0 0.000000
0 0 0.000000
0 0 0.000000
0 0 0.000000
0 0 0.000000
0 0 0.000000
0 0 0.000000
0 0 0.000000
0 0 0.000000
0 0 0.000000
0 0 0.000000
0 0 0.000000
0 0 0.000000
0 0 0.000000
0 0 0.000000
0 0 0.000000
0 0 0.000000
0 0 0.000000
0 0 0.000000
0 0 0.000000
0 0 0.000000
0 0 0.000000
0 0 0.000000
0 0 0.000000
0 0 0.000000
R0 4952.656250

HEART_RATE: 0 bpm
Correlation: 0.000000
Temperature: 0.000000
SpO2: skipped (weak correlation)

--- DEBUG SIGNAL DATA ---
429 0 1.000000
368 0 0.830386
306 0 0.660720
245 0 0.497788
184 0 0.346834
123 0 0.213807
62 0 0.104668
0 0 0.025408
-60 0 -0.017186
-59 0 -0.018644
-58 0 -0.020278
-58 0 -0.022059
-57 0 -0.023259
-56 0 -0.024504
-55 0 -0.025895
-54 0 -0.027454
-54 0 -0.029149
-53 0 -0.030258
-52 0 -0.031503
-51 0 -0.032907
-50 0 -0.034456
-50 0 -0.036137
-49 0 -0.037229
-48 0 -0.038455
-47 0 -0.039841
-47 0 -0.041357
-46 0 -0.042278
-45 0 -0.043327
-44 0 -0.044522
-43 0 -0.045856
-43 0 -0.047315
-42 0 -0.048175
-41 0 -0.049158
-40 0 -0.050295
-40 0 -0.051554
-39 0 -0.052210
-38 0 -0.052986
-37 0 -0.053893
-36 0 -0.054936
-36 0 -0.056095
-35 0 -0.056647
-34 0 -0.057315
-33 0 -0.058121
-33 0 -0.059095
-32 0 -0.059463
-31 0 -0.059846
-30 0 -0.060346
-29 0 -0.060979
-29 0 -0.061722
-28 0 -0.061851
-27 0 -0.062088
-26 0 -0.062449
-25 0 -0.062926
-25 0 -0.063508
-24 0 -0.063471
-23 0 -0.063541
-22 0 -0.063735
-22 0 -0.064031
-21 0 -0.063706
-20 0 -0.063481
-19 0 -0.063367
-18 0 -0.063362
-18 0 -0.063456
-17 0 -0.062922
-16 0 -0.062484
-15 0 -0.062162
-15 0 -0.061935
-14 0 -0.061078
-13 0 -0.060313
-12 0 -0.059648
-11 0 -0.059084
-11 0 -0.058611
-10 0 -0.057504
-9 0 -0.056483
-8 0 -0.055565
-8 0 -0.054735
-7 0 -0.053270
-6 0 -0.051792
-5 0 -0.050399
-4 0 -0.049199
-4 0 -0.048178
-3 0 -0.046613
-2 0 -0.045225
-1 0 -0.044023
0 0 -0.043002
0 0 -0.042157
0 0 -0.040763
1 0 -0.038769
2 0 -0.036863
2 0 -0.035032
3 0 -0.032552
4 0 -0.030145
5 0 -0.027817
6 0 -0.025566
6 0 -0.023384
7 0 -0.020549
8 0 -0.017782
9 0 -0.015094
9 0 -0.012473
10 0 -0.009195
11 0 -0.005982
12 0 -0.002836
13 0 0.000240
13 0 0.003254
14 0 0.006930
15 0 0.010545
16 0 0.014094
16 0 0.017584
17 0 0.021737
18 0 0.025930
19 0 0.030068
20 0 0.034144
20 0 0.038166
21 0 0.042857
22 0 0.047497
23 0 0.052082
24 0 0.056614
24 0 0.061097
25 0 0.066254
26 0 0.071363
27 0 0.076422
27 0 0.078260
28 0 0.077451
29 0 0.073272
30 0 0.065628
31 0 0.000000
31 0 0.000000
32 0 0.000000

HEART_RATE: 0 bpm
Correlation: 0.000000
Temperature: 0.000000
SpO2: skipped (weak correlation)

--- DEBUG SIGNAL DATA ---
0 0 1.000000
0 0 0.830386
0 0 0.660720
0 0 0.497788
0 0 0.346834
0 0 0.213807
0 0 0.104668
0 0 0.025408
0 0 -0.017186
0 0 -0.018644
0 0 -0.020278
0 0 -0.022059
0 0 -0.023259
0 0 -0.024504
0 0 -0.025895
0 0 -0.027454
0 0 -0.029149
0 0 -0.030258
0 0 -0.031503
0 0 -0.032907
0 0 -0.034456
0 0 -0.036137
0 0 -0.037229
0 0 -0.038455
0 0 -0.039841
0 0 -0.041357
0 0 -0.042278
0 0 -0.043327
0 0 -0.044522
0 0 -0.045856
0 0 -0.047315
0 0 -0.048175
0 0 -0.049158
0 0 -0.050295
0 0 -0.051554
0 0 -0.052210
0 0 -0.052986
0 0 -0.053893
0 0 -0.054936
0 0 -0.056095
0 0 -0.056647
0 0 -0.057315
0 0 -0.058121
0 0 -0.059095
0 0 -0.059463
0 0 -0.059846
0 0 -0.060346
0 0 -0.060979
0 0 -0.061722
0 0 -0.061851
0 0 -0.062088
0 0 -0.062449
0 0 -0.062926
0 0 -0.063508
0 0 -0.063471
0 0 -0.063541
0 0 -0.063735
0 0 -0.064031
0 0 -0.063706
0 0 -0.063481
0 0 -0.063367
0 0 -0.063362
0 0 -0.063456
0 0 -0.062922
0 0 -0.062484
0 0 -0.062162
0 0 -0.061935
0 0 -0.061078
0 0 -0.060313
0 0 -0.059648
0 0 -0.059084
0 0 -0.058611
0 0 -0.057504
0 0 -0.056483
0 0 -0.055565
0 0 -0.054735
0 0 -0.053270
0 0 -0.051792
0 0 -0.050399
0 0 -0.049199
0 0 -0.048178
0 0 -0.046613
0 0 -0.045225
0 0 -0.044023
0 0 -0.043002
0 0 -0.042157
0 0 -0.040763
0 0 -0.038769
0 0 -0.036863
0 0 -0.035032
0 0 -0.032552
0 0 -0.030145
0 0 -0.027817
0 0 -0.025566
0 0 -0.023384
0 0 -0.020549
0 0 -0.017782
0 0 -0.015094
0 0 -0.012473
0 0 -0.009195
0 0 -0.005982
0 0 -0.002836
0 0 0.000240
0 0 0.003254
0 0 0.006930
0 0 0.010545
0 0 0.014094
0 0 0.017584
0 0 0.021737
0 0 0.025930
0 0 0.030068
0 0 0.034144
0 0 0.038166
0 0 0.042857
0 0 0.047497
0 0 0.052082
0 0 0.056614
0 0 0.061097
0 0 0.066254
0 0 0.071363
0 0 0.076422
0 0 0.078260
0 0 0.077451
0 0 0.073272
0 0 0.065628
0 0 0.000000
0 0 0.000000
0 0 0.000000
R0 35735.132812

HEART_RATE: 0 bpm
Correlation: 0.000000
Temperature: 0.000000
SpO2: skipped (weak correlation)

--- DEBUG SIGNAL DATA ---
-106 0 1.000000
-103 0 0.888336
-100 0 0.774499
-98 0 0.660522
-95 0 0.548644
-93 0 0.440704
-90 0 0.338957
-87 0 0.245239
-85 0 0.161589
-82 0 0.090264
-80 0 0.033104
-77 0 -0.007863
-74 0 -0.030575
-72 0 -0.033011
-69 0 -0.035306
-66 0 -0.037656
-64 0 -0.040061
-61 0 -0.042318
-59 0 -0.044624
-56 0 -0.046780
-53 0 -0.048985
-51 0 -0.051237
-48 0 -0.053334
-45 0 -0.055473
-43 0 -0.057658
-40 0 -0.059680
-38 0 -0.061741
-35 0 -0.063640
-32 0 -0.065574
-30 0 -0.067545
-27 0 -0.069347
-25 0 -0.071181
-22 0 -0.072843
-19 0 -0.074536
-17 0 -0.076256
-14 0 -0.077802
-11 0 -0.079371
-9 0 -0.080965
-6 0 -0.082378
-4 0 -0.083810
-1 0 -0.085060
1 0 -0.086327
3 0 -0.087634
6 0 -0.088754
8 0 -0.089886
11 0 -0.090828
14 0 -0.091782
16 0 -0.092744
19 0 -0.093512
22 0 -0.094286
24 0 -0.095066
27 0 -0.095645
29 0 -0.096225
32 0 -0.096604
35 0 -0.096981
37 0 -0.097355
40 0 -0.097523
42 0 -0.097684
45 0 -0.097635
48 0 -0.097557
50 0 -0.097468
53 0 -0.097166
56 0 -0.096850
58 0 -0.096520
61 0 -0.095970
63 0 -0.095402
66 0 -0.094612
69 0 -0.093802
71 0 -0.092970
74 0 -0.091911
77 0 -0.090827
79 0 -0.089717
82 0 -0.088375
84 0 -0.087003
87 0 -0.085397
90 0 -0.083759
92 0 -0.082108
95 0 -0.080240
97 0 -0.078355
100 0 -0.076250
103 0 -0.074128
105 0 -0.071984
108 0 -0.069617
111 0 -0.067226
113 0 -0.064811
116 0 -0.062166
118 0 -0.059493
121 0 -0.056588
124 0 -0.053425
126 0 -0.050208
129 0 -0.046734
131 0 -0.043204
134 0 -0.039412
137 0 -0.035563
139 0 -0.031653
142 0 -0.027478
145 0 -0.023240
147 0 -0.018937
150 0 -0.014364
152 0 -0.009723
155 0 -0.004809
158 0 0.000175
160 0 0.005231
163 0 0.010565
165 0 0.015974
168 0 0.021664
171 0 0.027453
173 0 0.033321
176 0 0.039474
179 0 0.045710
181 0 0.052029
184 0 0.058639
186 0 0.065335
189 0 0.072325
192 0 0.079403
194 0 0.086574
99 0 0.094042
4 0 0.099290
-91 0 0.102255
-186 0 0.103105
-282 0 0.101568
-377 0 0.097787
-472 0 0.091516
-568 0 0.082693
-663 0 0.071458
-759 0 0.000000
-854 0 0.000000
-949 0 0.000000

HEART_RATE: 0 bpm
Correlation: 0.000000
Temperature: 0.000000
SpO2: skipped (weak correlation)

--- DEBUG SIGNAL DATA ---
0 0 1.000000
0 0 0.888336
0 0 0.774499
0 0 0.660522
0 0 0.548644
0 0 0.440704
0 0 0.338957
0 0 0.245239
0 0 0.161589
0 0 0.090264
0 0 0.033104
0 0 -0.007863
0 0 -0.030575
0 0 -0.033011
0 0 -0.035306
0 0 -0.037656
0 0 -0.040061
0 0 -0.042318
0 0 -0.044624
0 0 -0.046780
0 0 -0.048985
0 0 -0.051237
0 0 -0.053334
0 0 -0.055473
0 0 -0.057658
0 0 -0.059680
0 0 -0.061741
0 0 -0.063640
0 0 -0.065574
0 0 -0.067545
0 0 -0.069347
0 0 -0.071181
0 0 -0.072843
0 0 -0.074536
0 0 -0.076256
0 0 -0.077802
0 0 -0.079371
0 0 -0.080965
0 0 -0.082378
0 0 -0.083810
0 0 -0.085060
0 0 -0.086327
0 0 -0.087634
0 0 -0.088754
0 0 -0.089886
0 0 -0.090828
0 0 -0.091782
0 0 -0.092744
0 0 -0.093512
0 0 -0.094286
0 0 -0.095066
0 0 -0.095645
0 0 -0.096225
0 0 -0.096604
0 0 -0.096981
0 0 -0.097355
0 0 -0.097523
0 0 -0.097684
0 0 -0.097635
0 0 -0.097557
0 0 -0.097468
0 0 -0.097166
0 0 -0.096850
0 0 -0.096520
0 0 -0.095970
0 0 -0.095402
0 0 -0.094612
0 0 -0.093802
0 0 -0.092970
0 0 -0.091911
0 0 -0.090827
0 0 -0.089717
0 0 -0.088375
0 0 -0.087003
0 0 -0.085397
0 0 -0.083759
0 0 -0.082108
0 0 -0.080240
0 0 -0.078355
0 0 -0.076250
0 0 -0.074128
0 0 -0.071984
0 0 -0.069617
0 0 -0.067226
0 0 -0.064811
0 0 -0.062166
0 0 -0.059493
0 0 -0.056588
0 0 -0.053425
0 0 -0.050208
0 0 -0.046734
0 0 -0.043204
0 0 -0.039412
0 0 -0.035563
0 0 -0.031653
0 0 -0.027478
0 0 -0.023240
0 0 -0.018937
0 0 -0.014364
0 0 -0.009723
0 0 -0.004809
0 0 0.000175
0 0 0.005231
0 0 0.010565
0 0 0.015974
0 0 0.021664
0 0 0.027453
0 0 0.033321
0 0 0.039474
0 0 0.045710
0 0 0.052029
0 0 0.058639
0 0 0.065335
0 0 0.072325
0 0 0.079403
0 0 0.086574
0 0 0.094042
0 0 0.099290
0 0 0.102255
0 0 0.103105
0 0 0.101568
0 0 0.097787
0 0 0.091516
0 0 0.082693
0 0 0.071458
0 0 0.000000
0 0 0.000000
0 0 0.000000

HEART_RATE: 0 bpm
Correlation: 0.000000
Temperature: 0.000000
SpO2: skipped (weak correlation)

--- DEBUG SIGNAL DATA ---
0 0 1.000000
0 0 0.888336
0 0 0.774499
0 0 0.660522
0 0 0.548644
0 0 0.440704
0 0 0.338957
0 0 0.245239
0 0 0.161589
0 0 0.090264
0 0 0.033104
0 0 -0.007863
0 0 -0.030575
0 0 -0.033011
0 0 -0.035306
0 0 -0.037656
0 0 -0.040061
0 0 -0.042318
0 0 -0.044624
0 0 -0.046780
0 0 -0.048985
0 0 -0.051237
0 0 -0.053334
0 0 -0.055473
0 0 -0.057658
0 0 -0.059680
0 0 -0.061741
0 0 -0.063640
0 0 -0.065574
0 0 -0.067545
0 0 -0.069347
0 0 -0.071181
0 0 -0.072843
0 0 -0.074536
0 0 -0.076256
0 0 -0.077802
0 0 -0.079371
0 0 -0.080965
0 0 -0.082378
0 0 -0.083810
0 0 -0.085060
0 0 -0.086327
0 0 -0.087634
0 0 -0.088754
0 0 -0.089886
0 0 -0.090828
0 0 -0.091782
0 0 -0.092744
0 0 -0.093512
0 0 -0.094286
0 0 -0.095066
0 0 -0.095645
0 0 -0.096225
0 0 -0.096604
0 0 -0.096981
0 0 -0.097355
0 0 -0.097523
0 0 -0.097684
0 0 -0.097635
0 0 -0.097557
0 0 -0.097468
0 0 -0.097166
0 0 -0.096850
0 0 -0.096520
0 0 -0.095970
0 0 -0.095402
0 0 -0.094612
0 0 -0.093802
0 0 -0.092970
0 0 -0.091911
0 0 -0.090827
0 0 -0.089717
0 0 -0.088375
0 0 -0.087003
0 0 -0.085397
0 0 -0.083759
0 0 -0.082108
0 0 -0.080240
0 0 -0.078355
0 0 -0.076250
0 0 -0.074128
0 0 -0.071984
0 0 -0.069617
0 0 -0.067226
0 0 -0.064811
0 0 -0.062166
0 0 -0.059493
0 0 -0.056588
0 0 -0.053425
0 0 -0.050208
0 0 -0.046734
0 0 -0.043204
0 0 -0.039412
0 0 -0.035563
0 0 -0.031653
0 0 -0.027478
0 0 -0.023240
0 0 -0.018937
0 0 -0.014364
0 0 -0.009723
0 0 -0.004809
0 0 0.000175
0 0 0.005231
0 0 0.010565
0 0 0.015974
0 0 0.021664
0 0 0.027453
0 0 0.033321
0 0 0.039474
0 0 0.045710
0 0 0.052029
0 0 0.058639
0 0 0.065335
0 0 0.072325
0 0 0.079403
0 0 0.086574
0 0 0.094042
0 0 0.099290
0 0 0.102255
0 0 0.103105
0 0 0.101568
0 0 0.097787
0 0 0.091516
0 0 0.082693
0 0 0.071458
0 0 0.000000
0 0 0.000000
0 0 0.000000
R0 655389.226562

HEART_RATE: 136 bpm
Correlation: 0.000000
Temperature: 0.000000
SpO2: skipped (weak correlation)

--- DEBUG SIGNAL DATA ---
1080 0 1.000000
1049 0 0.972862
1018 0 0.944254
987 0 0.914261
956 0 0.882969
925 0 0.850464
894 0 0.816832
863 0 0.782158
833 0 0.746529
802 0 0.710038
771 0 0.672764
740 0 0.634792
709 0 0.596208
678 0 0.557099
647 0 0.517549
616 0 0.477644
585 0 0.437472
554 0 0.397116
524 0 0.356664
493 0 0.316209
462 0 0.275830
431 0 0.235612
400 0 0.195639
369 0 0.155998
338 0 0.116775
307 0 0.078055
276 0 0.039924
245 0 0.002468
215 0 -0.034227
184 0 -0.070088
153 0 -0.105018
122 0 -0.138929
91 0 -0.171737
60 0 -0.203355
29 0 -0.233698
-1 0 -0.262679
-32 0 -0.290226
-63 0 -0.316241
-93 0 -0.340637
-124 0 -0.363320
-155 0 -0.384213
-186 0 -0.403229
-217 0 -0.420282
-248 0 -0.435287
-279 0 -0.448158
-310 0 -0.458809
-341 0 -0.467156
-372 0 -0.473112
-403 0 -0.476593
-433 0 -0.477511
-464 0 -0.477865
-495 0 -0.477651
-526 0 -0.476858
-557 0 -0.475475
-588 0 -0.473491
-619 0 -0.470895
-650 0 -0.467675
-681 0 -0.463819
-712 0 -0.459317
-742 0 -0.454156
-773 0 -0.448318
-804 0 -0.441797
-835 0 -0.434583
-866 0 -0.426667
-897 0 -0.418035
-928 0 -0.408677
-959 0 -0.398581
-990 0 -0.387736
-1021 0 -0.376131
-1051 0 -0.363753
-1082 0 -0.350583
-1113 0 -0.336618
-1144 0 -0.321846
-1175 0 -0.306256
-1206 0 -0.289838
-1237 0 -0.272580
-1268 0 -0.254471
-1299 0 -0.235498
-1330 0 -0.215651
-1360 0 -0.194918
-1295 0 -0.173279
-1230 0 -0.152003
-1165 0 -0.131112
-1100 0 -0.110632
-1035 0 -0.090585
-970 0 -0.070998
-905 0 -0.051892
-840 0 -0.033292
-775 0 -0.015223
-710 0 0.002292
-644 0 0.019228
-579 0 0.035571
-514 0 0.051288
-449 0 0.066355
-384 0 0.080769
-319 0 0.094487
-254 0 0.107483
-189 0 0.119734
-124 0 0.131215
-59 0 0.141903
6 0 0.151774
71 0 0.160826
136 0 0.169012
201 0 0.176310
266 0 0.182696
331 0 0.188145
396 0 0.192633
461 0 0.196136
526 0 0.198631
591 0 0.200093
657 0 0.200498
722 0 0.199831
787 0 0.198060
852 0 0.195160
917 0 0.191108
982 0 0.185879
1047 0 0.179450
1112 0 0.171796
1177 0 0.162894
1242 0 0.152719
1308 0 0.141248
1373 0 0.128465
1438 0 0.114337
1503 0 0.098842
1568 0 0.081954
1633 0 0.000000
1698 0 0.000000
1763 0 0.000000

HEART_RATE: 0 bpm
Correlation: 0.000000
Temperature: 0.000000
SpO2: skipped (weak correlation)

--- DEBUG SIGNAL DATA ---
0 0 1.000000
0 0 0.972862
0 0 0.944254
0 0 0.914261
0 0 0.882969
0 0 0.850464
0 0 0.816832
0 0 0.782158
0 0 0.746529
0 0 0.710038
0 0 0.672764
0 0 0.634792
0 0 0.596208
0 0 0.557099
0 0 0.517549
0 0 0.477644
0 0 0.437472
0 0 0.397116
0 0 0.356664
0 0 0.316209
0 0 0.275830
0 0 0.235612
0 0 0.195639
0 0 0.155998
0 0 0.116775
0 0 0.078055
0 0 0.039924
0 0 0.002468
0 0 -0.034227
0 0 -0.070088
0 0 -0.105018
0 0 -0.138929
0 0 -0.171737
0 0 -0.203355
0 0 -0.233698
0 0 -0.262679
0 0 -0.290226
0 0 -0.316241
0 0 -0.340637
0 0 -0.363320
0 0 -0.384213
0 0 -0.403229
0 0 -0.420282
0 0 -0.435287
0 0 -0.448158
0 0 -0.458809
0 0 -0.467156
0 0 -0.473112
0 0 -0.476593
0 0 -0.477511
0 0 -0.477865
0 0 -0.477651
0 0 -0.476858
0 0 -0.475475
0 0 -0.473491
0 0 -0.470895
0 0 -0.467675
0 0 -0.463819
0 0 -0.459317
0 0 -0.454156
0 0 -0.448318
0 0 -0.441797
0 0 -0.434583
0 0 -0.426667
0 0 -0.418035
0 0 -0.408677
0 0 -0.398581
0 0 -0.387736
0 0 -0.376131
0 0 -0.363753
0 0 -0.350583
0 0 -0.336618
0 0 -0.321846
0 0 -0.306256
0 0 -0.289838
0 0 -0.272580
0 0 -0.254471
0 0 -0.235498
0 0 -0.215651
0 0 -0.194918
0 0 -0.173279
0 0 -0.152003
0 0 -0.131112
0 0 -0.110632
0 0 -0.090585
0 0 -0.070998
0 0 -0.051892
0 0 -0.033292
0 0 -0.015223
0 0 0.002292
0 0 0.019228
0 0 0.035571
0 0 0.051288
0 0 0.066355
0 0 0.080769
0 0 0.094487
0 0 0.107483
0 0 0.119734
0 0 0.131215
0 0 0.141903
0 0 0.151774
0 0 0.160826
0 0 0.169012
0 0 0.176310
0 0 0.182696
0 0 0.188145
0 0 0.192633
0 0 0.196136
0 0 0.198631
0 0 0.200093
0 0 0.200498
0 0 0.199831
0 0 0.198060
0 0 0.195160
0 0 0.191108
0 0 0.185879
0 0 0.179450
0 0 0.171796
0 0 0.162894
0 0 0.152719
0 0 0.141248
0 0 0.128465
0 0 0.114337
0 0 0.098842
0 0 0.081954
0 0 0.000000
0 0 0.000000
0 0 0.000000

HEART_RATE: 0 bpm
Correlation: 0.000000
Temperature: 0.000000
SpO2: skipped (weak correlation)

--- DEBUG SIGNAL DATA ---
0 0 1.000000
0 0 0.972862
0 0 0.944254
0 0 0.914261
0 0 0.882969
0 0 0.850464
0 0 0.816832
0 0 0.782158
0 0 0.746529
0 0 0.710038
0 0 0.672764
0 0 0.634792
0 0 0.596208
0 0 0.557099
0 0 0.517549
0 0 0.477644
0 0 0.437472
0 0 0.397116
0 0 0.356664
0 0 0.316209
0 0 0.275830
0 0 0.235612
0 0 0.195639
0 0 0.155998
0 0 0.116775
0 0 0.078055
0 0 0.039924
0 0 0.002468
0 0 -0.034227
0 0 -0.070088
0 0 -0.105018
0 0 -0.138929
0 0 -0.171737
0 0 -0.203355
0 0 -0.233698
0 0 -0.262679
0 0 -0.290226
0 0 -0.316241
0 0 -0.340637
0 0 -0.363320
0 0 -0.384213
0 0 -0.403229
0 0 -0.420282
0 0 -0.435287
0 0 -0.448158
0 0 -0.458809
0 0 -0.467156
0 0 -0.473112
0 0 -0.476593
0 0 -0.477511
0 0 -0.477865
0 0 -0.477651
0 0 -0.476858
0 0 -0.475475
0 0 -0.473491
0 0 -0.470895
0 0 -0.467675
0 0 -0.463819
0 0 -0.459317
0 0 -0.454156
0 0 -0.448318
0 0 -0.441797
0 0 -0.434583
0 0 -0.426667
0 0 -0.418035
0 0 -0.408677
0 0 -0.398581
0 0 -0.387736
0 0 -0.376131
0 0 -0.363753
0 0 -0.350583
0 0 -0.336618
0 0 -0.321846
0 0 -0.306256
0 0 -0.289838
0 0 -0.272580
0 0 -0.254471
0 0 -0.235498
0 0 -0.215651
0 0 -0.194918
0 0 -0.173279
0 0 -0.152003
0 0 -0.131112
0 0 -0.110632
0 0 -0.090585
0 0 -0.070998
0 0 -0.051892
0 0 -0.033292
0 0 -0.015223
0 0 0.002292
0 0 0.019228
0 0 0.035571
0 0 0.051288
0 0 0.066355
0 0 0.080769
0 0 0.094487
0 0 0.107483
0 0 0.119734
0 0 0.131215
0 0 0.141903
0 0 0.151774
0 0 0.160826
0 0 0.169012
0 0 0.176310
0 0 0.182696
0 0 0.188145
0 0 0.192633
0 0 0.196136
0 0 0.198631
0 0 0.200093
0 0 0.200498
0 0 0.199831
0 0 0.198060
0 0 0.195160
0 0 0.191108
0 0 0.185879
0 0 0.179450
0 0 0.171796
0 0 0.162894
0 0 0.152719
0 0 0.141248
0 0 0.128465
0 0 0.114337
0 0 0.098842
0 0 0.081954
0 0 0.000000
0 0 0.000000
0 0 0.000000
