 revision: v3.1
[0;32mI (36) boot.esp3ï¿½ets Jul 29 2019 12:21:46[0m

rst:0x1 (POWERON_RESET),boot:0x13 (SPI_FAST_FLASH_BOOT)
configsip: 0, SPIWP:0xee
clk_drv:0x00,q_drv:0x00,d_drv:0x00,cs0_drv:0x00,hd_drv:0x00,wp_drv:0x00
mode:DIO, clock div:2
load:0x3fff0030,len:6596
load:0x40078000,len:18036
load:0x40080400,len:4
ho 8 tail 4 room 4
load:0x40080404,len:4284
entry 0x400806e8
[0;32mI (31) boot: ESP-IDF v5.4-dirty 2nd stage bootloader[0m
[0;32mI (31) boot: compile time Sep 30 2025 22:23:40[0m
[0;32mI (31) boot: Multicore bootloader[0m
[0;32mI (33) boot: chip revision: v3.1[0m
[0;32mI (36) boot.esp32: SPI Speed      : 40MHz[0m
[0;32mI (39) boot.esp32: SPI Mode       : DIO[0m
[0;32mI (43) boot.esp32: SPI Flash Size : 4MB[0m
[0;32mI (47) boot: Enabling RNG early entropy source...[0m
[0;32mI (51) boot: Partition Table:[0m
[0;32mI (54) boot: ## Label            Usage          Type ST Offset   Length[0m
[0;32mI (60) boot:  0 nvs              WiFi data        01 02 00011000 00006000[0m
[0;32mI (66) boot:  1 phy_init         RF data          01 01 00017000 00001000[0m
[0;32mI (73) boot:  2 factory          factory app      00 00 00020000 00177000[0m
[0;32mI (80) boot: End of partition table[0m
[0;32mI (83) esp_image: segment 0: paddr=00020020 vaddr=3f400020 size=0b4e0h ( 46304) map[0m
[0;32mI (107) esp_image: segment 1: paddr=0002b508 vaddr=3ff80000 size=0001ch (    28) load[0m
[0;32mI (107) esp_image: segment 2: paddr=0002b52c vaddr=3ffb0000 size=02414h (  9236) load[0m
[0;32mI (114) esp_image: segment 3: paddr=0002d948 vaddr=40080000 size=026d0h (  9936) load[0m
[0;32mI (122) esp_image: segment 4: paddr=00030020 vaddr=400d0020 size=179c8h ( 96712) map[0m
[0;32mI (159) esp_image: segment 5: paddr=000479f0 vaddr=400826d0 size=0ba5ch ( 47708) load[0m
[0;32mI (187) boot: Loaded app from partition at offset 0x20000[0m
[0;32mI (187) boot: Disabling RNG early entropy source...[0m
[0;32mI (198) cpu_start: Multicore app[0m
[0;32mI (206) cpu_start: Pro cpu start user code[0m
[0;32mI (206) cpu_start: cpu freq: 240000000 Hz[0m
[0;32mI (206) app_init: Application information:[0m
[0;32mI (209) app_init: Project name:     oximetro-hr[0m
[0;32mI (214) app_init: App version:      1[0m
[0;32mI (219) app_init: Compile time:     Sep 30 2025 22:21:56[0m
[0;32mI (225) app_init: ELF file SHA256:  1803df317...[0m
[0;32mI (230) app_init: ESP-IDF:          v5.4-dirty[0m
[0;32mI (235) efuse_init: Min chip rev:     v0.0[0m
[0;32mI (240) efuse_init: Max chip rev:     v3.99 [0m
[0;32mI (245) efuse_init: Chip rev:         v3.1[0m
[0;32mI (250) heap_init: Initializing. RAM available for dynamic allocation:[0m
[0;32mI (257) heap_init: At 3FFAE6E0 len 00001920 (6 KiB): DRAM[0m
[0;32mI (263) heap_init: At 3FFB3EA8 len 0002C158 (176 KiB): DRAM[0m
[0;32mI (269) heap_init: At 3FFE0440 len 00003AE0 (14 KiB): D/IRAM[0m
[0;32mI (276) heap_init: At 3FFE4350 len 0001BCB0 (111 KiB): D/IRAM[0m
[0;32mI (282) heap_init: At 4008E12C len 00011ED4 (71 KiB): IRAM[0m
[0;32mI (290) spi_flash: detected chip: generic[0m
[0;32mI (293) spi_flash: flash io: dio[0m
[0;33mW (297) i2c: This driver is an old driver, please migrate your application code to adapt `driver/i2c_master.h`[0m
[0;32mI (308) main_task: Started on CPU0[0m
[0;32mI (318) main_task: Calling app_main()[0m
[0;32mI (318) main_task: Returned from app_main()[0m
R0 0.000000

HEART_RATE: 0 bpm
Correlation: 0.000000
Temperature: 0.000000
SpO2: skipped (weak correlation)

--- DEBUG SIGNAL DATA ---
0 0 0.000000
0 0 0.000000
0 0 0.000000
0 0 0.000000
0 0 0.000000
0 0 0.000000
0 0 0.000000
0 0 0.000000
0 0 0.000000
0 0 0.000000
0 0 0.000000
0 0 0.000000
0 0 0.000000
0 0 0.000000
0 0 0.000000
0 0 0.000000
0 0 0.000000
0 0 0.000000
0 0 0.000000
0 0 0.000000
0 0 0.000000
0 0 0.000000
0 0 0.000000
0 0 0.000000
0 0 0.000000
0 0 0.000000
0 0 0.000000
0 0 0.000000
0 0 0.000000
0 0 0.000000
0 0 0.000000
0 0 0.000000
0 0 0.000000
0 0 0.000000
0 0 0.000000
0 0 0.000000
0 0 0.000000
0 0 0.000000
0 0 0.000000
0 0 0.000000
0 0 0.000000
0 0 0.000000
0 0 0.000000
0 0 0.000000
0 0 0.000000
0 0 0.000000
0 0 0.000000
0 0 0.000000
0 0 0.000000
0 0 0.000000
0 0 0.000000
0 0 0.000000
0 0 0.000000
0 0 0.000000
0 0 0.000000
0 0 0.000000
0 0 0.000000
0 0 0.000000
0 0 0.000000
0 0 0.000000
0 0 0.000000
0 0 0.000000
0 0 0.000000
0 0 0.000000
0 0 0.000000
0 0 0.000000
0 0 0.000000
0 0 0.000000
0 0 0.000000
0 0 0.000000
0 0 0.000000
0 0 0.000000
0 0 0.000000
0 0 0.000000
0 0 0.000000
0 0 0.000000
0 0 0.000000
0 0 0.000000
0 0 0.000000
0 0 0.000000
0 0 0.000000
0 0 0.000000
0 0 0.000000
0 0 0.000000
0 0 0.000000
0 0 0.000000
0 0 0.000000
0 0 0.000000
0 0 0.000000
0 0 0.000000
0 0 0.000000
0 0 0.000000
0 0 0.000000
0 0 0.000000
0 0 0.000000
0 0 0.000000
0 0 0.000000
0 0 0.000000
0 0 0.000000
0 0 0.000000
0 0 0.000000
0 0 0.000000
0 0 0.000000
0 0 0.000000
0 0 0.000000
0 0 0.000000
0 0 0.000000
0 0 0.000000
0 0 0.000000
0 0 0.000000
0 0 0.000000
0 0 0.000000
0 0 0.000000
0 0 0.000000
0 0 0.000000
0 0 0.000000
0 0 0.000000
0 0 0.000000
0 0 0.000000
0 0 0.000000
0 0 0.000000
0 0 0.000000
0 0 0.000000
0 0 0.000000
0 0 0.000000
0 0 0.000000
0 0 0.000000
0 0 0.000000
R0 483855612555.859375

HEART_RATE: 150 bpm
Correlation: 1.000000
Temperature: 0.000000
red_rms 4673446.201663
ir_rms 695597.306317
Z 0.000000
SpO2: 0.000001%

--- DEBUG SIGNAL DATA ---
-808114 -5429399 0.000000
-783744 -5265671 0.000000
-759375 -5101943 0.000000
-735006 -4938216 0.000000
-710636 -4774488 0.000000
-686267 -4610760 0.000000
-661898 -4447032 0.000000
-637528 -4283304 0.000000
-613159 -4119576 0.000000
-588790 -3955848 0.000000
-564420 -3792120 0.492613
-540051 -3628392 0.447633
-515682 -3464664 0.403739
-491312 -3300936 0.360939
-466943 -3137208 0.319244
-442574 -2973480 0.278663
-418204 -2809753 0.239206
-393835 -2646025 0.200882
-369466 -2482297 0.163702
-345096 -2318569 0.127673
-320727 -2154841 0.092807
-296358 -1991113 0.059112
-271988 -1827385 0.026599
-247619 -1663657 -0.004724
-223250 -1499929 -0.034846
-198880 -1336201 -0.063757
-174511 -1172473 -0.091450
-150142 -1008745 -0.117913
-125772 -845017 -0.143137
-101403 -681290 -0.167113
-77034 -517562 -0.189831
-52664 -353834 -0.211281
-28295 -190106 -0.231454
-3926 -26378 -0.250341
20443 137349 -0.267931
44812 301077 -0.284215
69181 464805 -0.299184
93551 628533 -0.312827
117920 792261 -0.325136
142289 955989 -0.328893
166659 1119717 -0.332276
191028 1283444 -0.335276
215397 1447172 -0.337882
239767 1610900 -0.340086
264136 1774628 -0.341877
288505 1938356 -0.343247
312875 2102084 -0.344185
337244 2265812 -0.344682
361613 2429540 -0.344728
385983 2593268 -0.344314
410352 2756996 -0.343430
434721 2920724 -0.342067
459091 3084452 -0.340214
483460 3248180 -0.337863
507829 3411907 -0.335004
532199 3575635 -0.331627
556568 3739363 -0.327723
580937 3903091 -0.323281
605307 4066819 -0.318294
629676 4230547 -0.312750
654045 4394275 -0.306640
678415 4558003 -0.299955
702784 4721731 -0.292685
727153 4885459 -0.284820
751523 5049187 -0.276352
775892 5212915 -0.267270
800261 5376642 -0.257564
824631 5540370 -0.247226
849000 5704098 -0.236245
873369 5867826 -0.224612
897739 6031554 -0.212318
922108 6195282 -0.199352
946477 6359010 -0.185706
970847 6522738 -0.171369
995216 6686466 -0.156332
1019585 6850194 -0.140585
1043955 7013922 -0.124120
1068324 7177650 -0.106926
1092693 7341378 -0.088993
1117063 7505105 -0.070312
1141432 7668833 -0.050874
1165801 7832561 -0.030669
1190170 7996289 -0.009687
1214540 8160017 0.012081
1238909 8323745 0.034645
1263278 8487473 0.058014
1287648 8651201 0.082199
1312017 8814929 0.107208
1336386 8978657 0.133051
1360756 9142385 0.159738
-1105277 -7425922 0.187279
-1080908 -7262194 0.182208
-1056538 -7098467 0.177029
-1032169 -6934739 0.171752
-1007800 -6771011 0.166388
-983430 -6607283 0.160945
-959061 -6443555 0.155433
-934692 -6279827 0.149861
-910322 -6116099 0.144240
-885953 -5952371 0.138578
-861584 -5788643 0.132886
-837214 -5624915 0.127173
-812845 -5461187 0.121448
-788476 -5297459 0.115721
-764106 -5133732 0.110003
-739737 -4970004 0.104301
-715368 -4806276 0.098627
-690998 -4642548 0.092988
-666629 -4478820 0.087396
-642260 -4315092 0.081860
-617890 -4151364 0.076389
-593521 -3987636 0.070993
-569152 -3823908 0.065681
-544782 -3660180 0.060463
-520413 -3496452 0.055349
-496044 -3332724 0.050348
-471674 -3168996 0.045470
-447305 -3005269 0.040724
-422936 -2841541 0.036120
-398566 -2677813 0.031668
-374197 -2514085 0.027377
-349828 -2350357 0.023257
-325458 -2186629 0.019317
-301089 -2022901 0.015566
-276720 -1859173 0.012016
-252350 -1695445 0.000000
-227981 -1531717 0.000000
-203612 -1367989 0.000000
R0 71399.906250

HEART_RATE: 150 bpm
Correlation: 0.000000
Temperature: 0.000000
SpO2: skipped (weak correlation)

--- DEBUG SIGNAL DATA ---
-667 0 0.000000
-640 0 0.000000
-612 0 0.000000
-585 0 0.000000
-557 0 0.000000
-530 0 0.000000
-502 0 0.000000
-475 0 0.000000
-447 0 0.000000
-420 0 0.000000
-392 0 0.626814
-365 0 0.584709
-338 0 0.542135
-310 0 0.499247
-283 0 0.456195
-255 0 0.413062
-228 0 0.369994
-200 0 0.327072
-173 0 0.284445
-145 0 0.242196
-118 0 0.200509
-90 0 0.159398
-63 0 0.119087
-35 0 0.079583
-8 0 0.041112
19 0 0.003681
46 0 -0.032561
73 0 -0.067534
101 0 -0.101088
128 0 -0.133068
156 0 -0.163395
183 0 -0.191921
211 0 -0.218561
238 0 -0.243168
266 0 -0.265657
293 0 -0.285880
321 0 -0.303752
348 0 -0.319087
376 0 -0.331908
403 0 -0.341959
431 0 -0.349231
422 0 -0.353500
414 0 -0.357496
405 0 -0.361099
396 0 -0.364414
388 0 -0.367396
379 0 -0.370002
371 0 -0.372258
362 0 -0.374123
354 0 -0.375622
345 0 -0.376714
337 0 -0.377425
328 0 -0.377716
320 0 -0.377615
311 0 -0.377039
303 0 -0.376089
294 0 -0.374648
286 0 -0.372818
277 0 -0.370481
269 0 -0.367738
260 0 -0.364473
251 0 -0.360787
243 0 -0.356637
234 0 -0.351980
226 0 -0.346842
217 0 -0.341180
209 0 -0.335022
200 0 -0.328325
192 0 -0.321116
183 0 -0.313316
175 0 -0.305023
166 0 -0.296120
158 0 -0.286707
149 0 -0.276668
141 0 -0.266105
132 0 -0.254899
123 0 -0.243153
115 0 -0.230824
106 0 -0.217867
98 0 -0.204310
89 0 -0.190110
81 0 -0.175295
72 0 -0.159820
64 0 -0.143715
55 0 -0.126934
47 0 -0.109506
38 0 -0.091348
30 0 -0.072562
21 0 -0.053030
13 0 -0.034110
4 0 -0.015720
-3 0 0.002005
-12 0 0.019227
-21 0 0.035735
-29 0 0.051539
-38 0 0.066652
-46 0 0.081010
-55 0 0.094625
-63 0 0.107434
-72 0 0.119450
-80 0 0.130607
-89 0 0.140921
-97 0 0.150325
-106 0 0.158868
-114 0 0.166452
-123 0 0.173126
-131 0 0.178755
-140 0 0.183422
-148 0 0.186994
-157 0 0.189552
-166 0 0.190964
-174 0 0.191235
-183 0 0.190381
-191 0 0.188337
-200 0 0.185116
-208 0 0.180652
-217 0 0.174961
-225 0 0.167977
-234 0 0.159749
-242 0 0.150142
-251 0 0.139241
-259 0 0.126910
-268 0 0.113232
-276 0 0.098074
-285 0 0.081519
-294 0 0.000000
-302 0 0.000000
-311 0 0.000000
